
Allocating common symbols
Common symbol       size              file

listen              0x1               obj/keyboard.o
key                 0x2               obj/keyboard.o
keypress            0x1               obj/keyboard.o

Memory Configuration

Name             Origin             Length             Attributes
*default*        0x0000000000000000 0xffffffffffffffff

Linker script and memory map

                0x0000000000100000                . = 0x100000

.mbh            0x0000000000100000        0xc
 *(.mbh)
 .mbh           0x0000000000100000        0xc obj/boot.o

.rodata         0x0000000000100020     0x145c
 .rodata        0x0000000000100020       0xf5 obj/anicafs.o
 .rodata        0x0000000000100115       0x30 obj/dma.o
 .rodata        0x0000000000100145       0x30 obj/errors.o
 *fill*         0x0000000000100175        0x3 
 .rodata        0x0000000000100178      0x201 obj/exceptions.o
 .rodata        0x0000000000100379       0x4c obj/ext2.o
 *fill*         0x00000000001003c5        0x1 
 .rodata        0x00000000001003c6       0x70 obj/ff.o
 .rodata        0x0000000000100436       0x6e obj/filesystem.o
 .rodata        0x00000000001004a4      0x11e obj/floppy.o
 .rodata        0x00000000001005c2       0x18 obj/keyboard.o
 *fill*         0x00000000001005da        0x2 
 .rodata        0x00000000001005dc      0x4fa obj/lex-fs.o
 *fill*         0x0000000000100ad6        0x2 
 .rodata        0x0000000000100ad8      0x324 obj/lex-list.o
 .rodata        0x0000000000100dfc       0xef obj/lex-term.o
 *fill*         0x0000000000100eeb        0x1 
 .rodata        0x0000000000100eec      0x24d obj/lex.o
 *fill*         0x0000000000101139        0x3 
 .rodata        0x000000000010113c       0x5e obj/main.o
 *fill*         0x000000000010119a        0x2 
 .rodata        0x000000000010119c       0x1e obj/mman.o
 .rodata        0x00000000001011ba        0xa obj/stack.o
 .rodata        0x00000000001011c4      0x175 obj/stdio.o
 *fill*         0x0000000000101339        0x7 
 .rodata        0x0000000000101340       0x4c obj/string.o
 .rodata        0x000000000010138c        0x4 obj/time.o
                0x000000000010138c                bios_ticks
 .rodata        0x0000000000101390       0xe5 obj/util.o
 *fill*         0x0000000000101475        0x3 
 .rodata        0x0000000000101478        0x4 obj/vga.o

.eh_frame       0x000000000010147c     0x208c
 .eh_frame      0x000000000010147c      0x290 obj/anicafs.o
 .eh_frame      0x000000000010170c      0x2a0 obj/diskio.o
                                        0x2b8 (size before relaxing)
 .eh_frame      0x00000000001019ac       0x40 obj/dma.o
                                         0x58 (size before relaxing)
 .eh_frame      0x00000000001019ec       0x40 obj/errors.o
                                         0x58 (size before relaxing)
 .eh_frame      0x0000000000101a2c       0x9c obj/exceptions.o
                                         0xb4 (size before relaxing)
 .eh_frame      0x0000000000101ac8       0x80 obj/ext2.o
                                         0x98 (size before relaxing)
 .eh_frame      0x0000000000101b48      0x5f4 obj/ff.o
                                        0x60c (size before relaxing)
 .eh_frame      0x000000000010213c      0x1c0 obj/filesystem.o
                                        0x1d8 (size before relaxing)
 .eh_frame      0x00000000001022fc      0x2d0 obj/floppy.o
                                        0x2e8 (size before relaxing)
 .eh_frame      0x00000000001025cc       0x80 obj/idt.o
                                         0x98 (size before relaxing)
 .eh_frame      0x000000000010264c       0x40 obj/keyboard.o
                                         0x58 (size before relaxing)
 .eh_frame      0x000000000010268c       0xa0 obj/lex-fs.o
                                         0xb8 (size before relaxing)
 .eh_frame      0x000000000010272c       0xf0 obj/lex-list.o
                                        0x108 (size before relaxing)
 .eh_frame      0x000000000010281c       0xa0 obj/lex-term.o
                                         0xb8 (size before relaxing)
 .eh_frame      0x00000000001028bc       0x9c obj/lex.o
                                         0xb4 (size before relaxing)
 .eh_frame      0x0000000000102958       0x60 obj/main.o
                                         0x78 (size before relaxing)
 .eh_frame      0x00000000001029b8       0x60 obj/math.o
                                         0x78 (size before relaxing)
 .eh_frame      0x0000000000102a18      0x1cc obj/mman.o
                                        0x1e4 (size before relaxing)
 .eh_frame      0x0000000000102be4       0xe8 obj/pic.o
                                        0x100 (size before relaxing)
 .eh_frame      0x0000000000102ccc       0x40 obj/random.o
                                         0x58 (size before relaxing)
 .eh_frame      0x0000000000102d0c      0x120 obj/stack.o
                                        0x138 (size before relaxing)
 .eh_frame      0x0000000000102e2c       0xc8 obj/stdio.o
                                         0xe0 (size before relaxing)
 .eh_frame      0x0000000000102ef4      0x26c obj/string.o
                                        0x284 (size before relaxing)
 .eh_frame      0x0000000000103160       0x60 obj/time.o
                                         0x78 (size before relaxing)
 .eh_frame      0x00000000001031c0       0x80 obj/util.o
                                         0x98 (size before relaxing)
 .eh_frame      0x0000000000103240      0x2c8 obj/vga.o
                                        0x2e0 (size before relaxing)

.text           0x0000000000103510     0xa978
 *(.text)
 .text          0x0000000000103510      0xdc3 obj/anicafs.o
                0x0000000000103510                anica_read_superblock
                0x0000000000103598                anica_write_superblock
                0x0000000000103638                anica_format_device
                0x00000000001036f1                anica_open_file
                0x0000000000103a65                anica_read_file
                0x0000000000103b14                anica_write_file
                0x00000000001040b4                anica_read_itable
                0x0000000000104126                anica_write_itable
 *fill*         0x00000000001042d3        0xd 
 .text          0x00000000001042e0        0xc obj/boot.o
                0x00000000001042e0                start
 .text          0x00000000001042ec      0x3b6 obj/diskio.o
                0x00000000001043c6                disk_status
                0x000000000010442d                disk_initialize
                0x0000000000104494                disk_read
                0x0000000000104558                disk_write
                0x000000000010461c                disk_ioctl
 .text          0x00000000001046a2      0x1c3 obj/dma.o
                0x00000000001046a2                dma_xfer
 .text          0x0000000000104865       0xad obj/errors.o
                0x00000000001048d7                throw
 .text          0x0000000000104912      0x337 obj/exceptions.o
                0x0000000000104912                exceptions_init
                0x0000000000104be4                catch_exception
                0x0000000000104c2e                catch_zero_divide
 .text          0x0000000000104c49      0x455 obj/ext2.o
                0x0000000000104c49                ext2_read_superblock
                0x0000000000104ccd                ext2_read_cache
                0x0000000000104f73                ext2_block_groups
                0x000000000010501d                ext2_read_block
 .text          0x000000000010509e     0x4875 obj/ff.o
                0x000000000010547a                clust2sect
                0x00000000001054af                get_fat
                0x0000000000105694                put_fat
                0x0000000000106fb7                f_mount
                0x000000000010704d                f_open
                0x0000000000107384                f_read
                0x0000000000107705                f_write
                0x0000000000107b0c                f_sync
                0x0000000000107cb1                f_close
                0x0000000000107ced                f_lseek
                0x0000000000108047                f_opendir
                0x000000000010813e                f_closedir
                0x0000000000108166                f_readdir
                0x0000000000108222                f_stat
                0x0000000000108299                f_getfree
                0x000000000010846d                f_truncate
                0x000000000010862a                f_unlink
                0x00000000001087a2                f_mkdir
                0x0000000000108a6f                f_chmod
                0x0000000000108b20                f_rename
                0x0000000000108d23                f_utime
                0x0000000000108de2                f_mkfs
 .text          0x0000000000109913      0x3dc obj/filesystem.o
                0x0000000000109913                dev_to_str
                0x0000000000109922                fs_to_str
                0x0000000000109931                str_to_dev
                0x0000000000109972                str_to_fs
                0x00000000001099b3                read_fs
                0x0000000000109aca                format_device
                0x0000000000109afa                mount
                0x0000000000109b5d                open
                0x0000000000109bce                read
                0x0000000000109bfc                write
                0x0000000000109c2d                close
                0x0000000000109c40                unmount
                0x0000000000109c7f                ext2_read_sector
                0x0000000000109cb7                ext2_write_sector
 .text          0x0000000000109cef      0xe08 obj/floppy.o
                0x0000000000109cef                floppy_clear_cache
                0x0000000000109d72                floppy_sync_cache
                0x0000000000109e1d                floppy_write_block
                0x0000000000109efb                floppy_read_block
                0x0000000000109fc9                floppy_handler
                0x0000000000109fe4                floppy_init
 .text          0x000000000010aaf7       0xe3 obj/idt.o
                0x000000000010aaf7                idt_add_handler
                0x000000000010ab21                idt_add_exception
 *fill*         0x000000000010abda        0x6 
 .text          0x000000000010abe0       0x16 obj/interrupts.o
                0x000000000010abe0                load_idt
                0x000000000010abea                keyboard_irq
                0x000000000010abf0                floppy_irq
 .text          0x000000000010abf6      0x160 obj/keyboard.o
                0x000000000010abf6                kb_init
                0x000000000010ac58                keyboard_handler
 .text          0x000000000010ad56      0x6ee obj/lex-fs.o
                0x000000000010ad56                lex_manf
 .text          0x000000000010b444      0x3a9 obj/lex-list.o
                0x000000000010b444                lex_list
 .text          0x000000000010b7ed      0x1c2 obj/lex-term.o
                0x000000000010b7ed                lex_term
 .text          0x000000000010b9af      0x337 obj/lex.o
                0x000000000010b9af                lex_init
                0x000000000010ba54                shell
 .text          0x000000000010bce6       0xe9 obj/main.o
                0x000000000010bce6                init
                0x000000000010bd24                avian_main
                0x000000000010bd58                bootscreen
 .text          0x000000000010bdcf       0x92 obj/math.o
                0x000000000010bdcf                div
                0x000000000010be00                ldiv
                0x000000000010be31                pow
 .text          0x000000000010be61      0x448 obj/mman.o
                0x000000000010be61                ptrsize
                0x000000000010beaf                free
                0x000000000010bedf                _calloc
                0x000000000010bf26                _malloc
                0x000000000010bfe9                _realloc
                0x000000000010c041                mem_blocks
                0x000000000010c04d                mem_used
                0x000000000010c08a                mem_free
                0x000000000010c09d                mem_block_info
 .text          0x000000000010c2a9      0x1ff obj/pic.o
                0x000000000010c2a9                pic_init
                0x000000000010c30d                pic_send_eoi
                0x000000000010c343                pic_enable_irq
                0x000000000010c39f                pic_disable_irq
                0x000000000010c469                pic_remap
 *fill*         0x000000000010c4a8        0x8 
 .text          0x000000000010c4b0       0x10 obj/portio.o
                0x000000000010c4b0                inportb
                0x000000000010c4b6                outportb
 .text          0x000000000010c4c0       0x34 obj/random.o
                0x000000000010c4c0                rand
                0x000000000010c4e7                srand
 .text          0x000000000010c4f4      0x1a6 obj/stack.o
                0x000000000010c4f4                stack_str
                0x000000000010c4ff                push_str
                0x000000000010c53f                new_stack
                0x000000000010c58e                delete_stack
                0x000000000010c5af                push
                0x000000000010c5fc                pop
                0x000000000010c648                peek
                0x000000000010c676                empty
                0x000000000010c685                full
 .text          0x000000000010c69a      0x441 obj/stdio.o
                0x000000000010c770                printf
                0x000000000010c96a                getch
                0x000000000010c9a3                scan
 .text          0x000000000010cadb      0x866 obj/string.o
                0x000000000010cadb                split
                0x000000000010cc07                chomp
                0x000000000010cc47                new_str
                0x000000000010cde1                reverse
                0x000000000010ce52                itoa
                0x000000000010cfef                atoi
                0x000000000010d073                strcat
                0x000000000010d0b2                strncat
                0x000000000010d109                strchr
                0x000000000010d134                strcmp
                0x000000000010d18a                strncmp
                0x000000000010d1e8                strcpy
                0x000000000010d218                strncpy
                0x000000000010d24f                strlen
                0x000000000010d283                memset
                0x000000000010d2b1                memcmp
                0x000000000010d301                memcpy
 *fill*         0x000000000010d341        0xf 
 .text          0x000000000010d350       0xfd obj/throw.o
                0x000000000010d350                throw_exception
                0x000000000010d35e                throw_zero_divide
                0x000000000010d369                throw_irq_0
                0x000000000010d375                throw_irq_1
                0x000000000010d381                throw_irq_2
                0x000000000010d38d                throw_irq_3
                0x000000000010d399                throw_irq_4
                0x000000000010d3a5                throw_irq_5
                0x000000000010d3b1                throw_irq_6
                0x000000000010d3bd                throw_irq_7
                0x000000000010d3c9                throw_irq_8
                0x000000000010d3d5                throw_irq_9
                0x000000000010d3e1                throw_irq_10
                0x000000000010d3ed                throw_irq_11
                0x000000000010d3f9                throw_irq_12
                0x000000000010d405                throw_irq_13
                0x000000000010d411                throw_irq_14
                0x000000000010d41d                throw_irq_15
                0x000000000010d429                throw_irq_16
                0x000000000010d435                throw_irq_17
                0x000000000010d441                throw_irq_18
 .text          0x000000000010d44d       0x63 obj/time.o
                0x000000000010d44d                get_bios_ticks
                0x000000000010d45b                usleep
                0x000000000010d497                sleep
 .text          0x000000000010d4b0      0x495 obj/util.o
                0x000000000010d4b0                types_test
                0x000000000010d84c                colors_test
                0x000000000010d8d9                trace_function
                0x000000000010d904                notify_progress
 .text          0x000000000010d945      0x543 obj/vga.o
                0x000000000010d945                move_cursor
                0x000000000010d9d6                hide_cursor
                0x000000000010d9f2                vga_tabsize
                0x000000000010da18                vga_increment
                0x000000000010da2f                vga_decrement
                0x000000000010da46                vga_getcol
                0x000000000010da72                vga_getrow
                0x000000000010da8e                vga_getloc
                0x000000000010da9e                vga_setcolor
                0x000000000010dabb                vga_newline
                0x000000000010dadd                vga_creturn
                0x000000000010dafd                vga_tabchar
                0x000000000010db69                vga_movexy
                0x000000000010dbb3                vga_moveptr
                0x000000000010dbe3                vga_char_at
                0x000000000010dc18                vga_clear
                0x000000000010dc7b                vga_clear_row
                0x000000000010dccf                vga_write
                0x000000000010dd0e                addch
                0x000000000010dd58                vga_color
                0x000000000010dd82                printxy
                0x000000000010dde9                vga_scroll

.iplt           0x000000000010de90        0x0
 .iplt          0x0000000000000000        0x0 obj/anicafs.o

.rel.dyn        0x000000000010de88        0x0
 .rel.iplt      0x0000000000000000        0x0 obj/anicafs.o
 .rel.text      0x0000000000000000        0x0 obj/anicafs.o

.data           0x000000000010dea0      0x1da
 *(.data)
 .data          0x000000000010dea0        0x0 obj/anicafs.o
 .data          0x000000000010dea0        0x0 obj/diskio.o
 .data          0x000000000010dea0        0x0 obj/dma.o
 .data          0x000000000010dea0        0x0 obj/errors.o
 .data          0x000000000010dea0        0x0 obj/exceptions.o
 .data          0x000000000010dea0        0x0 obj/ext2.o
 .data          0x000000000010dea0        0x0 obj/ff.o
 .data          0x000000000010dea0       0x44 obj/filesystem.o
 .data          0x000000000010dee4        0x8 obj/floppy.o
                0x000000000010dee4                floppy_cache_state
                0x000000000010dee5                floppy_cache_value
 .data          0x000000000010deec        0x0 obj/idt.o
 *fill*         0x000000000010deec       0x14 
 .data          0x000000000010df00      0x174 obj/keyboard.o
                0x000000000010df00                KEYMAP
 .data          0x000000000010e074        0x0 obj/lex-fs.o
 .data          0x000000000010e074        0x0 obj/lex-list.o
 .data          0x000000000010e074        0x0 obj/lex-term.o
 .data          0x000000000010e074        0x0 obj/lex.o
 .data          0x000000000010e074        0x0 obj/main.o
 .data          0x000000000010e074        0x0 obj/math.o
 .data          0x000000000010e074        0x0 obj/mman.o
 .data          0x000000000010e074        0x0 obj/pic.o
 .data          0x000000000010e074        0x4 obj/random.o
 .data          0x000000000010e078        0x0 obj/stack.o
 .data          0x000000000010e078        0x0 obj/stdio.o
 .data          0x000000000010e078        0x1 obj/string.o
                0x000000000010e078                itoa_long
 .data          0x000000000010e079        0x0 obj/time.o
 .data          0x000000000010e079        0x0 obj/util.o
 .data          0x000000000010e079        0x1 obj/vga.o

.igot.plt       0x000000000010e07c        0x0
 .igot.plt      0x0000000000000000        0x0 obj/anicafs.o

.bss            0x000000000010e080     0x1835
 *(.bss)
 .bss           0x000000000010e080        0x0 obj/anicafs.o
 .bss           0x000000000010e080     0x1000 obj/boot.o
 .bss           0x000000000010f080        0x0 obj/diskio.o
 .bss           0x000000000010f080        0x0 obj/dma.o
 .bss           0x000000000010f080        0x0 obj/errors.o
 .bss           0x000000000010f080        0x0 obj/exceptions.o
 .bss           0x000000000010f080        0x0 obj/ext2.o
 .bss           0x000000000010f080        0x6 obj/ff.o
 .bss           0x000000000010f086        0x0 obj/filesystem.o
 *fill*         0x000000000010f086        0x2 
 .bss           0x000000000010f088       0x18 obj/floppy.o
 .bss           0x000000000010f0a0      0x800 obj/idt.o
 .bss           0x000000000010f8a0        0x2 obj/keyboard.o
 .bss           0x000000000010f8a2        0x0 obj/lex-fs.o
 .bss           0x000000000010f8a2        0x0 obj/lex-list.o
 .bss           0x000000000010f8a2        0x0 obj/lex-term.o
 *fill*         0x000000000010f8a2        0x2 
 .bss           0x000000000010f8a4        0x8 obj/lex.o
 .bss           0x000000000010f8ac        0x0 obj/main.o
 .bss           0x000000000010f8ac        0x0 obj/math.o
 .bss           0x000000000010f8ac        0x0 obj/mman.o
 .bss           0x000000000010f8ac        0x0 obj/pic.o
 .bss           0x000000000010f8ac        0x0 obj/random.o
 .bss           0x000000000010f8ac        0x0 obj/stack.o
 .bss           0x000000000010f8ac        0x0 obj/stdio.o
 .bss           0x000000000010f8ac        0x4 obj/string.o
                0x000000000010f8ac                itoa_case
 .bss           0x000000000010f8b0        0x0 obj/time.o
 .bss           0x000000000010f8b0        0x0 obj/util.o
 .bss           0x000000000010f8b0        0x0 obj/vga.o
 COMMON         0x000000000010f8b0        0x5 obj/keyboard.o
                0x000000000010f8b0                listen
                0x000000000010f8b2                key
                0x000000000010f8b4                keypress
LOAD obj/anicafs.o
LOAD obj/boot.o
LOAD obj/diskio.o
LOAD obj/dma.o
LOAD obj/errors.o
LOAD obj/exceptions.o
LOAD obj/ext2.o
LOAD obj/ff.o
LOAD obj/filesystem.o
LOAD obj/floppy.o
LOAD obj/idt.o
LOAD obj/interrupts.o
LOAD obj/keyboard.o
LOAD obj/lex-fs.o
LOAD obj/lex-list.o
LOAD obj/lex-term.o
LOAD obj/lex.o
LOAD obj/main.o
LOAD obj/math.o
LOAD obj/mman.o
LOAD obj/pic.o
LOAD obj/portio.o
LOAD obj/random.o
LOAD obj/stack.o
LOAD obj/stdio.o
LOAD obj/string.o
LOAD obj/throw.o
LOAD obj/time.o
LOAD obj/util.o
LOAD obj/vga.o
OUTPUT(bin/kernel-alpha elf32-i386)

.comment        0x0000000000000000       0x2b
 .comment       0x0000000000000000       0x2b obj/anicafs.o
                                         0x2c (size before relaxing)
 .comment       0x0000000000000000       0x2c obj/diskio.o
 .comment       0x0000000000000000       0x2c obj/dma.o
 .comment       0x0000000000000000       0x2c obj/errors.o
 .comment       0x0000000000000000       0x2c obj/exceptions.o
 .comment       0x0000000000000000       0x2c obj/ext2.o
 .comment       0x0000000000000000       0x2c obj/ff.o
 .comment       0x0000000000000000       0x2c obj/filesystem.o
 .comment       0x0000000000000000       0x2c obj/floppy.o
 .comment       0x0000000000000000       0x2c obj/idt.o
 .comment       0x0000000000000000       0x2c obj/keyboard.o
 .comment       0x0000000000000000       0x2c obj/lex-fs.o
 .comment       0x0000000000000000       0x2c obj/lex-list.o
 .comment       0x0000000000000000       0x2c obj/lex-term.o
 .comment       0x0000000000000000       0x2c obj/lex.o
 .comment       0x0000000000000000       0x2c obj/main.o
 .comment       0x0000000000000000       0x2c obj/math.o
 .comment       0x0000000000000000       0x2c obj/mman.o
 .comment       0x0000000000000000       0x2c obj/pic.o
 .comment       0x0000000000000000       0x2c obj/random.o
 .comment       0x0000000000000000       0x2c obj/stack.o
 .comment       0x0000000000000000       0x2c obj/stdio.o
 .comment       0x0000000000000000       0x2c obj/string.o
 .comment       0x0000000000000000       0x2c obj/time.o
 .comment       0x0000000000000000       0x2c obj/util.o
 .comment       0x0000000000000000       0x2c obj/vga.o

.note.GNU-stack
                0x0000000000000000        0x0
 .note.GNU-stack
                0x0000000000000000        0x0 obj/anicafs.o
 .note.GNU-stack
                0x0000000000000000        0x0 obj/diskio.o
 .note.GNU-stack
                0x0000000000000000        0x0 obj/dma.o
 .note.GNU-stack
                0x0000000000000000        0x0 obj/errors.o
 .note.GNU-stack
                0x0000000000000000        0x0 obj/exceptions.o
 .note.GNU-stack
                0x0000000000000000        0x0 obj/ext2.o
 .note.GNU-stack
                0x0000000000000000        0x0 obj/ff.o
 .note.GNU-stack
                0x0000000000000000        0x0 obj/filesystem.o
 .note.GNU-stack
                0x0000000000000000        0x0 obj/floppy.o
 .note.GNU-stack
                0x0000000000000000        0x0 obj/idt.o
 .note.GNU-stack
                0x0000000000000000        0x0 obj/keyboard.o
 .note.GNU-stack
                0x0000000000000000        0x0 obj/lex-fs.o
 .note.GNU-stack
                0x0000000000000000        0x0 obj/lex-list.o
 .note.GNU-stack
                0x0000000000000000        0x0 obj/lex-term.o
 .note.GNU-stack
                0x0000000000000000        0x0 obj/lex.o
 .note.GNU-stack
                0x0000000000000000        0x0 obj/main.o
 .note.GNU-stack
                0x0000000000000000        0x0 obj/math.o
 .note.GNU-stack
                0x0000000000000000        0x0 obj/mman.o
 .note.GNU-stack
                0x0000000000000000        0x0 obj/pic.o
 .note.GNU-stack
                0x0000000000000000        0x0 obj/random.o
 .note.GNU-stack
                0x0000000000000000        0x0 obj/stack.o
 .note.GNU-stack
                0x0000000000000000        0x0 obj/stdio.o
 .note.GNU-stack
                0x0000000000000000        0x0 obj/string.o
 .note.GNU-stack
                0x0000000000000000        0x0 obj/time.o
 .note.GNU-stack
                0x0000000000000000        0x0 obj/util.o
 .note.GNU-stack
                0x0000000000000000        0x0 obj/vga.o
