
Allocating common symbols
Common symbol       size              file

listen              0x1               obj/keyboard.o
key                 0x2               obj/keyboard.o
keypress            0x1               obj/keyboard.o

Memory Configuration

Name             Origin             Length             Attributes
*default*        0x0000000000000000 0xffffffffffffffff

Linker script and memory map

                0x0000000000100000                . = 0x100000

.mbh            0x0000000000100000        0xc
 *(.mbh)
 .mbh           0x0000000000100000        0xc obj/boot.o

.rodata         0x0000000000100020      0xbe0
 .rodata        0x0000000000100020       0x36 obj/anicafs.o
 .rodata        0x0000000000100056       0x30 obj/dma.o
 .rodata        0x0000000000100086       0x30 obj/errors.o
 *fill*         0x00000000001000b6        0x2 
 .rodata        0x00000000001000b8      0x201 obj/exceptions.o
 .rodata        0x00000000001002b9       0x17 obj/ext2.o
 .rodata        0x00000000001002d0       0xd9 obj/floppy.o
 .rodata        0x00000000001003a9       0x18 obj/keyboard.o
 *fill*         0x00000000001003c1        0x3 
 .rodata        0x00000000001003c4      0x152 obj/lex-list.o
 *fill*         0x0000000000100516        0x2 
 .rodata        0x0000000000100518       0xef obj/lex-term.o
 *fill*         0x0000000000100607        0x1 
 .rodata        0x0000000000100608      0x236 obj/lex.o
 *fill*         0x000000000010083e        0x2 
 .rodata        0x0000000000100840       0xee obj/main.o
 *fill*         0x000000000010092e        0x2 
 .rodata        0x0000000000100930       0x36 obj/mman.o
 *fill*         0x0000000000100966        0x2 
 .rodata        0x0000000000100968      0x16e obj/stdio.o
 *fill*         0x0000000000100ad6        0xa 
 .rodata        0x0000000000100ae0       0x31 obj/string.o
 *fill*         0x0000000000100b11        0x3 
 .rodata        0x0000000000100b14        0x4 obj/time.o
                0x0000000000100b14                bios_ticks
 .rodata        0x0000000000100b18       0xe1 obj/util.o
 *fill*         0x0000000000100bf9        0x3 
 .rodata        0x0000000000100bfc        0x4 obj/vga.o

.eh_frame       0x0000000000100c00     0x1564
 .eh_frame      0x0000000000100c00      0x29c obj/anicafs.o
 .eh_frame      0x0000000000100e9c       0x40 obj/dma.o
                                         0x58 (size before relaxing)
 .eh_frame      0x0000000000100edc       0x40 obj/errors.o
                                         0x58 (size before relaxing)
 .eh_frame      0x0000000000100f1c       0x9c obj/exceptions.o
                                         0xb4 (size before relaxing)
 .eh_frame      0x0000000000100fb8       0x80 obj/ext2.o
                                         0x98 (size before relaxing)
 .eh_frame      0x0000000000101038      0x100 obj/filesystem.o
                                        0x118 (size before relaxing)
 .eh_frame      0x0000000000101138      0x224 obj/floppy.o
                                        0x23c (size before relaxing)
 .eh_frame      0x000000000010135c       0x80 obj/idt.o
                                         0x98 (size before relaxing)
 .eh_frame      0x00000000001013dc       0x40 obj/keyboard.o
                                         0x58 (size before relaxing)
 .eh_frame      0x000000000010141c       0xc4 obj/lex-list.o
                                         0xdc (size before relaxing)
 .eh_frame      0x00000000001014e0       0xa0 obj/lex-term.o
                                         0xb8 (size before relaxing)
 .eh_frame      0x0000000000101580       0x9c obj/lex.o
                                         0xb4 (size before relaxing)
 .eh_frame      0x000000000010161c       0x60 obj/main.o
                                         0x78 (size before relaxing)
 .eh_frame      0x000000000010167c       0x60 obj/math.o
                                         0x78 (size before relaxing)
 .eh_frame      0x00000000001016dc      0x1a4 obj/mman.o
                                        0x1bc (size before relaxing)
 .eh_frame      0x0000000000101880       0xe8 obj/pic.o
                                        0x100 (size before relaxing)
 .eh_frame      0x0000000000101968       0x40 obj/random.o
                                         0x58 (size before relaxing)
 .eh_frame      0x00000000001019a8      0x120 obj/stack.o
                                        0x138 (size before relaxing)
 .eh_frame      0x0000000000101ac8       0x88 obj/stdio.o
                                         0xa0 (size before relaxing)
 .eh_frame      0x0000000000101b50      0x26c obj/string.o
                                        0x284 (size before relaxing)
 .eh_frame      0x0000000000101dbc       0x60 obj/time.o
                                         0x78 (size before relaxing)
 .eh_frame      0x0000000000101e1c       0x80 obj/util.o
                                         0x98 (size before relaxing)
 .eh_frame      0x0000000000101e9c      0x2c8 obj/vga.o
                                        0x2e0 (size before relaxing)

.text           0x0000000000102170     0x47cb
 *(.text)
 .text          0x0000000000102170      0xc91 obj/anicafs.o
                0x0000000000102170                anica_read_superblock
                0x00000000001021f0                anica_write_superblock
                0x0000000000102288                anica_format_device
                0x000000000010232c                anica_open_file
                0x00000000001025b4                anica_read_file
                0x0000000000102662                anica_write_file
                0x0000000000102bef                anica_read_itable
                0x0000000000102c59                anica_write_itable
 *fill*         0x0000000000102e01        0xf 
 .text          0x0000000000102e10        0xc obj/boot.o
                0x0000000000102e10                start
 .text          0x0000000000102e1c      0x1ba obj/dma.o
                0x0000000000102e1c                dma_xfer
 .text          0x0000000000102fd6       0xad obj/errors.o
                0x0000000000103048                throw
 .text          0x0000000000103083      0x1d1 obj/exceptions.o
                0x0000000000103083                exceptions_init
                0x00000000001031ef                catch_exception
                0x0000000000103239                catch_zero_divide
 .text          0x0000000000103254      0x3fa obj/ext2.o
                0x0000000000103254                ext2_read_superblock
                0x00000000001032d0                ext2_read_cache
                0x000000000010354e                ext2_block_groups
                0x00000000001035d5                ext2_read_block
 .text          0x000000000010364e      0x1d5 obj/filesystem.o
                0x000000000010364e                mount
                0x00000000001036a1                open
                0x0000000000103702                read
                0x0000000000103730                write
                0x0000000000103761                close
                0x0000000000103774                unmount
                0x00000000001037b3                ext2_read_sector
                0x00000000001037eb                ext2_write_sector
 .text          0x0000000000103823      0x96f obj/floppy.o
                0x0000000000103823                floppy_write_block
                0x0000000000103854                floppy_read_block
                0x0000000000103885                floppy_handler
                0x00000000001038a0                floppy_init
 .text          0x0000000000104192       0xdc obj/idt.o
                0x0000000000104192                idt_add_handler
                0x00000000001041bc                idt_add_exception
 *fill*         0x000000000010426e        0x2 
 .text          0x0000000000104270       0x16 obj/interrupts.o
                0x0000000000104270                load_idt
                0x000000000010427a                keyboard_irq
                0x0000000000104280                floppy_irq
 .text          0x0000000000104286      0x14e obj/keyboard.o
                0x0000000000104286                kb_init
                0x00000000001042e8                keyboard_handler
 .text          0x00000000001043d4      0x1aa obj/lex-list.o
                0x00000000001043d4                lex_list
 .text          0x000000000010457e      0x1c0 obj/lex-term.o
                0x000000000010457e                lex_term
 .text          0x000000000010473e      0x303 obj/lex.o
                0x000000000010473e                lex_init
                0x00000000001047bf                shell
 .text          0x0000000000104a41      0x17e obj/main.o
                0x0000000000104a41                init
                0x0000000000104a7f                avian_main
                0x0000000000104b4b                bootscreen
 .text          0x0000000000104bbf       0x92 obj/math.o
                0x0000000000104bbf                div
                0x0000000000104bf0                ldiv
                0x0000000000104c21                pow
 .text          0x0000000000104c51      0x31f obj/mman.o
                0x0000000000104c51                ptrsize
                0x0000000000104c97                free
                0x0000000000104cc7                calloc
                0x0000000000104d07                malloc
                0x0000000000104dac                realloc
                0x0000000000104dfc                mem_blocks
                0x0000000000104e08                mem_used
                0x0000000000104e41                mem_free
 .text          0x0000000000104f70      0x1ff obj/pic.o
                0x0000000000104f70                pic_init
                0x0000000000104fd4                pic_send_eoi
                0x000000000010500a                pic_enable_irq
                0x0000000000105066                pic_disable_irq
                0x0000000000105130                pic_remap
 *fill*         0x000000000010516f        0x1 
 .text          0x0000000000105170       0x10 obj/portio.o
                0x0000000000105170                inportb
                0x0000000000105176                outportb
 .text          0x0000000000105180       0x5b obj/random.o
                0x0000000000105180                rand
                0x00000000001051ce                srand
 .text          0x00000000001051db      0x193 obj/stack.o
                0x00000000001051db                stack_str
                0x00000000001051e6                push_str
                0x0000000000105224                new_stack
                0x0000000000105263                delete_stack
                0x0000000000105284                push
                0x00000000001052d0                pop
                0x000000000010531c                peek
                0x000000000010534a                empty
                0x0000000000105359                full
 .text          0x000000000010536e      0x3b1 obj/stdio.o
                0x0000000000105401                printf
                0x00000000001055f8                scan
 .text          0x000000000010571f      0x819 obj/string.o
                0x000000000010571f                split
                0x0000000000105837                chomp
                0x0000000000105876                new_str
                0x0000000000105a02                reverse
                0x0000000000105a70                itoa
                0x0000000000105bff                atoi
                0x0000000000105c82                strcat
                0x0000000000105cbe                strncat
                0x0000000000105d12                strchr
                0x0000000000105d3b                strcmp
                0x0000000000105d8d                strncmp
                0x0000000000105de7                strcpy
                0x0000000000105e15                strncpy
                0x0000000000105e4a                strlen
                0x0000000000105e7d                memset
                0x0000000000105eab                memcmp
                0x0000000000105ef9                memcpy
 *fill*         0x0000000000105f38        0x8 
 .text          0x0000000000105f40       0x1b obj/throw.o
                0x0000000000105f40                throw_exception
                0x0000000000105f50                throw_zero_divide
 .text          0x0000000000105f5b       0x78 obj/time.o
                0x0000000000105f5b                get_bios_ticks
                0x0000000000105f68                usleep
                0x0000000000105fa4                sleep
 .text          0x0000000000105fd3      0x451 obj/util.o
                0x0000000000105fd3                types_test
                0x000000000010632b                colors_test
                0x00000000001063b8                trace_function
                0x00000000001063e3                notify_progress
 .text          0x0000000000106424      0x517 obj/vga.o
                0x0000000000106424                move_cursor
                0x00000000001064ac                hide_cursor
                0x00000000001064c8                vga_tabsize
                0x00000000001064ea                vga_increment
                0x0000000000106501                vga_decrement
                0x0000000000106518                vga_getcol
                0x0000000000106536                vga_getrow
                0x0000000000106552                vga_getloc
                0x0000000000106562                vga_setcolor
                0x000000000010657e                vga_newline
                0x000000000010659f                vga_creturn
                0x00000000001065bf                vga_tabchar
                0x0000000000106630                vga_movexy
                0x0000000000106673                vga_moveptr
                0x00000000001066a0                vga_char_at
                0x00000000001066d4                vga_clear
                0x0000000000106736                vga_clear_row
                0x000000000010678a                vga_write
                0x00000000001067c6                addch
                0x0000000000106810                vga_color
                0x0000000000106839                printxy
                0x000000000010689d                vga_scroll

.iplt           0x0000000000106940        0x0
 .iplt          0x0000000000000000        0x0 obj/anicafs.o

.rel.dyn        0x000000000010693c        0x0
 .rel.iplt      0x0000000000000000        0x0 obj/anicafs.o
 .rel.text      0x0000000000000000        0x0 obj/anicafs.o

.data           0x0000000000106940      0x17a
 *(.data)
 .data          0x0000000000106940        0x0 obj/anicafs.o
 .data          0x0000000000106940        0x0 obj/dma.o
 .data          0x0000000000106940        0x0 obj/errors.o
 .data          0x0000000000106940        0x0 obj/exceptions.o
 .data          0x0000000000106940        0x0 obj/ext2.o
 .data          0x0000000000106940        0x0 obj/filesystem.o
 .data          0x0000000000106940        0x0 obj/floppy.o
 .data          0x0000000000106940        0x0 obj/idt.o
 .data          0x0000000000106940      0x174 obj/keyboard.o
                0x0000000000106940                KEYMAP
 .data          0x0000000000106ab4        0x0 obj/lex-list.o
 .data          0x0000000000106ab4        0x0 obj/lex-term.o
 .data          0x0000000000106ab4        0x0 obj/lex.o
 .data          0x0000000000106ab4        0x0 obj/main.o
 .data          0x0000000000106ab4        0x0 obj/math.o
 .data          0x0000000000106ab4        0x0 obj/mman.o
 .data          0x0000000000106ab4        0x0 obj/pic.o
 .data          0x0000000000106ab4        0x4 obj/random.o
 .data          0x0000000000106ab8        0x0 obj/stack.o
 .data          0x0000000000106ab8        0x0 obj/stdio.o
 .data          0x0000000000106ab8        0x1 obj/string.o
                0x0000000000106ab8                itoa_long
 .data          0x0000000000106ab9        0x0 obj/time.o
 .data          0x0000000000106ab9        0x0 obj/util.o
 .data          0x0000000000106ab9        0x1 obj/vga.o

.igot.plt       0x0000000000106abc        0x0
 .igot.plt      0x0000000000000000        0x0 obj/anicafs.o

.bss            0x0000000000106ac0     0x2835
 *(.bss)
 .bss           0x0000000000106ac0        0x0 obj/anicafs.o
 .bss           0x0000000000106ac0     0x2000 obj/boot.o
 .bss           0x0000000000108ac0        0x0 obj/dma.o
 .bss           0x0000000000108ac0        0x0 obj/errors.o
 .bss           0x0000000000108ac0        0x0 obj/exceptions.o
 .bss           0x0000000000108ac0        0x0 obj/ext2.o
 .bss           0x0000000000108ac0        0x0 obj/filesystem.o
 .bss           0x0000000000108ac0        0xd obj/floppy.o
 *fill*         0x0000000000108acd       0x13 
 .bss           0x0000000000108ae0      0x800 obj/idt.o
 .bss           0x00000000001092e0        0x2 obj/keyboard.o
 .bss           0x00000000001092e2        0x0 obj/lex-list.o
 .bss           0x00000000001092e2        0x0 obj/lex-term.o
 *fill*         0x00000000001092e2        0x2 
 .bss           0x00000000001092e4        0x8 obj/lex.o
 .bss           0x00000000001092ec        0x0 obj/main.o
 .bss           0x00000000001092ec        0x0 obj/math.o
 .bss           0x00000000001092ec        0x0 obj/mman.o
 .bss           0x00000000001092ec        0x0 obj/pic.o
 .bss           0x00000000001092ec        0x0 obj/random.o
 .bss           0x00000000001092ec        0x0 obj/stack.o
 .bss           0x00000000001092ec        0x0 obj/stdio.o
 .bss           0x00000000001092ec        0x4 obj/string.o
                0x00000000001092ec                itoa_case
 .bss           0x00000000001092f0        0x0 obj/time.o
 .bss           0x00000000001092f0        0x0 obj/util.o
 .bss           0x00000000001092f0        0x0 obj/vga.o
 COMMON         0x00000000001092f0        0x5 obj/keyboard.o
                0x00000000001092f0                listen
                0x00000000001092f2                key
                0x00000000001092f4                keypress
LOAD obj/anicafs.o
LOAD obj/boot.o
LOAD obj/dma.o
LOAD obj/errors.o
LOAD obj/exceptions.o
LOAD obj/ext2.o
LOAD obj/filesystem.o
LOAD obj/floppy.o
LOAD obj/idt.o
LOAD obj/interrupts.o
LOAD obj/keyboard.o
LOAD obj/lex-list.o
LOAD obj/lex-term.o
LOAD obj/lex.o
LOAD obj/main.o
LOAD obj/math.o
LOAD obj/mman.o
LOAD obj/pic.o
LOAD obj/portio.o
LOAD obj/random.o
LOAD obj/stack.o
LOAD obj/stdio.o
LOAD obj/string.o
LOAD obj/throw.o
LOAD obj/time.o
LOAD obj/util.o
LOAD obj/vga.o
OUTPUT(bin/kernel-alpha elf32-i386)

.comment        0x0000000000000000       0x2b
 .comment       0x0000000000000000       0x2b obj/anicafs.o
                                         0x2c (size before relaxing)
 .comment       0x0000000000000000       0x2c obj/dma.o
 .comment       0x0000000000000000       0x2c obj/errors.o
 .comment       0x0000000000000000       0x2c obj/exceptions.o
 .comment       0x0000000000000000       0x2c obj/ext2.o
 .comment       0x0000000000000000       0x2c obj/filesystem.o
 .comment       0x0000000000000000       0x2c obj/floppy.o
 .comment       0x0000000000000000       0x2c obj/idt.o
 .comment       0x0000000000000000       0x2c obj/keyboard.o
 .comment       0x0000000000000000       0x2c obj/lex-list.o
 .comment       0x0000000000000000       0x2c obj/lex-term.o
 .comment       0x0000000000000000       0x2c obj/lex.o
 .comment       0x0000000000000000       0x2c obj/main.o
 .comment       0x0000000000000000       0x2c obj/math.o
 .comment       0x0000000000000000       0x2c obj/mman.o
 .comment       0x0000000000000000       0x2c obj/pic.o
 .comment       0x0000000000000000       0x2c obj/random.o
 .comment       0x0000000000000000       0x2c obj/stack.o
 .comment       0x0000000000000000       0x2c obj/stdio.o
 .comment       0x0000000000000000       0x2c obj/string.o
 .comment       0x0000000000000000       0x2c obj/time.o
 .comment       0x0000000000000000       0x2c obj/util.o
 .comment       0x0000000000000000       0x2c obj/vga.o

.note.GNU-stack
                0x0000000000000000        0x0
 .note.GNU-stack
                0x0000000000000000        0x0 obj/anicafs.o
 .note.GNU-stack
                0x0000000000000000        0x0 obj/dma.o
 .note.GNU-stack
                0x0000000000000000        0x0 obj/errors.o
 .note.GNU-stack
                0x0000000000000000        0x0 obj/exceptions.o
 .note.GNU-stack
                0x0000000000000000        0x0 obj/ext2.o
 .note.GNU-stack
                0x0000000000000000        0x0 obj/filesystem.o
 .note.GNU-stack
                0x0000000000000000        0x0 obj/floppy.o
 .note.GNU-stack
                0x0000000000000000        0x0 obj/idt.o
 .note.GNU-stack
                0x0000000000000000        0x0 obj/keyboard.o
 .note.GNU-stack
                0x0000000000000000        0x0 obj/lex-list.o
 .note.GNU-stack
                0x0000000000000000        0x0 obj/lex-term.o
 .note.GNU-stack
                0x0000000000000000        0x0 obj/lex.o
 .note.GNU-stack
                0x0000000000000000        0x0 obj/main.o
 .note.GNU-stack
                0x0000000000000000        0x0 obj/math.o
 .note.GNU-stack
                0x0000000000000000        0x0 obj/mman.o
 .note.GNU-stack
                0x0000000000000000        0x0 obj/pic.o
 .note.GNU-stack
                0x0000000000000000        0x0 obj/random.o
 .note.GNU-stack
                0x0000000000000000        0x0 obj/stack.o
 .note.GNU-stack
                0x0000000000000000        0x0 obj/stdio.o
 .note.GNU-stack
                0x0000000000000000        0x0 obj/string.o
 .note.GNU-stack
                0x0000000000000000        0x0 obj/time.o
 .note.GNU-stack
                0x0000000000000000        0x0 obj/util.o
 .note.GNU-stack
                0x0000000000000000        0x0 obj/vga.o
