
Allocating common symbols
Common symbol       size              file

history             0x10              obj/lex.o
listen              0x1               obj/keyboard.o
key                 0x2               obj/keyboard.o
keypress            0x1               obj/keyboard.o

Memory Configuration

Name             Origin             Length             Attributes
*default*        0x0000000000000000 0xffffffffffffffff

Linker script and memory map

                0x0000000000100000                . = 0x100000

.mbh            0x0000000000100000        0xc
 *(.mbh)
 .mbh           0x0000000000100000        0xc obj/boot.o

.rodata         0x0000000000100020     0x149c
 .rodata        0x0000000000100020       0xf5 obj/anicafs.o
 .rodata        0x0000000000100115       0x30 obj/dma.o
 .rodata        0x0000000000100145       0x30 obj/errors.o
 *fill*         0x0000000000100175        0x3 
 .rodata        0x0000000000100178      0x201 obj/exceptions.o
 .rodata        0x0000000000100379       0x4c obj/ext2.o
 *fill*         0x00000000001003c5        0x1 
 .rodata        0x00000000001003c6       0x70 obj/ff.o
 .rodata        0x0000000000100436       0x6e obj/filesystem.o
 .rodata        0x00000000001004a4      0x11e obj/floppy.o
 .rodata        0x00000000001005c2       0x18 obj/keyboard.o
 *fill*         0x00000000001005da        0x2 
 .rodata        0x00000000001005dc      0x4fa obj/lex-fs.o
 *fill*         0x0000000000100ad6        0x2 
 .rodata        0x0000000000100ad8      0x324 obj/lex-list.o
 .rodata        0x0000000000100dfc       0xef obj/lex-term.o
 *fill*         0x0000000000100eeb        0x1 
 .rodata        0x0000000000100eec      0x25d obj/lex.o
 *fill*         0x0000000000101149        0x3 
 .rodata        0x000000000010114c       0x5e obj/main.o
 *fill*         0x00000000001011aa        0x2 
 .rodata        0x00000000001011ac       0x1e obj/mman.o
 .rodata        0x00000000001011ca        0xa obj/stack.o
 .rodata        0x00000000001011d4      0x194 obj/stdio.o
 *fill*         0x0000000000101368       0x18 
 .rodata        0x0000000000101380       0x4c obj/string.o
 .rodata        0x00000000001013cc        0x4 obj/time.o
                0x00000000001013cc                bios_ticks
 .rodata        0x00000000001013d0       0xe5 obj/util.o
 *fill*         0x00000000001014b5        0x3 
 .rodata        0x00000000001014b8        0x4 obj/vga.o

.eh_frame       0x00000000001014bc     0x2154
 .eh_frame      0x00000000001014bc      0x290 obj/anicafs.o
 .eh_frame      0x000000000010174c      0x2a0 obj/diskio.o
                                        0x2b8 (size before relaxing)
 .eh_frame      0x00000000001019ec       0x40 obj/dma.o
                                         0x58 (size before relaxing)
 .eh_frame      0x0000000000101a2c       0x40 obj/errors.o
                                         0x58 (size before relaxing)
 .eh_frame      0x0000000000101a6c       0x9c obj/exceptions.o
                                         0xb4 (size before relaxing)
 .eh_frame      0x0000000000101b08       0x80 obj/ext2.o
                                         0x98 (size before relaxing)
 .eh_frame      0x0000000000101b88      0x5f4 obj/ff.o
                                        0x60c (size before relaxing)
 .eh_frame      0x000000000010217c      0x1c0 obj/filesystem.o
                                        0x1d8 (size before relaxing)
 .eh_frame      0x000000000010233c      0x2d0 obj/floppy.o
                                        0x2e8 (size before relaxing)
 .eh_frame      0x000000000010260c       0x80 obj/idt.o
                                         0x98 (size before relaxing)
 .eh_frame      0x000000000010268c       0x40 obj/keyboard.o
                                         0x58 (size before relaxing)
 .eh_frame      0x00000000001026cc       0xa0 obj/lex-fs.o
                                         0xb8 (size before relaxing)
 .eh_frame      0x000000000010276c       0xf0 obj/lex-list.o
                                        0x108 (size before relaxing)
 .eh_frame      0x000000000010285c       0xa0 obj/lex-term.o
                                         0xb8 (size before relaxing)
 .eh_frame      0x00000000001028fc      0x104 obj/lex.o
                                        0x11c (size before relaxing)
 .eh_frame      0x0000000000102a00       0x60 obj/main.o
                                         0x78 (size before relaxing)
 .eh_frame      0x0000000000102a60       0x60 obj/math.o
                                         0x78 (size before relaxing)
 .eh_frame      0x0000000000102ac0      0x1cc obj/mman.o
                                        0x1e4 (size before relaxing)
 .eh_frame      0x0000000000102c8c       0xe8 obj/pic.o
                                        0x100 (size before relaxing)
 .eh_frame      0x0000000000102d74       0x40 obj/random.o
                                         0x58 (size before relaxing)
 .eh_frame      0x0000000000102db4      0x120 obj/stack.o
                                        0x138 (size before relaxing)
 .eh_frame      0x0000000000102ed4      0x108 obj/stdio.o
                                        0x120 (size before relaxing)
 .eh_frame      0x0000000000102fdc      0x26c obj/string.o
                                        0x284 (size before relaxing)
 .eh_frame      0x0000000000103248       0x60 obj/time.o
                                         0x78 (size before relaxing)
 .eh_frame      0x00000000001032a8       0x80 obj/util.o
                                         0x98 (size before relaxing)
 .eh_frame      0x0000000000103328      0x2e8 obj/vga.o
                                        0x300 (size before relaxing)

.text           0x0000000000103610     0xad53
 *(.text)
 .text          0x0000000000103610      0xdc3 obj/anicafs.o
                0x0000000000103610                anica_read_superblock
                0x0000000000103698                anica_write_superblock
                0x0000000000103738                anica_format_device
                0x00000000001037f1                anica_open_file
                0x0000000000103b65                anica_read_file
                0x0000000000103c14                anica_write_file
                0x00000000001041b4                anica_read_itable
                0x0000000000104226                anica_write_itable
 *fill*         0x00000000001043d3        0xd 
 .text          0x00000000001043e0        0xc obj/boot.o
                0x00000000001043e0                start
 .text          0x00000000001043ec      0x3b6 obj/diskio.o
                0x00000000001044c6                disk_status
                0x000000000010452d                disk_initialize
                0x0000000000104594                disk_read
                0x0000000000104658                disk_write
                0x000000000010471c                disk_ioctl
 .text          0x00000000001047a2      0x1c3 obj/dma.o
                0x00000000001047a2                dma_xfer
 .text          0x0000000000104965       0xad obj/errors.o
                0x00000000001049d7                throw
 .text          0x0000000000104a12      0x337 obj/exceptions.o
                0x0000000000104a12                exceptions_init
                0x0000000000104ce4                catch_exception
                0x0000000000104d2e                catch_zero_divide
 .text          0x0000000000104d49      0x455 obj/ext2.o
                0x0000000000104d49                ext2_read_superblock
                0x0000000000104dcd                ext2_read_cache
                0x0000000000105073                ext2_block_groups
                0x000000000010511d                ext2_read_block
 .text          0x000000000010519e     0x4875 obj/ff.o
                0x000000000010557a                clust2sect
                0x00000000001055af                get_fat
                0x0000000000105794                put_fat
                0x00000000001070b7                f_mount
                0x000000000010714d                f_open
                0x0000000000107484                f_read
                0x0000000000107805                f_write
                0x0000000000107c0c                f_sync
                0x0000000000107db1                f_close
                0x0000000000107ded                f_lseek
                0x0000000000108147                f_opendir
                0x000000000010823e                f_closedir
                0x0000000000108266                f_readdir
                0x0000000000108322                f_stat
                0x0000000000108399                f_getfree
                0x000000000010856d                f_truncate
                0x000000000010872a                f_unlink
                0x00000000001088a2                f_mkdir
                0x0000000000108b6f                f_chmod
                0x0000000000108c20                f_rename
                0x0000000000108e23                f_utime
                0x0000000000108ee2                f_mkfs
 .text          0x0000000000109a13      0x3dc obj/filesystem.o
                0x0000000000109a13                dev_to_str
                0x0000000000109a22                fs_to_str
                0x0000000000109a31                str_to_dev
                0x0000000000109a72                str_to_fs
                0x0000000000109ab3                read_fs
                0x0000000000109bca                format_device
                0x0000000000109bfa                mount
                0x0000000000109c5d                open
                0x0000000000109cce                read
                0x0000000000109cfc                write
                0x0000000000109d2d                close
                0x0000000000109d40                unmount
                0x0000000000109d7f                ext2_read_sector
                0x0000000000109db7                ext2_write_sector
 .text          0x0000000000109def      0xe08 obj/floppy.o
                0x0000000000109def                floppy_clear_cache
                0x0000000000109e72                floppy_sync_cache
                0x0000000000109f1d                floppy_write_block
                0x0000000000109ffb                floppy_read_block
                0x000000000010a0c9                floppy_handler
                0x000000000010a0e4                floppy_init
 .text          0x000000000010abf7       0xe3 obj/idt.o
                0x000000000010abf7                idt_add_handler
                0x000000000010ac21                idt_add_exception
 *fill*         0x000000000010acda        0x6 
 .text          0x000000000010ace0       0x16 obj/interrupts.o
                0x000000000010ace0                load_idt
                0x000000000010acea                keyboard_irq
                0x000000000010acf0                floppy_irq
 .text          0x000000000010acf6      0x160 obj/keyboard.o
                0x000000000010acf6                kb_init
                0x000000000010ad58                keyboard_handler
 .text          0x000000000010ae56      0x6ee obj/lex-fs.o
                0x000000000010ae56                lex_manf
 .text          0x000000000010b544      0x3a9 obj/lex-list.o
                0x000000000010b544                lex_list
 .text          0x000000000010b8ed      0x1c2 obj/lex-term.o
                0x000000000010b8ed                lex_term
 .text          0x000000000010baaf      0x575 obj/lex.o
                0x000000000010baaf                lex_init
                0x000000000010bb82                shell
 .text          0x000000000010c024       0xe9 obj/main.o
                0x000000000010c024                init
                0x000000000010c062                avian_main
                0x000000000010c096                bootscreen
 .text          0x000000000010c10d       0x92 obj/math.o
                0x000000000010c10d                div
                0x000000000010c13e                ldiv
                0x000000000010c16f                pow
 .text          0x000000000010c19f      0x448 obj/mman.o
                0x000000000010c19f                ptrsize
                0x000000000010c1ed                free
                0x000000000010c21d                _calloc
                0x000000000010c264                _malloc
                0x000000000010c327                _realloc
                0x000000000010c37f                mem_blocks
                0x000000000010c38b                mem_used
                0x000000000010c3c8                mem_free
                0x000000000010c3db                mem_block_info
 .text          0x000000000010c5e7      0x1ff obj/pic.o
                0x000000000010c5e7                pic_init
                0x000000000010c64b                pic_send_eoi
                0x000000000010c681                pic_enable_irq
                0x000000000010c6dd                pic_disable_irq
                0x000000000010c7a7                pic_remap
 *fill*         0x000000000010c7e6        0xa 
 .text          0x000000000010c7f0       0x10 obj/portio.o
                0x000000000010c7f0                inportb
                0x000000000010c7f6                outportb
 .text          0x000000000010c800       0x34 obj/random.o
                0x000000000010c800                rand
                0x000000000010c827                srand
 .text          0x000000000010c834      0x1a6 obj/stack.o
                0x000000000010c834                stack_str
                0x000000000010c83f                push_str
                0x000000000010c87f                new_stack
                0x000000000010c8ce                delete_stack
                0x000000000010c8ef                push
                0x000000000010c93c                pop
                0x000000000010c988                peek
                0x000000000010c9b6                empty
                0x000000000010c9c5                full
 .text          0x000000000010c9da      0x5cc obj/stdio.o
                0x000000000010cac4                printf
                0x000000000010ccbe                getch
                0x000000000010ccf7                register_scan_event
                0x000000000010cd7e                deregister_scan_event
                0x000000000010ce0b                scan
 .text          0x000000000010cfa6      0x866 obj/string.o
                0x000000000010cfa6                split
                0x000000000010d0d2                chomp
                0x000000000010d112                new_str
                0x000000000010d2ac                reverse
                0x000000000010d31d                itoa
                0x000000000010d4ba                atoi
                0x000000000010d53e                strcat
                0x000000000010d57d                strncat
                0x000000000010d5d4                strchr
                0x000000000010d5ff                strcmp
                0x000000000010d655                strncmp
                0x000000000010d6b3                strcpy
                0x000000000010d6e3                strncpy
                0x000000000010d71a                strlen
                0x000000000010d74e                memset
                0x000000000010d77c                memcmp
                0x000000000010d7cc                memcpy
 *fill*         0x000000000010d80c        0x4 
 .text          0x000000000010d810       0xfd obj/throw.o
                0x000000000010d810                throw_exception
                0x000000000010d81e                throw_zero_divide
                0x000000000010d829                throw_irq_0
                0x000000000010d835                throw_irq_1
                0x000000000010d841                throw_irq_2
                0x000000000010d84d                throw_irq_3
                0x000000000010d859                throw_irq_4
                0x000000000010d865                throw_irq_5
                0x000000000010d871                throw_irq_6
                0x000000000010d87d                throw_irq_7
                0x000000000010d889                throw_irq_8
                0x000000000010d895                throw_irq_9
                0x000000000010d8a1                throw_irq_10
                0x000000000010d8ad                throw_irq_11
                0x000000000010d8b9                throw_irq_12
                0x000000000010d8c5                throw_irq_13
                0x000000000010d8d1                throw_irq_14
                0x000000000010d8dd                throw_irq_15
                0x000000000010d8e9                throw_irq_16
                0x000000000010d8f5                throw_irq_17
                0x000000000010d901                throw_irq_18
 .text          0x000000000010d90d       0x63 obj/time.o
                0x000000000010d90d                get_bios_ticks
                0x000000000010d91b                usleep
                0x000000000010d957                sleep
 .text          0x000000000010d970      0x495 obj/util.o
                0x000000000010d970                types_test
                0x000000000010dd0c                colors_test
                0x000000000010dd99                trace_function
                0x000000000010ddc4                notify_progress
 .text          0x000000000010de05      0x55e obj/vga.o
                0x000000000010de05                move_cursor
                0x000000000010de96                hide_cursor
                0x000000000010deb2                vga_tabsize
                0x000000000010ded8                vga_increment
                0x000000000010deef                vga_decrement
                0x000000000010df06                vga_getcol
                0x000000000010df32                vga_getrow
                0x000000000010df4e                vga_getloc
                0x000000000010df5e                vga_setcolor
                0x000000000010df7b                vga_newline
                0x000000000010df9d                vga_creturn
                0x000000000010dfbd                vga_getchar
                0x000000000010dfd8                vga_tabchar
                0x000000000010e044                vga_movexy
                0x000000000010e08e                vga_moveptr
                0x000000000010e0be                vga_char_at
                0x000000000010e0f3                vga_clear
                0x000000000010e156                vga_clear_row
                0x000000000010e1aa                vga_write
                0x000000000010e1e9                addch
                0x000000000010e233                vga_color
                0x000000000010e25d                printxy
                0x000000000010e2c4                vga_scroll

.iplt           0x000000000010e370        0x0
 .iplt          0x0000000000000000        0x0 obj/anicafs.o

.rel.dyn        0x000000000010e364        0x0
 .rel.iplt      0x0000000000000000        0x0 obj/anicafs.o
 .rel.text      0x0000000000000000        0x0 obj/anicafs.o

.data           0x000000000010e380      0x1de
 *(.data)
 .data          0x000000000010e380        0x0 obj/anicafs.o
 .data          0x000000000010e380        0x0 obj/diskio.o
 .data          0x000000000010e380        0x0 obj/dma.o
 .data          0x000000000010e380        0x0 obj/errors.o
 .data          0x000000000010e380        0x0 obj/exceptions.o
 .data          0x000000000010e380        0x0 obj/ext2.o
 .data          0x000000000010e380        0x0 obj/ff.o
 .data          0x000000000010e380       0x44 obj/filesystem.o
 .data          0x000000000010e3c4        0x8 obj/floppy.o
                0x000000000010e3c4                floppy_cache_state
                0x000000000010e3c5                floppy_cache_value
 .data          0x000000000010e3cc        0x0 obj/idt.o
 *fill*         0x000000000010e3cc       0x14 
 .data          0x000000000010e3e0      0x174 obj/keyboard.o
                0x000000000010e3e0                KEYMAP
 .data          0x000000000010e554        0x0 obj/lex-fs.o
 .data          0x000000000010e554        0x0 obj/lex-list.o
 .data          0x000000000010e554        0x0 obj/lex-term.o
 .data          0x000000000010e554        0x0 obj/lex.o
 .data          0x000000000010e554        0x0 obj/main.o
 .data          0x000000000010e554        0x0 obj/math.o
 .data          0x000000000010e554        0x0 obj/mman.o
 .data          0x000000000010e554        0x0 obj/pic.o
 .data          0x000000000010e554        0x4 obj/random.o
 .data          0x000000000010e558        0x0 obj/stack.o
 .data          0x000000000010e558        0x4 obj/stdio.o
 .data          0x000000000010e55c        0x1 obj/string.o
                0x000000000010e55c                itoa_long
 .data          0x000000000010e55d        0x0 obj/time.o
 .data          0x000000000010e55d        0x0 obj/util.o
 .data          0x000000000010e55d        0x1 obj/vga.o

.igot.plt       0x000000000010e560        0x0
 .igot.plt      0x0000000000000000        0x0 obj/anicafs.o

.bss            0x000000000010e560     0x18cd
 *(.bss)
 .bss           0x000000000010e560        0x0 obj/anicafs.o
 .bss           0x000000000010e560     0x1000 obj/boot.o
 .bss           0x000000000010f560        0x0 obj/diskio.o
 .bss           0x000000000010f560        0x0 obj/dma.o
 .bss           0x000000000010f560        0x0 obj/errors.o
 .bss           0x000000000010f560        0x0 obj/exceptions.o
 .bss           0x000000000010f560        0x0 obj/ext2.o
 .bss           0x000000000010f560        0x6 obj/ff.o
 .bss           0x000000000010f566        0x0 obj/filesystem.o
 *fill*         0x000000000010f566        0x2 
 .bss           0x000000000010f568       0x18 obj/floppy.o
 .bss           0x000000000010f580      0x800 obj/idt.o
 .bss           0x000000000010fd80        0x2 obj/keyboard.o
 .bss           0x000000000010fd82        0x0 obj/lex-fs.o
 .bss           0x000000000010fd82        0x0 obj/lex-list.o
 .bss           0x000000000010fd82        0x0 obj/lex-term.o
 *fill*         0x000000000010fd82        0x2 
 .bss           0x000000000010fd84        0x8 obj/lex.o
 .bss           0x000000000010fd8c        0x0 obj/main.o
 .bss           0x000000000010fd8c        0x0 obj/math.o
 .bss           0x000000000010fd8c        0x0 obj/mman.o
 .bss           0x000000000010fd8c        0x0 obj/pic.o
 .bss           0x000000000010fd8c        0x0 obj/random.o
 .bss           0x000000000010fd8c        0x0 obj/stack.o
 *fill*         0x000000000010fd8c       0x14 
 .bss           0x000000000010fda0       0x74 obj/stdio.o
 .bss           0x000000000010fe14        0x4 obj/string.o
                0x000000000010fe14                itoa_case
 .bss           0x000000000010fe18        0x0 obj/time.o
 .bss           0x000000000010fe18        0x0 obj/util.o
 .bss           0x000000000010fe18        0x0 obj/vga.o
 COMMON         0x000000000010fe18        0x5 obj/keyboard.o
                0x000000000010fe18                listen
                0x000000000010fe1a                key
                0x000000000010fe1c                keypress
 COMMON         0x000000000010fe1d       0x10 obj/lex.o
                0x000000000010fe1d                history
LOAD obj/anicafs.o
LOAD obj/boot.o
LOAD obj/diskio.o
LOAD obj/dma.o
LOAD obj/errors.o
LOAD obj/exceptions.o
LOAD obj/ext2.o
LOAD obj/ff.o
LOAD obj/filesystem.o
LOAD obj/floppy.o
LOAD obj/idt.o
LOAD obj/interrupts.o
LOAD obj/keyboard.o
LOAD obj/lex-fs.o
LOAD obj/lex-list.o
LOAD obj/lex-term.o
LOAD obj/lex.o
LOAD obj/main.o
LOAD obj/math.o
LOAD obj/mman.o
LOAD obj/pic.o
LOAD obj/portio.o
LOAD obj/random.o
LOAD obj/stack.o
LOAD obj/stdio.o
LOAD obj/string.o
LOAD obj/throw.o
LOAD obj/time.o
LOAD obj/util.o
LOAD obj/vga.o
OUTPUT(bin/kernel-alpha elf32-i386)

.comment        0x0000000000000000       0x2b
 .comment       0x0000000000000000       0x2b obj/anicafs.o
                                         0x2c (size before relaxing)
 .comment       0x0000000000000000       0x2c obj/diskio.o
 .comment       0x0000000000000000       0x2c obj/dma.o
 .comment       0x0000000000000000       0x2c obj/errors.o
 .comment       0x0000000000000000       0x2c obj/exceptions.o
 .comment       0x0000000000000000       0x2c obj/ext2.o
 .comment       0x0000000000000000       0x2c obj/ff.o
 .comment       0x0000000000000000       0x2c obj/filesystem.o
 .comment       0x0000000000000000       0x2c obj/floppy.o
 .comment       0x0000000000000000       0x2c obj/idt.o
 .comment       0x0000000000000000       0x2c obj/keyboard.o
 .comment       0x0000000000000000       0x2c obj/lex-fs.o
 .comment       0x0000000000000000       0x2c obj/lex-list.o
 .comment       0x0000000000000000       0x2c obj/lex-term.o
 .comment       0x0000000000000000       0x2c obj/lex.o
 .comment       0x0000000000000000       0x2c obj/main.o
 .comment       0x0000000000000000       0x2c obj/math.o
 .comment       0x0000000000000000       0x2c obj/mman.o
 .comment       0x0000000000000000       0x2c obj/pic.o
 .comment       0x0000000000000000       0x2c obj/random.o
 .comment       0x0000000000000000       0x2c obj/stack.o
 .comment       0x0000000000000000       0x2c obj/stdio.o
 .comment       0x0000000000000000       0x2c obj/string.o
 .comment       0x0000000000000000       0x2c obj/time.o
 .comment       0x0000000000000000       0x2c obj/util.o
 .comment       0x0000000000000000       0x2c obj/vga.o

.note.GNU-stack
                0x0000000000000000        0x0
 .note.GNU-stack
                0x0000000000000000        0x0 obj/anicafs.o
 .note.GNU-stack
                0x0000000000000000        0x0 obj/diskio.o
 .note.GNU-stack
                0x0000000000000000        0x0 obj/dma.o
 .note.GNU-stack
                0x0000000000000000        0x0 obj/errors.o
 .note.GNU-stack
                0x0000000000000000        0x0 obj/exceptions.o
 .note.GNU-stack
                0x0000000000000000        0x0 obj/ext2.o
 .note.GNU-stack
                0x0000000000000000        0x0 obj/ff.o
 .note.GNU-stack
                0x0000000000000000        0x0 obj/filesystem.o
 .note.GNU-stack
                0x0000000000000000        0x0 obj/floppy.o
 .note.GNU-stack
                0x0000000000000000        0x0 obj/idt.o
 .note.GNU-stack
                0x0000000000000000        0x0 obj/keyboard.o
 .note.GNU-stack
                0x0000000000000000        0x0 obj/lex-fs.o
 .note.GNU-stack
                0x0000000000000000        0x0 obj/lex-list.o
 .note.GNU-stack
                0x0000000000000000        0x0 obj/lex-term.o
 .note.GNU-stack
                0x0000000000000000        0x0 obj/lex.o
 .note.GNU-stack
                0x0000000000000000        0x0 obj/main.o
 .note.GNU-stack
                0x0000000000000000        0x0 obj/math.o
 .note.GNU-stack
                0x0000000000000000        0x0 obj/mman.o
 .note.GNU-stack
                0x0000000000000000        0x0 obj/pic.o
 .note.GNU-stack
                0x0000000000000000        0x0 obj/random.o
 .note.GNU-stack
                0x0000000000000000        0x0 obj/stack.o
 .note.GNU-stack
                0x0000000000000000        0x0 obj/stdio.o
 .note.GNU-stack
                0x0000000000000000        0x0 obj/string.o
 .note.GNU-stack
                0x0000000000000000        0x0 obj/time.o
 .note.GNU-stack
                0x0000000000000000        0x0 obj/util.o
 .note.GNU-stack
                0x0000000000000000        0x0 obj/vga.o
