
Allocating common symbols
Common symbol       size              file

ENVAR               0x3               obj/envar.o
key                 0x2               obj/keyboard.o
press               0x1               obj/keyboard.o

Memory Configuration

Name             Origin             Length             Attributes
*default*        0x0000000000000000 0xffffffffffffffff

Linker script and memory map

                0x0000000000100000                . = 0x100000

.mbh            0x0000000000100000        0xc
 *(.mbh)
 .mbh           0x0000000000100000        0xc obj/boot.o

.rodata         0x0000000000100020      0x840
 .rodata        0x0000000000100020       0x36 obj/anicafs.o
 .rodata        0x0000000000100056       0x30 obj/dma.o
 .rodata        0x0000000000100086       0x18 obj/envar.o
 .rodata        0x000000000010009e       0x30 obj/errors.o
 *fill*         0x00000000001000ce        0x2 
 .rodata        0x00000000001000d0      0x201 obj/exceptions.o
 *fill*         0x00000000001002d1        0x3 
 .rodata        0x00000000001002d4       0xd2 obj/floppy.o
 .rodata        0x00000000001003a6       0x18 obj/keyboard.o
 *fill*         0x00000000001003be        0x2 
 .rodata        0x00000000001003c0      0x155 obj/lex-list.o
 .rodata        0x0000000000100515       0x41 obj/lex.o
 *fill*         0x0000000000100556        0x2 
 .rodata        0x0000000000100558       0x5e obj/main.o
 *fill*         0x00000000001005b6        0x2 
 .rodata        0x00000000001005b8        0xb obj/mman.o
 *fill*         0x00000000001005c3        0x1 
 .rodata        0x00000000001005c4      0x16e obj/stdio.o
 *fill*         0x0000000000100732        0xe 
 .rodata        0x0000000000100740       0x31 obj/string.o
 *fill*         0x0000000000100771        0x3 
 .rodata        0x0000000000100774        0x4 obj/time.o
                0x0000000000100774                bios_ticks
 .rodata        0x0000000000100778       0xe1 obj/util.o
 *fill*         0x0000000000100859        0x3 
 .rodata        0x000000000010085c        0x4 obj/vga.o

.eh_frame       0x0000000000100860     0x1380
 .eh_frame      0x0000000000100860      0x29c obj/anicafs.o
 .eh_frame      0x0000000000100afc       0x40 obj/dma.o
                                         0x58 (size before relaxing)
 .eh_frame      0x0000000000100b3c       0x20 obj/envar.o
                                         0x38 (size before relaxing)
 .eh_frame      0x0000000000100b5c       0x40 obj/errors.o
                                         0x58 (size before relaxing)
 .eh_frame      0x0000000000100b9c       0x7c obj/exceptions.o
                                         0x94 (size before relaxing)
 .eh_frame      0x0000000000100c18       0xc0 obj/filesystem.o
                                         0xd8 (size before relaxing)
 .eh_frame      0x0000000000100cd8      0x224 obj/floppy.o
                                        0x23c (size before relaxing)
 .eh_frame      0x0000000000100efc       0x80 obj/idt.o
                                         0x98 (size before relaxing)
 .eh_frame      0x0000000000100f7c       0x40 obj/keyboard.o
                                         0x58 (size before relaxing)
 .eh_frame      0x0000000000100fbc       0xc4 obj/lex-list.o
                                         0xdc (size before relaxing)
 .eh_frame      0x0000000000101080       0x7c obj/lex.o
                                         0x94 (size before relaxing)
 .eh_frame      0x00000000001010fc       0x60 obj/main.o
                                         0x78 (size before relaxing)
 .eh_frame      0x000000000010115c       0x40 obj/math.o
                                         0x58 (size before relaxing)
 .eh_frame      0x000000000010119c      0x1c4 obj/mman.o
                                        0x1dc (size before relaxing)
 .eh_frame      0x0000000000101360       0xe8 obj/pic.o
                                        0x100 (size before relaxing)
 .eh_frame      0x0000000000101448       0x40 obj/random.o
                                         0x58 (size before relaxing)
 .eh_frame      0x0000000000101488      0x120 obj/stack.o
                                        0x138 (size before relaxing)
 .eh_frame      0x00000000001015a8       0x88 obj/stdio.o
                                         0xa0 (size before relaxing)
 .eh_frame      0x0000000000101630      0x208 obj/string.o
                                        0x220 (size before relaxing)
 .eh_frame      0x0000000000101838       0x60 obj/time.o
                                         0x78 (size before relaxing)
 .eh_frame      0x0000000000101898       0x80 obj/util.o
                                         0x98 (size before relaxing)
 .eh_frame      0x0000000000101918      0x2c8 obj/vga.o
                                        0x2e0 (size before relaxing)

.text           0x0000000000101be0     0x3edd
 *(.text)
 .text          0x0000000000101be0      0xc91 obj/anicafs.o
                0x0000000000101be0                anica_read_superblock
                0x0000000000101c60                anica_write_superblock
                0x0000000000101cf8                anica_format_device
                0x0000000000101d9c                anica_open_file
                0x0000000000102024                anica_read_file
                0x00000000001020d2                anica_write_file
                0x000000000010265f                anica_read_itable
                0x00000000001026c9                anica_write_itable
 *fill*         0x0000000000102871        0xf 
 .text          0x0000000000102880        0xc obj/boot.o
                0x0000000000102880                start
 .text          0x000000000010288c      0x1ba obj/dma.o
                0x000000000010288c                dma_xfer
 .text          0x0000000000102a46       0x5e obj/envar.o
                0x0000000000102a46                ENVAR_init
 .text          0x0000000000102aa4       0xad obj/errors.o
                0x0000000000102b16                throw
 .text          0x0000000000102b51      0x1a1 obj/exceptions.o
                0x0000000000102b51                exceptions_init
                0x0000000000102ca8                catch_exception
 .text          0x0000000000102cf2      0x165 obj/filesystem.o
                0x0000000000102cf2                mount
                0x0000000000102d45                open
                0x0000000000102da6                read
                0x0000000000102dd4                write
                0x0000000000102e05                close
                0x0000000000102e18                unmount
 .text          0x0000000000102e57      0x95f obj/floppy.o
                0x0000000000102e57                floppy_write_block
                0x0000000000102e88                floppy_read_block
                0x0000000000102eb9                floppy_handler
                0x0000000000102ed4                floppy_init
 .text          0x00000000001037b6       0xdc obj/idt.o
                0x00000000001037b6                idt_add_handler
                0x00000000001037e0                idt_add_exception
 *fill*         0x0000000000103892        0xe 
 .text          0x00000000001038a0       0x16 obj/interrupts.o
                0x00000000001038a0                load_idt
                0x00000000001038aa                keyboard_irq
                0x00000000001038b0                floppy_irq
 .text          0x00000000001038b6      0x14f obj/keyboard.o
                0x00000000001038b6                kb_init
                0x000000000010390a                keyboard_handler
 .text          0x0000000000103a05      0x1c2 obj/lex-list.o
                0x0000000000103a05                lex_list
 .text          0x0000000000103bc7      0x1d0 obj/lex.o
                0x0000000000103bc7                lex_init
                0x0000000000103bf7                shell
 .text          0x0000000000103d97       0xeb obj/main.o
                0x0000000000103d97                init
                0x0000000000103dda                avian_main
                0x0000000000103e0e                bootscreen
 .text          0x0000000000103e82       0x62 obj/math.o
                0x0000000000103e82                div
                0x0000000000103eb3                ldiv
 .text          0x0000000000103ee4      0x33d obj/mman.o
                0x0000000000103ee4                ptrsize
                0x0000000000103f2a                free
                0x0000000000103f5a                calloc
                0x0000000000103f9a                malloc
                0x000000000010401e                realloc
                0x000000000010406e                memcpy
                0x00000000001040ad                mem_blocks
                0x00000000001040b9                mem_used
                0x00000000001040f2                mem_free
 .text          0x0000000000104221      0x1ff obj/pic.o
                0x0000000000104221                pic_init
                0x0000000000104285                pic_send_eoi
                0x00000000001042bb                pic_enable_irq
                0x0000000000104317                pic_disable_irq
                0x00000000001043e1                pic_remap
 .text          0x0000000000104420       0x10 obj/portio.o
                0x0000000000104420                inportb
                0x0000000000104426                outportb
 .text          0x0000000000104430       0x5b obj/random.o
                0x0000000000104430                rand
                0x000000000010447e                srand
 .text          0x000000000010448b      0x193 obj/stack.o
                0x000000000010448b                stack_str
                0x0000000000104496                push_str
                0x00000000001044d4                new_stack
                0x0000000000104513                delete_stack
                0x0000000000104534                push
                0x0000000000104580                pop
                0x00000000001045cc                peek
                0x00000000001045fa                empty
                0x0000000000104609                full
 .text          0x000000000010461e      0x3d8 obj/stdio.o
                0x00000000001046b1                printf
                0x00000000001048a8                scan
 .text          0x00000000001049f6      0x6d7 obj/string.o
                0x00000000001049f6                split
                0x0000000000104b0e                chomp
                0x0000000000104b4d                new_str
                0x0000000000104cd9                reverse
                0x0000000000104d47                itoa
                0x0000000000104e56                strcat
                0x0000000000104e92                strncat
                0x0000000000104ee6                strchr
                0x0000000000104f0f                strcmp
                0x0000000000104f61                strncmp
                0x0000000000104fbb                strcpy
                0x0000000000104fe9                strncpy
                0x000000000010501e                strlen
                0x0000000000105051                memset
                0x000000000010507f                memcmp
 *fill*         0x00000000001050cd        0x3 
 .text          0x00000000001050d0        0xd obj/throw.o
                0x00000000001050d0                throw_exception
 .text          0x00000000001050dd       0x78 obj/time.o
                0x00000000001050dd                get_bios_ticks
                0x00000000001050ea                usleep
                0x0000000000105126                sleep
 .text          0x0000000000105155      0x451 obj/util.o
                0x0000000000105155                types_test
                0x00000000001054ad                colors_test
                0x000000000010553a                trace_function
                0x0000000000105565                notify_progress
 .text          0x00000000001055a6      0x517 obj/vga.o
                0x00000000001055a6                move_cursor
                0x000000000010562e                hide_cursor
                0x000000000010564a                vga_tabsize
                0x000000000010566c                vga_increment
                0x0000000000105683                vga_decrement
                0x000000000010569a                vga_getcol
                0x00000000001056b8                vga_getrow
                0x00000000001056d4                vga_getloc
                0x00000000001056e4                vga_setcolor
                0x0000000000105700                vga_newline
                0x0000000000105721                vga_creturn
                0x0000000000105741                vga_tabchar
                0x00000000001057b2                vga_movexy
                0x00000000001057f5                vga_moveptr
                0x0000000000105822                vga_char_at
                0x0000000000105856                vga_clear
                0x00000000001058b8                vga_clear_row
                0x000000000010590c                vga_write
                0x0000000000105948                addch
                0x0000000000105992                vga_color
                0x00000000001059bb                printxy
                0x0000000000105a1f                vga_scroll

.iplt           0x0000000000105ac0        0x0
 .iplt          0x0000000000000000        0x0 obj/anicafs.o

.rel.dyn        0x0000000000105ac0        0x0
 .rel.iplt      0x0000000000000000        0x0 obj/anicafs.o
 .rel.text      0x0000000000000000        0x0 obj/anicafs.o

.data           0x0000000000105ac0      0x17a
 *(.data)
 .data          0x0000000000105ac0        0x0 obj/anicafs.o
 .data          0x0000000000105ac0        0x0 obj/dma.o
 .data          0x0000000000105ac0        0x0 obj/envar.o
 .data          0x0000000000105ac0        0x0 obj/errors.o
 .data          0x0000000000105ac0        0x0 obj/exceptions.o
 .data          0x0000000000105ac0        0x0 obj/filesystem.o
 .data          0x0000000000105ac0        0x0 obj/floppy.o
 .data          0x0000000000105ac0        0x0 obj/idt.o
 .data          0x0000000000105ac0      0x174 obj/keyboard.o
                0x0000000000105ac0                KEYMAP
 .data          0x0000000000105c34        0x0 obj/lex-list.o
 .data          0x0000000000105c34        0x0 obj/lex.o
 .data          0x0000000000105c34        0x0 obj/main.o
 .data          0x0000000000105c34        0x0 obj/math.o
 .data          0x0000000000105c34        0x0 obj/mman.o
 .data          0x0000000000105c34        0x0 obj/pic.o
 .data          0x0000000000105c34        0x4 obj/random.o
 .data          0x0000000000105c38        0x0 obj/stack.o
 .data          0x0000000000105c38        0x0 obj/stdio.o
 .data          0x0000000000105c38        0x1 obj/string.o
                0x0000000000105c38                itoa_long
 .data          0x0000000000105c39        0x0 obj/time.o
 .data          0x0000000000105c39        0x0 obj/util.o
 .data          0x0000000000105c39        0x1 obj/vga.o

.igot.plt       0x0000000000105c3c        0x0
 .igot.plt      0x0000000000000000        0x0 obj/anicafs.o

.bss            0x0000000000105c40     0x304f
 *(.bss)
 .bss           0x0000000000105c40        0x0 obj/anicafs.o
 .bss           0x0000000000105c40     0x2000 obj/boot.o
 .bss           0x0000000000107c40        0x0 obj/dma.o
 .bss           0x0000000000107c40        0x0 obj/envar.o
 .bss           0x0000000000107c40        0x0 obj/errors.o
 .bss           0x0000000000107c40        0x0 obj/exceptions.o
 .bss           0x0000000000107c40        0x0 obj/filesystem.o
 .bss           0x0000000000107c40        0xd obj/floppy.o
 *fill*         0x0000000000107c4d       0x13 
 .bss           0x0000000000107c60      0x800 obj/idt.o
 .bss           0x0000000000108460        0x2 obj/keyboard.o
 .bss           0x0000000000108462        0x0 obj/lex-list.o
 *fill*         0x0000000000108462       0x1e 
 .bss           0x0000000000108480      0x804 obj/lex.o
 .bss           0x0000000000108c84        0x0 obj/main.o
 .bss           0x0000000000108c84        0x0 obj/math.o
 .bss           0x0000000000108c84        0x0 obj/mman.o
 .bss           0x0000000000108c84        0x0 obj/pic.o
 .bss           0x0000000000108c84        0x0 obj/random.o
 .bss           0x0000000000108c84        0x0 obj/stack.o
 .bss           0x0000000000108c84        0x0 obj/stdio.o
 .bss           0x0000000000108c84        0x4 obj/string.o
                0x0000000000108c84                itoa_case
 .bss           0x0000000000108c88        0x0 obj/time.o
 .bss           0x0000000000108c88        0x0 obj/util.o
 .bss           0x0000000000108c88        0x0 obj/vga.o
 COMMON         0x0000000000108c88        0x3 obj/envar.o
                0x0000000000108c88                ENVAR
 *fill*         0x0000000000108c8b        0x1 
 COMMON         0x0000000000108c8c        0x3 obj/keyboard.o
                0x0000000000108c8c                key
                0x0000000000108c8e                press
LOAD obj/anicafs.o
LOAD obj/boot.o
LOAD obj/dma.o
LOAD obj/envar.o
LOAD obj/errors.o
LOAD obj/exceptions.o
LOAD obj/filesystem.o
LOAD obj/floppy.o
LOAD obj/idt.o
LOAD obj/interrupts.o
LOAD obj/keyboard.o
LOAD obj/lex-list.o
LOAD obj/lex.o
LOAD obj/main.o
LOAD obj/math.o
LOAD obj/mman.o
LOAD obj/pic.o
LOAD obj/portio.o
LOAD obj/random.o
LOAD obj/stack.o
LOAD obj/stdio.o
LOAD obj/string.o
LOAD obj/throw.o
LOAD obj/time.o
LOAD obj/util.o
LOAD obj/vga.o
OUTPUT(bin/kernel-alpha elf32-i386)

.comment        0x0000000000000000       0x2b
 .comment       0x0000000000000000       0x2b obj/anicafs.o
                                         0x2c (size before relaxing)
 .comment       0x0000000000000000       0x2c obj/dma.o
 .comment       0x0000000000000000       0x2c obj/envar.o
 .comment       0x0000000000000000       0x2c obj/errors.o
 .comment       0x0000000000000000       0x2c obj/exceptions.o
 .comment       0x0000000000000000       0x2c obj/filesystem.o
 .comment       0x0000000000000000       0x2c obj/floppy.o
 .comment       0x0000000000000000       0x2c obj/idt.o
 .comment       0x0000000000000000       0x2c obj/keyboard.o
 .comment       0x0000000000000000       0x2c obj/lex-list.o
 .comment       0x0000000000000000       0x2c obj/lex.o
 .comment       0x0000000000000000       0x2c obj/main.o
 .comment       0x0000000000000000       0x2c obj/math.o
 .comment       0x0000000000000000       0x2c obj/mman.o
 .comment       0x0000000000000000       0x2c obj/pic.o
 .comment       0x0000000000000000       0x2c obj/random.o
 .comment       0x0000000000000000       0x2c obj/stack.o
 .comment       0x0000000000000000       0x2c obj/stdio.o
 .comment       0x0000000000000000       0x2c obj/string.o
 .comment       0x0000000000000000       0x2c obj/time.o
 .comment       0x0000000000000000       0x2c obj/util.o
 .comment       0x0000000000000000       0x2c obj/vga.o

.note.GNU-stack
                0x0000000000000000        0x0
 .note.GNU-stack
                0x0000000000000000        0x0 obj/anicafs.o
 .note.GNU-stack
                0x0000000000000000        0x0 obj/dma.o
 .note.GNU-stack
                0x0000000000000000        0x0 obj/envar.o
 .note.GNU-stack
                0x0000000000000000        0x0 obj/errors.o
 .note.GNU-stack
                0x0000000000000000        0x0 obj/exceptions.o
 .note.GNU-stack
                0x0000000000000000        0x0 obj/filesystem.o
 .note.GNU-stack
                0x0000000000000000        0x0 obj/floppy.o
 .note.GNU-stack
                0x0000000000000000        0x0 obj/idt.o
 .note.GNU-stack
                0x0000000000000000        0x0 obj/keyboard.o
 .note.GNU-stack
                0x0000000000000000        0x0 obj/lex-list.o
 .note.GNU-stack
                0x0000000000000000        0x0 obj/lex.o
 .note.GNU-stack
                0x0000000000000000        0x0 obj/main.o
 .note.GNU-stack
                0x0000000000000000        0x0 obj/math.o
 .note.GNU-stack
                0x0000000000000000        0x0 obj/mman.o
 .note.GNU-stack
                0x0000000000000000        0x0 obj/pic.o
 .note.GNU-stack
                0x0000000000000000        0x0 obj/random.o
 .note.GNU-stack
                0x0000000000000000        0x0 obj/stack.o
 .note.GNU-stack
                0x0000000000000000        0x0 obj/stdio.o
 .note.GNU-stack
                0x0000000000000000        0x0 obj/string.o
 .note.GNU-stack
                0x0000000000000000        0x0 obj/time.o
 .note.GNU-stack
                0x0000000000000000        0x0 obj/util.o
 .note.GNU-stack
                0x0000000000000000        0x0 obj/vga.o
