
Allocating common symbols
Common symbol       size              file

listen              0x1               obj/keyboard.o
key                 0x2               obj/keyboard.o
keypress            0x1               obj/keyboard.o

Memory Configuration

Name             Origin             Length             Attributes
*default*        0x0000000000000000 0xffffffffffffffff

Linker script and memory map

                0x0000000000100000                . = 0x100000

.mbh            0x0000000000100000        0xc
 *(.mbh)
 .mbh           0x0000000000100000        0xc obj/boot.o

.rodata         0x0000000000100020      0xb00
 .rodata        0x0000000000100020       0x36 obj/anicafs.o
 .rodata        0x0000000000100056       0x30 obj/dma.o
 .rodata        0x0000000000100086       0x30 obj/errors.o
 *fill*         0x00000000001000b6        0x2 
 .rodata        0x00000000001000b8      0x201 obj/exceptions.o
 *fill*         0x00000000001002b9        0x3 
 .rodata        0x00000000001002bc       0xd2 obj/floppy.o
 .rodata        0x000000000010038e       0x18 obj/keyboard.o
 *fill*         0x00000000001003a6        0x2 
 .rodata        0x00000000001003a8      0x152 obj/lex-list.o
 *fill*         0x00000000001004fa        0x2 
 .rodata        0x00000000001004fc       0xef obj/lex-term.o
 *fill*         0x00000000001005eb        0x1 
 .rodata        0x00000000001005ec      0x236 obj/lex.o
 *fill*         0x0000000000100822        0x2 
 .rodata        0x0000000000100824       0x5e obj/main.o
 *fill*         0x0000000000100882        0x2 
 .rodata        0x0000000000100884        0xb obj/mman.o
 *fill*         0x000000000010088f        0x1 
 .rodata        0x0000000000100890      0x16e obj/stdio.o
 *fill*         0x00000000001009fe        0x2 
 .rodata        0x0000000000100a00       0x31 obj/string.o
 *fill*         0x0000000000100a31        0x3 
 .rodata        0x0000000000100a34        0x4 obj/time.o
                0x0000000000100a34                bios_ticks
 .rodata        0x0000000000100a38       0xe1 obj/util.o
 *fill*         0x0000000000100b19        0x3 
 .rodata        0x0000000000100b1c        0x4 obj/vga.o

.eh_frame       0x0000000000100b20     0x1484
 .eh_frame      0x0000000000100b20      0x29c obj/anicafs.o
 .eh_frame      0x0000000000100dbc       0x40 obj/dma.o
                                         0x58 (size before relaxing)
 .eh_frame      0x0000000000100dfc       0x40 obj/errors.o
                                         0x58 (size before relaxing)
 .eh_frame      0x0000000000100e3c       0x7c obj/exceptions.o
                                         0x94 (size before relaxing)
 .eh_frame      0x0000000000100eb8       0xc0 obj/filesystem.o
                                         0xd8 (size before relaxing)
 .eh_frame      0x0000000000100f78      0x224 obj/floppy.o
                                        0x23c (size before relaxing)
 .eh_frame      0x000000000010119c       0x80 obj/idt.o
                                         0x98 (size before relaxing)
 .eh_frame      0x000000000010121c       0x40 obj/keyboard.o
                                         0x58 (size before relaxing)
 .eh_frame      0x000000000010125c       0xc4 obj/lex-list.o
                                         0xdc (size before relaxing)
 .eh_frame      0x0000000000101320       0xa0 obj/lex-term.o
                                         0xb8 (size before relaxing)
 .eh_frame      0x00000000001013c0       0x9c obj/lex.o
                                         0xb4 (size before relaxing)
 .eh_frame      0x000000000010145c       0x60 obj/main.o
                                         0x78 (size before relaxing)
 .eh_frame      0x00000000001014bc       0x60 obj/math.o
                                         0x78 (size before relaxing)
 .eh_frame      0x000000000010151c      0x1a4 obj/mman.o
                                        0x1bc (size before relaxing)
 .eh_frame      0x00000000001016c0       0xe8 obj/pic.o
                                        0x100 (size before relaxing)
 .eh_frame      0x00000000001017a8       0x40 obj/random.o
                                         0x58 (size before relaxing)
 .eh_frame      0x00000000001017e8      0x120 obj/stack.o
                                        0x138 (size before relaxing)
 .eh_frame      0x0000000000101908       0x88 obj/stdio.o
                                         0xa0 (size before relaxing)
 .eh_frame      0x0000000000101990      0x26c obj/string.o
                                        0x284 (size before relaxing)
 .eh_frame      0x0000000000101bfc       0x60 obj/time.o
                                         0x78 (size before relaxing)
 .eh_frame      0x0000000000101c5c       0x80 obj/util.o
                                         0x98 (size before relaxing)
 .eh_frame      0x0000000000101cdc      0x2c8 obj/vga.o
                                        0x2e0 (size before relaxing)

.text           0x0000000000101fb0     0x426d
 *(.text)
 .text          0x0000000000101fb0      0xc91 obj/anicafs.o
                0x0000000000101fb0                anica_read_superblock
                0x0000000000102030                anica_write_superblock
                0x00000000001020c8                anica_format_device
                0x000000000010216c                anica_open_file
                0x00000000001023f4                anica_read_file
                0x00000000001024a2                anica_write_file
                0x0000000000102a2f                anica_read_itable
                0x0000000000102a99                anica_write_itable
 *fill*         0x0000000000102c41        0xf 
 .text          0x0000000000102c50        0xc obj/boot.o
                0x0000000000102c50                start
 .text          0x0000000000102c5c      0x1ba obj/dma.o
                0x0000000000102c5c                dma_xfer
 .text          0x0000000000102e16       0xad obj/errors.o
                0x0000000000102e88                throw
 .text          0x0000000000102ec3      0x1a1 obj/exceptions.o
                0x0000000000102ec3                exceptions_init
                0x000000000010301a                catch_exception
 .text          0x0000000000103064      0x165 obj/filesystem.o
                0x0000000000103064                mount
                0x00000000001030b7                open
                0x0000000000103118                read
                0x0000000000103146                write
                0x0000000000103177                close
                0x000000000010318a                unmount
 .text          0x00000000001031c9      0x95f obj/floppy.o
                0x00000000001031c9                floppy_write_block
                0x00000000001031fa                floppy_read_block
                0x000000000010322b                floppy_handler
                0x0000000000103246                floppy_init
 .text          0x0000000000103b28       0xdc obj/idt.o
                0x0000000000103b28                idt_add_handler
                0x0000000000103b52                idt_add_exception
 *fill*         0x0000000000103c04        0xc 
 .text          0x0000000000103c10       0x16 obj/interrupts.o
                0x0000000000103c10                load_idt
                0x0000000000103c1a                keyboard_irq
                0x0000000000103c20                floppy_irq
 .text          0x0000000000103c26      0x14e obj/keyboard.o
                0x0000000000103c26                kb_init
                0x0000000000103c88                keyboard_handler
 .text          0x0000000000103d74      0x1aa obj/lex-list.o
                0x0000000000103d74                lex_list
 .text          0x0000000000103f1e      0x1c0 obj/lex-term.o
                0x0000000000103f1e                lex_term
 .text          0x00000000001040de      0x303 obj/lex.o
                0x00000000001040de                lex_init
                0x000000000010415f                shell
 .text          0x00000000001043e1       0xe6 obj/main.o
                0x00000000001043e1                init
                0x000000000010441f                avian_main
                0x0000000000104453                bootscreen
 .text          0x00000000001044c7       0x92 obj/math.o
                0x00000000001044c7                div
                0x00000000001044f8                ldiv
                0x0000000000104529                pow
 .text          0x0000000000104559      0x2fe obj/mman.o
                0x0000000000104559                ptrsize
                0x000000000010459f                free
                0x00000000001045cf                calloc
                0x000000000010460f                malloc
                0x0000000000104693                realloc
                0x00000000001046e3                mem_blocks
                0x00000000001046ef                mem_used
                0x0000000000104728                mem_free
 .text          0x0000000000104857      0x1ff obj/pic.o
                0x0000000000104857                pic_init
                0x00000000001048bb                pic_send_eoi
                0x00000000001048f1                pic_enable_irq
                0x000000000010494d                pic_disable_irq
                0x0000000000104a17                pic_remap
 *fill*         0x0000000000104a56        0xa 
 .text          0x0000000000104a60       0x10 obj/portio.o
                0x0000000000104a60                inportb
                0x0000000000104a66                outportb
 .text          0x0000000000104a70       0x5b obj/random.o
                0x0000000000104a70                rand
                0x0000000000104abe                srand
 .text          0x0000000000104acb      0x193 obj/stack.o
                0x0000000000104acb                stack_str
                0x0000000000104ad6                push_str
                0x0000000000104b14                new_stack
                0x0000000000104b53                delete_stack
                0x0000000000104b74                push
                0x0000000000104bc0                pop
                0x0000000000104c0c                peek
                0x0000000000104c3a                empty
                0x0000000000104c49                full
 .text          0x0000000000104c5e      0x3b1 obj/stdio.o
                0x0000000000104cf1                printf
                0x0000000000104ee8                scan
 .text          0x000000000010500f      0x819 obj/string.o
                0x000000000010500f                split
                0x0000000000105127                chomp
                0x0000000000105166                new_str
                0x00000000001052f2                reverse
                0x0000000000105360                itoa
                0x00000000001054ef                atoi
                0x0000000000105572                strcat
                0x00000000001055ae                strncat
                0x0000000000105602                strchr
                0x000000000010562b                strcmp
                0x000000000010567d                strncmp
                0x00000000001056d7                strcpy
                0x0000000000105705                strncpy
                0x000000000010573a                strlen
                0x000000000010576d                memset
                0x000000000010579b                memcmp
                0x00000000001057e9                memcpy
 *fill*         0x0000000000105828        0x8 
 .text          0x0000000000105830        0xd obj/throw.o
                0x0000000000105830                throw_exception
 .text          0x000000000010583d       0x78 obj/time.o
                0x000000000010583d                get_bios_ticks
                0x000000000010584a                usleep
                0x0000000000105886                sleep
 .text          0x00000000001058b5      0x451 obj/util.o
                0x00000000001058b5                types_test
                0x0000000000105c0d                colors_test
                0x0000000000105c9a                trace_function
                0x0000000000105cc5                notify_progress
 .text          0x0000000000105d06      0x517 obj/vga.o
                0x0000000000105d06                move_cursor
                0x0000000000105d8e                hide_cursor
                0x0000000000105daa                vga_tabsize
                0x0000000000105dcc                vga_increment
                0x0000000000105de3                vga_decrement
                0x0000000000105dfa                vga_getcol
                0x0000000000105e18                vga_getrow
                0x0000000000105e34                vga_getloc
                0x0000000000105e44                vga_setcolor
                0x0000000000105e60                vga_newline
                0x0000000000105e81                vga_creturn
                0x0000000000105ea1                vga_tabchar
                0x0000000000105f12                vga_movexy
                0x0000000000105f55                vga_moveptr
                0x0000000000105f82                vga_char_at
                0x0000000000105fb6                vga_clear
                0x0000000000106018                vga_clear_row
                0x000000000010606c                vga_write
                0x00000000001060a8                addch
                0x00000000001060f2                vga_color
                0x000000000010611b                printxy
                0x000000000010617f                vga_scroll

.iplt           0x0000000000106220        0x0
 .iplt          0x0000000000000000        0x0 obj/anicafs.o

.rel.dyn        0x0000000000106220        0x0
 .rel.iplt      0x0000000000000000        0x0 obj/anicafs.o
 .rel.text      0x0000000000000000        0x0 obj/anicafs.o

.data           0x0000000000106220      0x17a
 *(.data)
 .data          0x0000000000106220        0x0 obj/anicafs.o
 .data          0x0000000000106220        0x0 obj/dma.o
 .data          0x0000000000106220        0x0 obj/errors.o
 .data          0x0000000000106220        0x0 obj/exceptions.o
 .data          0x0000000000106220        0x0 obj/filesystem.o
 .data          0x0000000000106220        0x0 obj/floppy.o
 .data          0x0000000000106220        0x0 obj/idt.o
 .data          0x0000000000106220      0x174 obj/keyboard.o
                0x0000000000106220                KEYMAP
 .data          0x0000000000106394        0x0 obj/lex-list.o
 .data          0x0000000000106394        0x0 obj/lex-term.o
 .data          0x0000000000106394        0x0 obj/lex.o
 .data          0x0000000000106394        0x0 obj/main.o
 .data          0x0000000000106394        0x0 obj/math.o
 .data          0x0000000000106394        0x0 obj/mman.o
 .data          0x0000000000106394        0x0 obj/pic.o
 .data          0x0000000000106394        0x4 obj/random.o
 .data          0x0000000000106398        0x0 obj/stack.o
 .data          0x0000000000106398        0x0 obj/stdio.o
 .data          0x0000000000106398        0x1 obj/string.o
                0x0000000000106398                itoa_long
 .data          0x0000000000106399        0x0 obj/time.o
 .data          0x0000000000106399        0x0 obj/util.o
 .data          0x0000000000106399        0x1 obj/vga.o

.igot.plt       0x000000000010639c        0x0
 .igot.plt      0x0000000000000000        0x0 obj/anicafs.o

.bss            0x00000000001063a0     0x2835
 *(.bss)
 .bss           0x00000000001063a0        0x0 obj/anicafs.o
 .bss           0x00000000001063a0     0x2000 obj/boot.o
 .bss           0x00000000001083a0        0x0 obj/dma.o
 .bss           0x00000000001083a0        0x0 obj/errors.o
 .bss           0x00000000001083a0        0x0 obj/exceptions.o
 .bss           0x00000000001083a0        0x0 obj/filesystem.o
 .bss           0x00000000001083a0        0xd obj/floppy.o
 *fill*         0x00000000001083ad       0x13 
 .bss           0x00000000001083c0      0x800 obj/idt.o
 .bss           0x0000000000108bc0        0x2 obj/keyboard.o
 .bss           0x0000000000108bc2        0x0 obj/lex-list.o
 .bss           0x0000000000108bc2        0x0 obj/lex-term.o
 *fill*         0x0000000000108bc2        0x2 
 .bss           0x0000000000108bc4        0x8 obj/lex.o
 .bss           0x0000000000108bcc        0x0 obj/main.o
 .bss           0x0000000000108bcc        0x0 obj/math.o
 .bss           0x0000000000108bcc        0x0 obj/mman.o
 .bss           0x0000000000108bcc        0x0 obj/pic.o
 .bss           0x0000000000108bcc        0x0 obj/random.o
 .bss           0x0000000000108bcc        0x0 obj/stack.o
 .bss           0x0000000000108bcc        0x0 obj/stdio.o
 .bss           0x0000000000108bcc        0x4 obj/string.o
                0x0000000000108bcc                itoa_case
 .bss           0x0000000000108bd0        0x0 obj/time.o
 .bss           0x0000000000108bd0        0x0 obj/util.o
 .bss           0x0000000000108bd0        0x0 obj/vga.o
 COMMON         0x0000000000108bd0        0x5 obj/keyboard.o
                0x0000000000108bd0                listen
                0x0000000000108bd2                key
                0x0000000000108bd4                keypress
LOAD obj/anicafs.o
LOAD obj/boot.o
LOAD obj/dma.o
LOAD obj/errors.o
LOAD obj/exceptions.o
LOAD obj/filesystem.o
LOAD obj/floppy.o
LOAD obj/idt.o
LOAD obj/interrupts.o
LOAD obj/keyboard.o
LOAD obj/lex-list.o
LOAD obj/lex-term.o
LOAD obj/lex.o
LOAD obj/main.o
LOAD obj/math.o
LOAD obj/mman.o
LOAD obj/pic.o
LOAD obj/portio.o
LOAD obj/random.o
LOAD obj/stack.o
LOAD obj/stdio.o
LOAD obj/string.o
LOAD obj/throw.o
LOAD obj/time.o
LOAD obj/util.o
LOAD obj/vga.o
OUTPUT(bin/kernel-alpha elf32-i386)

.comment        0x0000000000000000       0x2b
 .comment       0x0000000000000000       0x2b obj/anicafs.o
                                         0x2c (size before relaxing)
 .comment       0x0000000000000000       0x2c obj/dma.o
 .comment       0x0000000000000000       0x2c obj/errors.o
 .comment       0x0000000000000000       0x2c obj/exceptions.o
 .comment       0x0000000000000000       0x2c obj/filesystem.o
 .comment       0x0000000000000000       0x2c obj/floppy.o
 .comment       0x0000000000000000       0x2c obj/idt.o
 .comment       0x0000000000000000       0x2c obj/keyboard.o
 .comment       0x0000000000000000       0x2c obj/lex-list.o
 .comment       0x0000000000000000       0x2c obj/lex-term.o
 .comment       0x0000000000000000       0x2c obj/lex.o
 .comment       0x0000000000000000       0x2c obj/main.o
 .comment       0x0000000000000000       0x2c obj/math.o
 .comment       0x0000000000000000       0x2c obj/mman.o
 .comment       0x0000000000000000       0x2c obj/pic.o
 .comment       0x0000000000000000       0x2c obj/random.o
 .comment       0x0000000000000000       0x2c obj/stack.o
 .comment       0x0000000000000000       0x2c obj/stdio.o
 .comment       0x0000000000000000       0x2c obj/string.o
 .comment       0x0000000000000000       0x2c obj/time.o
 .comment       0x0000000000000000       0x2c obj/util.o
 .comment       0x0000000000000000       0x2c obj/vga.o

.note.GNU-stack
                0x0000000000000000        0x0
 .note.GNU-stack
                0x0000000000000000        0x0 obj/anicafs.o
 .note.GNU-stack
                0x0000000000000000        0x0 obj/dma.o
 .note.GNU-stack
                0x0000000000000000        0x0 obj/errors.o
 .note.GNU-stack
                0x0000000000000000        0x0 obj/exceptions.o
 .note.GNU-stack
                0x0000000000000000        0x0 obj/filesystem.o
 .note.GNU-stack
                0x0000000000000000        0x0 obj/floppy.o
 .note.GNU-stack
                0x0000000000000000        0x0 obj/idt.o
 .note.GNU-stack
                0x0000000000000000        0x0 obj/keyboard.o
 .note.GNU-stack
                0x0000000000000000        0x0 obj/lex-list.o
 .note.GNU-stack
                0x0000000000000000        0x0 obj/lex-term.o
 .note.GNU-stack
                0x0000000000000000        0x0 obj/lex.o
 .note.GNU-stack
                0x0000000000000000        0x0 obj/main.o
 .note.GNU-stack
                0x0000000000000000        0x0 obj/math.o
 .note.GNU-stack
                0x0000000000000000        0x0 obj/mman.o
 .note.GNU-stack
                0x0000000000000000        0x0 obj/pic.o
 .note.GNU-stack
                0x0000000000000000        0x0 obj/random.o
 .note.GNU-stack
                0x0000000000000000        0x0 obj/stack.o
 .note.GNU-stack
                0x0000000000000000        0x0 obj/stdio.o
 .note.GNU-stack
                0x0000000000000000        0x0 obj/string.o
 .note.GNU-stack
                0x0000000000000000        0x0 obj/time.o
 .note.GNU-stack
                0x0000000000000000        0x0 obj/util.o
 .note.GNU-stack
                0x0000000000000000        0x0 obj/vga.o
