
Allocating common symbols
Common symbol       size              file

ENVAR               0x3               obj/envar.o
stdin               0x4               obj/keyboard.o

Memory Configuration

Name             Origin             Length             Attributes
*default*        0x0000000000000000 0xffffffffffffffff

Linker script and memory map

                0x0000000000100000                . = 0x100000

.mbh            0x0000000000100000        0xc
 *(.mbh)
 .mbh           0x0000000000100000        0xc obj/boot.o

.rodata         0x000000000010000c      0x656
 .rodata        0x000000000010000c      0x106 obj/anicafs.o
 .rodata        0x0000000000100112       0x30 obj/dma.o
 .rodata        0x0000000000100142       0x21 obj/envar.o
 *fill*         0x0000000000100163        0x1 
 .rodata        0x0000000000100164      0x201 obj/exceptions.o
 *fill*         0x0000000000100365        0x3 
 .rodata        0x0000000000100368       0xc6 obj/floppy.o
 .rodata        0x000000000010042e       0x21 obj/keyboard.o
 *fill*         0x000000000010044f        0x1 
 .rodata        0x0000000000100450      0x12e obj/main.o
 *fill*         0x000000000010057e        0x2 
 .rodata        0x0000000000100580        0x4 obj/mman.o
 .rodata        0x0000000000100584       0x1c obj/string.o
 .rodata        0x00000000001005a0       0xbb obj/util.o
 *fill*         0x000000000010065b        0x1 
 .rodata        0x000000000010065c        0x6 obj/vga.o

.eh_frame       0x0000000000100664     0x11d4
 .eh_frame      0x0000000000100664      0x2a0 obj/anicafs.o
 .eh_frame      0x0000000000100904       0x40 obj/dma.o
                                         0x58 (size before relaxing)
 .eh_frame      0x0000000000100944       0x20 obj/envar.o
                                         0x38 (size before relaxing)
 .eh_frame      0x0000000000100964       0x7c obj/exceptions.o
                                         0x94 (size before relaxing)
 .eh_frame      0x00000000001009e0       0xc0 obj/filesystem.o
                                         0xd8 (size before relaxing)
 .eh_frame      0x0000000000100aa0      0x224 obj/floppy.o
                                        0x23c (size before relaxing)
 .eh_frame      0x0000000000100cc4       0x80 obj/idt.o
                                         0x98 (size before relaxing)
 .eh_frame      0x0000000000100d44       0xc0 obj/keyboard.o
                                         0xd8 (size before relaxing)
 .eh_frame      0x0000000000100e04       0x80 obj/main.o
                                         0x98 (size before relaxing)
 .eh_frame      0x0000000000100e84       0x40 obj/math.o
                                         0x58 (size before relaxing)
 .eh_frame      0x0000000000100ec4      0x1c4 obj/mman.o
                                        0x1dc (size before relaxing)
 .eh_frame      0x0000000000101088       0xe8 obj/pic.o
                                        0x100 (size before relaxing)
 .eh_frame      0x0000000000101170      0x120 obj/stack.o
                                        0x138 (size before relaxing)
 .eh_frame      0x0000000000101290      0x1c0 obj/string.o
                                        0x1d8 (size before relaxing)
 .eh_frame      0x0000000000101450       0x40 obj/time.o
                                         0x58 (size before relaxing)
 .eh_frame      0x0000000000101490       0x80 obj/util.o
                                         0x98 (size before relaxing)
 .eh_frame      0x0000000000101510      0x328 obj/vga.o
                                        0x340 (size before relaxing)

.text           0x0000000000101840     0x3991
 *(.text)
 .text          0x0000000000101840      0xd38 obj/anicafs.o
                0x0000000000101840                anica_read_superblock
                0x00000000001018c0                anica_write_superblock
                0x0000000000101958                anica_format_device
                0x0000000000101a1c                anica_open_file
                0x0000000000101d0c                anica_read_file
                0x0000000000101dba                anica_write_file
                0x0000000000102366                anica_read_itable
                0x00000000001023d0                anica_write_itable
 *fill*         0x0000000000102578        0x8 
 .text          0x0000000000102580        0xc obj/boot.o
                0x0000000000102580                start
 .text          0x000000000010258c      0x1ba obj/dma.o
                0x000000000010258c                dma_xfer
 .text          0x0000000000102746       0x5e obj/envar.o
                0x0000000000102746                ENVAR_init
 .text          0x00000000001027a4      0x1c9 obj/exceptions.o
                0x00000000001027a4                exceptions_init
                0x00000000001028fb                catch_exception
 .text          0x000000000010296d      0x165 obj/filesystem.o
                0x000000000010296d                mount
                0x00000000001029c0                open
                0x0000000000102a21                read
                0x0000000000102a4f                write
                0x0000000000102a80                close
                0x0000000000102a93                unmount
 .text          0x0000000000102ad2      0x953 obj/floppy.o
                0x0000000000102ad2                floppy_write_block
                0x0000000000102b03                floppy_read_block
                0x0000000000102b34                floppy_handler
                0x0000000000102b4f                floppy_init
 .text          0x0000000000103425       0xdc obj/idt.o
                0x0000000000103425                idt_add_handler
                0x000000000010344f                idt_add_exception
 *fill*         0x0000000000103501        0xf 
 .text          0x0000000000103510       0x16 obj/interrupts.o
                0x0000000000103510                load_idt
                0x000000000010351a                keyboard_irq
                0x0000000000103520                floppy_irq
 .text          0x0000000000103526      0x1f6 obj/keyboard.o
                0x0000000000103526                kb_buffer
                0x000000000010353b                kb_init
                0x0000000000103589                enter
                0x00000000001035a6                backspace
                0x00000000001035bb                undef_char
                0x00000000001035d8                keyboard_handler
 .text          0x000000000010371c      0x22c obj/main.o
                0x000000000010371c                init
                0x0000000000103767                avian_main
                0x00000000001038b2                main_loop
                0x00000000001038d4                bootscreen
 .text          0x0000000000103948       0x62 obj/math.o
                0x0000000000103948                div
                0x0000000000103979                ldiv
 .text          0x00000000001039aa      0x329 obj/mman.o
                0x00000000001039aa                ptrsize
                0x00000000001039f0                free
                0x0000000000103a20                calloc
                0x0000000000103a60                malloc
                0x0000000000103ad0                realloc
                0x0000000000103b20                memcpy
                0x0000000000103b5f                mem_blocks
                0x0000000000103b6b                mem_used
                0x0000000000103ba4                mem_free
 .text          0x0000000000103cd3      0x1ff obj/pic.o
                0x0000000000103cd3                pic_init
                0x0000000000103d37                pic_send_eoi
                0x0000000000103d6d                pic_enable_irq
                0x0000000000103dc9                pic_disable_irq
                0x0000000000103e93                pic_remap
 *fill*         0x0000000000103ed2        0xe 
 .text          0x0000000000103ee0       0x10 obj/portio.o
                0x0000000000103ee0                inportb
                0x0000000000103ee6                outportb
 .text          0x0000000000103ef0      0x193 obj/stack.o
                0x0000000000103ef0                stack_str
                0x0000000000103efb                push_str
                0x0000000000103f39                new_stack
                0x0000000000103f78                delete_stack
                0x0000000000103f99                push
                0x0000000000103fe5                pop
                0x0000000000104031                peek
                0x000000000010405f                empty
                0x000000000010406e                full
 .text          0x0000000000104083      0x49d obj/string.o
                0x0000000000104083                new_str
                0x0000000000104141                reverse
                0x00000000001041af                itoa
                0x00000000001042a9                strcat
                0x00000000001042e5                strncat
                0x0000000000104339                strchr
                0x0000000000104362                strcmp
                0x00000000001043b4                strncmp
                0x000000000010440e                strcpy
                0x000000000010443c                strncpy
                0x0000000000104471                strlen
                0x00000000001044a4                memset
                0x00000000001044d2                memcmp
 .text          0x0000000000104520        0xd obj/throw.o
                0x0000000000104520                throw_exception
 .text          0x000000000010452d       0x6b obj/time.o
                0x000000000010452d                usleep
                0x0000000000104569                sleep
 .text          0x0000000000104598      0x690 obj/util.o
                0x0000000000104598                types_test
                0x0000000000104b30                trace_function
                0x0000000000104b73                notify
                0x0000000000104ba9                notify_progress
 .text          0x0000000000104c28      0x5a9 obj/vga.o
                0x0000000000104c28                move_cursor
                0x0000000000104cb0                hide_cursor
                0x0000000000104ccc                vga_tabsize
                0x0000000000104cee                vga_increment
                0x0000000000104d05                vga_decrement
                0x0000000000104d1c                vga_getcol
                0x0000000000104d3a                vga_getrow
                0x0000000000104d56                vga_getloc
                0x0000000000104d66                vga_setcolor
                0x0000000000104d82                vga_newline
                0x0000000000104da3                vga_creturn
                0x0000000000104dc3                vga_tabchar
                0x0000000000104e34                vga_movexy
                0x0000000000104e77                vga_moveptr
                0x0000000000104ea4                vga_char_at
                0x0000000000104ed8                vga_clear
                0x0000000000104f3a                vga_clear_row
                0x0000000000104f8e                vga_write
                0x0000000000104fca                vga_color
                0x0000000000104ff3                addch
                0x0000000000105012                print
                0x000000000010507d                println
                0x000000000010509c                iprint
                0x00000000001050cf                printxy
                0x0000000000105133                vga_scroll

.iplt           0x00000000001051e0        0x0
 .iplt          0x0000000000000000        0x0 obj/anicafs.o

.rel.dyn        0x00000000001051d4        0x0
 .rel.iplt      0x0000000000000000        0x0 obj/anicafs.o
 .rel.text      0x0000000000000000        0x0 obj/anicafs.o

.data           0x00000000001051e0       0xbb
 *(.data)
 .data          0x00000000001051e0        0x0 obj/anicafs.o
 .data          0x00000000001051e0        0x0 obj/dma.o
 .data          0x00000000001051e0        0x0 obj/envar.o
 .data          0x00000000001051e0        0x0 obj/exceptions.o
 .data          0x00000000001051e0        0x0 obj/filesystem.o
 .data          0x00000000001051e0        0x0 obj/floppy.o
 .data          0x00000000001051e0        0x0 obj/idt.o
 .data          0x00000000001051e0       0xba obj/keyboard.o
                0x00000000001051e0                KEYMAP
 .data          0x000000000010529a        0x0 obj/main.o
 .data          0x000000000010529a        0x0 obj/math.o
 .data          0x000000000010529a        0x0 obj/mman.o
 .data          0x000000000010529a        0x0 obj/pic.o
 .data          0x000000000010529a        0x0 obj/stack.o
 .data          0x000000000010529a        0x0 obj/string.o
 .data          0x000000000010529a        0x0 obj/time.o
 .data          0x000000000010529a        0x0 obj/util.o
 .data          0x000000000010529a        0x1 obj/vga.o

.igot.plt       0x000000000010529c        0x0
 .igot.plt      0x0000000000000000        0x0 obj/anicafs.o

.bss            0x00000000001052a0     0x2828
 *(.bss)
 .bss           0x00000000001052a0        0x0 obj/anicafs.o
 .bss           0x00000000001052a0     0x2000 obj/boot.o
 .bss           0x00000000001072a0        0x0 obj/dma.o
 .bss           0x00000000001072a0        0x0 obj/envar.o
 .bss           0x00000000001072a0        0x0 obj/exceptions.o
 .bss           0x00000000001072a0        0x0 obj/filesystem.o
 .bss           0x00000000001072a0        0xd obj/floppy.o
 *fill*         0x00000000001072ad       0x13 
 .bss           0x00000000001072c0      0x800 obj/idt.o
 .bss           0x0000000000107ac0        0x0 obj/keyboard.o
 .bss           0x0000000000107ac0        0x0 obj/main.o
 .bss           0x0000000000107ac0        0x0 obj/math.o
 .bss           0x0000000000107ac0        0x0 obj/mman.o
 .bss           0x0000000000107ac0        0x0 obj/pic.o
 .bss           0x0000000000107ac0        0x0 obj/stack.o
 .bss           0x0000000000107ac0        0x0 obj/string.o
 .bss           0x0000000000107ac0        0x0 obj/time.o
 .bss           0x0000000000107ac0        0x0 obj/util.o
 .bss           0x0000000000107ac0        0x0 obj/vga.o
 COMMON         0x0000000000107ac0        0x3 obj/envar.o
                0x0000000000107ac0                ENVAR
 *fill*         0x0000000000107ac3        0x1 
 COMMON         0x0000000000107ac4        0x4 obj/keyboard.o
                0x0000000000107ac4                stdin
LOAD obj/anicafs.o
LOAD obj/boot.o
LOAD obj/dma.o
LOAD obj/envar.o
LOAD obj/exceptions.o
LOAD obj/filesystem.o
LOAD obj/floppy.o
LOAD obj/idt.o
LOAD obj/interrupts.o
LOAD obj/keyboard.o
LOAD obj/main.o
LOAD obj/math.o
LOAD obj/mman.o
LOAD obj/pic.o
LOAD obj/portio.o
LOAD obj/stack.o
LOAD obj/string.o
LOAD obj/throw.o
LOAD obj/time.o
LOAD obj/util.o
LOAD obj/vga.o
OUTPUT(bin/kernel-alpha elf32-i386)

.comment        0x0000000000000000       0x2b
 .comment       0x0000000000000000       0x2b obj/anicafs.o
                                         0x2c (size before relaxing)
 .comment       0x0000000000000000       0x2c obj/dma.o
 .comment       0x0000000000000000       0x2c obj/envar.o
 .comment       0x0000000000000000       0x2c obj/exceptions.o
 .comment       0x0000000000000000       0x2c obj/filesystem.o
 .comment       0x0000000000000000       0x2c obj/floppy.o
 .comment       0x0000000000000000       0x2c obj/idt.o
 .comment       0x0000000000000000       0x2c obj/keyboard.o
 .comment       0x0000000000000000       0x2c obj/main.o
 .comment       0x0000000000000000       0x2c obj/math.o
 .comment       0x0000000000000000       0x2c obj/mman.o
 .comment       0x0000000000000000       0x2c obj/pic.o
 .comment       0x0000000000000000       0x2c obj/stack.o
 .comment       0x0000000000000000       0x2c obj/string.o
 .comment       0x0000000000000000       0x2c obj/time.o
 .comment       0x0000000000000000       0x2c obj/util.o
 .comment       0x0000000000000000       0x2c obj/vga.o

.note.GNU-stack
                0x0000000000000000        0x0
 .note.GNU-stack
                0x0000000000000000        0x0 obj/anicafs.o
 .note.GNU-stack
                0x0000000000000000        0x0 obj/dma.o
 .note.GNU-stack
                0x0000000000000000        0x0 obj/envar.o
 .note.GNU-stack
                0x0000000000000000        0x0 obj/exceptions.o
 .note.GNU-stack
                0x0000000000000000        0x0 obj/filesystem.o
 .note.GNU-stack
                0x0000000000000000        0x0 obj/floppy.o
 .note.GNU-stack
                0x0000000000000000        0x0 obj/idt.o
 .note.GNU-stack
                0x0000000000000000        0x0 obj/keyboard.o
 .note.GNU-stack
                0x0000000000000000        0x0 obj/main.o
 .note.GNU-stack
                0x0000000000000000        0x0 obj/math.o
 .note.GNU-stack
                0x0000000000000000        0x0 obj/mman.o
 .note.GNU-stack
                0x0000000000000000        0x0 obj/pic.o
 .note.GNU-stack
                0x0000000000000000        0x0 obj/stack.o
 .note.GNU-stack
                0x0000000000000000        0x0 obj/string.o
 .note.GNU-stack
                0x0000000000000000        0x0 obj/time.o
 .note.GNU-stack
                0x0000000000000000        0x0 obj/util.o
 .note.GNU-stack
                0x0000000000000000        0x0 obj/vga.o
