
Allocating common symbols
Common symbol       size              file

ENVAR               0x3               obj/envar.o
key                 0x1               obj/keyboard.o
press               0x1               obj/keyboard.o

Memory Configuration

Name             Origin             Length             Attributes
*default*        0x0000000000000000 0xffffffffffffffff

Linker script and memory map

                0x0000000000100000                . = 0x100000

.mbh            0x0000000000100000        0xc
 *(.mbh)
 .mbh           0x0000000000100000        0xc obj/boot.o

.rodata         0x000000000010000c      0x57e
 .rodata        0x000000000010000c       0x4d obj/anicafs.o
 .rodata        0x0000000000100059       0x30 obj/dma.o
 .rodata        0x0000000000100089       0x18 obj/envar.o
 .rodata        0x00000000001000a1       0x18 obj/errors.o
 *fill*         0x00000000001000b9        0x3 
 .rodata        0x00000000001000bc      0x201 obj/exceptions.o
 *fill*         0x00000000001002bd        0x3 
 .rodata        0x00000000001002c0       0xd2 obj/floppy.o
 .rodata        0x0000000000100392       0x1a obj/keyboard.o
 .rodata        0x00000000001003ac       0xe6 obj/main.o
 *fill*         0x0000000000100492        0x2 
 .rodata        0x0000000000100494        0xb obj/mman.o
 .rodata        0x000000000010049f        0x2 obj/stdio.o
 .rodata        0x00000000001004a1       0x23 obj/string.o
 .rodata        0x00000000001004c4        0x4 obj/time.o
                0x00000000001004c4                bios_ticks
 .rodata        0x00000000001004c8       0xbb obj/util.o
 *fill*         0x0000000000100583        0x1 
 .rodata        0x0000000000100584        0x6 obj/vga.o

.eh_frame       0x000000000010058c     0x11d8
 .eh_frame      0x000000000010058c      0x29c obj/anicafs.o
 .eh_frame      0x0000000000100828       0x40 obj/dma.o
                                         0x58 (size before relaxing)
 .eh_frame      0x0000000000100868       0x20 obj/envar.o
                                         0x38 (size before relaxing)
 .eh_frame      0x0000000000100888       0x40 obj/errors.o
                                         0x58 (size before relaxing)
 .eh_frame      0x00000000001008c8       0x7c obj/exceptions.o
                                         0x94 (size before relaxing)
 .eh_frame      0x0000000000100944       0xc0 obj/filesystem.o
                                         0xd8 (size before relaxing)
 .eh_frame      0x0000000000100a04      0x224 obj/floppy.o
                                        0x23c (size before relaxing)
 .eh_frame      0x0000000000100c28       0x80 obj/idt.o
                                         0x98 (size before relaxing)
 .eh_frame      0x0000000000100ca8       0x40 obj/keyboard.o
                                         0x58 (size before relaxing)
 .eh_frame      0x0000000000100ce8       0x80 obj/main.o
                                         0x98 (size before relaxing)
 .eh_frame      0x0000000000100d68       0x40 obj/math.o
                                         0x58 (size before relaxing)
 .eh_frame      0x0000000000100da8      0x1c4 obj/mman.o
                                        0x1dc (size before relaxing)
 .eh_frame      0x0000000000100f6c       0xe8 obj/pic.o
                                        0x100 (size before relaxing)
 .eh_frame      0x0000000000101054      0x120 obj/stack.o
                                        0x138 (size before relaxing)
 .eh_frame      0x0000000000101174       0x28 obj/stdio.o
                                         0x40 (size before relaxing)
 .eh_frame      0x000000000010119c      0x1e0 obj/string.o
                                        0x1f8 (size before relaxing)
 .eh_frame      0x000000000010137c       0x60 obj/time.o
                                         0x78 (size before relaxing)
 .eh_frame      0x00000000001013dc       0x60 obj/util.o
                                         0x78 (size before relaxing)
 .eh_frame      0x000000000010143c      0x328 obj/vga.o
                                        0x340 (size before relaxing)

.text           0x0000000000101770     0x3ac8
 *(.text)
 .text          0x0000000000101770      0xcae obj/anicafs.o
                0x0000000000101770                anica_read_superblock
                0x00000000001017f0                anica_write_superblock
                0x0000000000101888                anica_format_device
                0x0000000000101938                anica_open_file
                0x0000000000101bca                anica_read_file
                0x0000000000101c78                anica_write_file
                0x000000000010220c                anica_read_itable
                0x0000000000102276                anica_write_itable
 *fill*         0x000000000010241e        0x2 
 .text          0x0000000000102420        0xc obj/boot.o
                0x0000000000102420                start
 .text          0x000000000010242c      0x1ba obj/dma.o
                0x000000000010242c                dma_xfer
 .text          0x00000000001025e6       0x5e obj/envar.o
                0x00000000001025e6                ENVAR_init
 .text          0x0000000000102644       0xbd obj/errors.o
                0x00000000001026ce                throw
 .text          0x0000000000102701      0x1c9 obj/exceptions.o
                0x0000000000102701                exceptions_init
                0x0000000000102858                catch_exception
 .text          0x00000000001028ca      0x165 obj/filesystem.o
                0x00000000001028ca                mount
                0x000000000010291d                open
                0x000000000010297e                read
                0x00000000001029ac                write
                0x00000000001029dd                close
                0x00000000001029f0                unmount
 .text          0x0000000000102a2f      0x987 obj/floppy.o
                0x0000000000102a2f                floppy_write_block
                0x0000000000102a60                floppy_read_block
                0x0000000000102a91                floppy_handler
                0x0000000000102aac                floppy_init
 .text          0x00000000001033b6       0xdc obj/idt.o
                0x00000000001033b6                idt_add_handler
                0x00000000001033e0                idt_add_exception
 *fill*         0x0000000000103492        0xe 
 .text          0x00000000001034a0       0x16 obj/interrupts.o
                0x00000000001034a0                load_idt
                0x00000000001034aa                keyboard_irq
                0x00000000001034b0                floppy_irq
 .text          0x00000000001034b6      0x18b obj/keyboard.o
                0x00000000001034b6                kb_init
                0x0000000000103508                keyboard_handler
 .text          0x0000000000103641      0x224 obj/main.o
                0x0000000000103641                init
                0x0000000000103684                avian_main
                0x00000000001037c5                main_loop
                0x00000000001037f1                bootscreen
 .text          0x0000000000103865       0x62 obj/math.o
                0x0000000000103865                div
                0x0000000000103896                ldiv
 .text          0x00000000001038c7      0x33d obj/mman.o
                0x00000000001038c7                ptrsize
                0x000000000010390d                free
                0x000000000010393d                calloc
                0x000000000010397d                malloc
                0x0000000000103a01                realloc
                0x0000000000103a51                memcpy
                0x0000000000103a90                mem_blocks
                0x0000000000103a9c                mem_used
                0x0000000000103ad5                mem_free
 .text          0x0000000000103c04      0x1ff obj/pic.o
                0x0000000000103c04                pic_init
                0x0000000000103c68                pic_send_eoi
                0x0000000000103c9e                pic_enable_irq
                0x0000000000103cfa                pic_disable_irq
                0x0000000000103dc4                pic_remap
 *fill*         0x0000000000103e03        0xd 
 .text          0x0000000000103e10       0x10 obj/portio.o
                0x0000000000103e10                inportb
                0x0000000000103e16                outportb
 .text          0x0000000000103e20      0x193 obj/stack.o
                0x0000000000103e20                stack_str
                0x0000000000103e2b                push_str
                0x0000000000103e69                new_stack
                0x0000000000103ea8                delete_stack
                0x0000000000103ec9                push
                0x0000000000103f15                pop
                0x0000000000103f61                peek
                0x0000000000103f8f                empty
                0x0000000000103f9e                full
 .text          0x0000000000103fb3      0x121 obj/stdio.o
                0x0000000000103fb3                scan
 .text          0x00000000001040d4      0x4d1 obj/string.o
                0x00000000001040d4                chomp
                0x0000000000104108                new_str
                0x00000000001041c6                reverse
                0x0000000000104234                itoa
                0x000000000010432e                strcat
                0x000000000010436a                strncat
                0x00000000001043be                strchr
                0x00000000001043e7                strcmp
                0x0000000000104439                strncmp
                0x0000000000104493                strcpy
                0x00000000001044c1                strncpy
                0x00000000001044f6                strlen
                0x0000000000104529                memset
                0x0000000000104557                memcmp
 *fill*         0x00000000001045a5        0xb 
 .text          0x00000000001045b0        0xd obj/throw.o
                0x00000000001045b0                throw_exception
 .text          0x00000000001045bd       0x78 obj/time.o
                0x00000000001045bd                get_bios_ticks
                0x00000000001045ca                usleep
                0x0000000000104606                sleep
 .text          0x0000000000104635      0x65a obj/util.o
                0x0000000000104635                types_test
                0x0000000000104bcd                trace_function
                0x0000000000104c10                notify_progress
 .text          0x0000000000104c8f      0x5a9 obj/vga.o
                0x0000000000104c8f                move_cursor
                0x0000000000104d17                hide_cursor
                0x0000000000104d33                vga_tabsize
                0x0000000000104d55                vga_increment
                0x0000000000104d6c                vga_decrement
                0x0000000000104d83                vga_getcol
                0x0000000000104da1                vga_getrow
                0x0000000000104dbd                vga_getloc
                0x0000000000104dcd                vga_setcolor
                0x0000000000104de9                vga_newline
                0x0000000000104e0a                vga_creturn
                0x0000000000104e2a                vga_tabchar
                0x0000000000104e9b                vga_movexy
                0x0000000000104ede                vga_moveptr
                0x0000000000104f0b                vga_char_at
                0x0000000000104f3f                vga_clear
                0x0000000000104fa1                vga_clear_row
                0x0000000000104ff5                vga_write
                0x0000000000105031                addch
                0x0000000000105050                vga_color
                0x0000000000105079                print
                0x00000000001050e4                println
                0x0000000000105103                iprint
                0x0000000000105136                printxy
                0x000000000010519a                vga_scroll

.iplt           0x0000000000105240        0x0
 .iplt          0x0000000000000000        0x0 obj/anicafs.o

.rel.dyn        0x0000000000105238        0x0
 .rel.iplt      0x0000000000000000        0x0 obj/anicafs.o
 .rel.text      0x0000000000000000        0x0 obj/anicafs.o

.data           0x0000000000105240       0xbb
 *(.data)
 .data          0x0000000000105240        0x0 obj/anicafs.o
 .data          0x0000000000105240        0x0 obj/dma.o
 .data          0x0000000000105240        0x0 obj/envar.o
 .data          0x0000000000105240        0x0 obj/errors.o
 .data          0x0000000000105240        0x0 obj/exceptions.o
 .data          0x0000000000105240        0x0 obj/filesystem.o
 .data          0x0000000000105240        0x0 obj/floppy.o
 .data          0x0000000000105240        0x0 obj/idt.o
 .data          0x0000000000105240       0xba obj/keyboard.o
                0x0000000000105240                KEYMAP
 .data          0x00000000001052fa        0x0 obj/main.o
 .data          0x00000000001052fa        0x0 obj/math.o
 .data          0x00000000001052fa        0x0 obj/mman.o
 .data          0x00000000001052fa        0x0 obj/pic.o
 .data          0x00000000001052fa        0x0 obj/stack.o
 .data          0x00000000001052fa        0x0 obj/stdio.o
 .data          0x00000000001052fa        0x0 obj/string.o
 .data          0x00000000001052fa        0x0 obj/time.o
 .data          0x00000000001052fa        0x0 obj/util.o
 .data          0x00000000001052fa        0x1 obj/vga.o

.igot.plt       0x00000000001052fc        0x0
 .igot.plt      0x0000000000000000        0x0 obj/anicafs.o

.bss            0x0000000000105300     0x2827
 *(.bss)
 .bss           0x0000000000105300        0x0 obj/anicafs.o
 .bss           0x0000000000105300     0x2000 obj/boot.o
 .bss           0x0000000000107300        0x0 obj/dma.o
 .bss           0x0000000000107300        0x0 obj/envar.o
 .bss           0x0000000000107300        0x0 obj/errors.o
 .bss           0x0000000000107300        0x0 obj/exceptions.o
 .bss           0x0000000000107300        0x0 obj/filesystem.o
 .bss           0x0000000000107300        0xd obj/floppy.o
 *fill*         0x000000000010730d       0x13 
 .bss           0x0000000000107320      0x800 obj/idt.o
 .bss           0x0000000000107b20        0x2 obj/keyboard.o
 .bss           0x0000000000107b22        0x0 obj/main.o
 .bss           0x0000000000107b22        0x0 obj/math.o
 .bss           0x0000000000107b22        0x0 obj/mman.o
 .bss           0x0000000000107b22        0x0 obj/pic.o
 .bss           0x0000000000107b22        0x0 obj/stack.o
 .bss           0x0000000000107b22        0x0 obj/stdio.o
 .bss           0x0000000000107b22        0x0 obj/string.o
 .bss           0x0000000000107b22        0x0 obj/time.o
 .bss           0x0000000000107b22        0x0 obj/util.o
 .bss           0x0000000000107b22        0x0 obj/vga.o
 COMMON         0x0000000000107b22        0x3 obj/envar.o
                0x0000000000107b22                ENVAR
 COMMON         0x0000000000107b25        0x2 obj/keyboard.o
                0x0000000000107b25                key
                0x0000000000107b26                press
LOAD obj/anicafs.o
LOAD obj/boot.o
LOAD obj/dma.o
LOAD obj/envar.o
LOAD obj/errors.o
LOAD obj/exceptions.o
LOAD obj/filesystem.o
LOAD obj/floppy.o
LOAD obj/idt.o
LOAD obj/interrupts.o
LOAD obj/keyboard.o
LOAD obj/main.o
LOAD obj/math.o
LOAD obj/mman.o
LOAD obj/pic.o
LOAD obj/portio.o
LOAD obj/stack.o
LOAD obj/stdio.o
LOAD obj/string.o
LOAD obj/throw.o
LOAD obj/time.o
LOAD obj/util.o
LOAD obj/vga.o
OUTPUT(bin/kernel-alpha elf32-i386)

.comment        0x0000000000000000       0x2b
 .comment       0x0000000000000000       0x2b obj/anicafs.o
                                         0x2c (size before relaxing)
 .comment       0x0000000000000000       0x2c obj/dma.o
 .comment       0x0000000000000000       0x2c obj/envar.o
 .comment       0x0000000000000000       0x2c obj/errors.o
 .comment       0x0000000000000000       0x2c obj/exceptions.o
 .comment       0x0000000000000000       0x2c obj/filesystem.o
 .comment       0x0000000000000000       0x2c obj/floppy.o
 .comment       0x0000000000000000       0x2c obj/idt.o
 .comment       0x0000000000000000       0x2c obj/keyboard.o
 .comment       0x0000000000000000       0x2c obj/main.o
 .comment       0x0000000000000000       0x2c obj/math.o
 .comment       0x0000000000000000       0x2c obj/mman.o
 .comment       0x0000000000000000       0x2c obj/pic.o
 .comment       0x0000000000000000       0x2c obj/stack.o
 .comment       0x0000000000000000       0x2c obj/stdio.o
 .comment       0x0000000000000000       0x2c obj/string.o
 .comment       0x0000000000000000       0x2c obj/time.o
 .comment       0x0000000000000000       0x2c obj/util.o
 .comment       0x0000000000000000       0x2c obj/vga.o

.note.GNU-stack
                0x0000000000000000        0x0
 .note.GNU-stack
                0x0000000000000000        0x0 obj/anicafs.o
 .note.GNU-stack
                0x0000000000000000        0x0 obj/dma.o
 .note.GNU-stack
                0x0000000000000000        0x0 obj/envar.o
 .note.GNU-stack
                0x0000000000000000        0x0 obj/errors.o
 .note.GNU-stack
                0x0000000000000000        0x0 obj/exceptions.o
 .note.GNU-stack
                0x0000000000000000        0x0 obj/filesystem.o
 .note.GNU-stack
                0x0000000000000000        0x0 obj/floppy.o
 .note.GNU-stack
                0x0000000000000000        0x0 obj/idt.o
 .note.GNU-stack
                0x0000000000000000        0x0 obj/keyboard.o
 .note.GNU-stack
                0x0000000000000000        0x0 obj/main.o
 .note.GNU-stack
                0x0000000000000000        0x0 obj/math.o
 .note.GNU-stack
                0x0000000000000000        0x0 obj/mman.o
 .note.GNU-stack
                0x0000000000000000        0x0 obj/pic.o
 .note.GNU-stack
                0x0000000000000000        0x0 obj/stack.o
 .note.GNU-stack
                0x0000000000000000        0x0 obj/stdio.o
 .note.GNU-stack
                0x0000000000000000        0x0 obj/string.o
 .note.GNU-stack
                0x0000000000000000        0x0 obj/time.o
 .note.GNU-stack
                0x0000000000000000        0x0 obj/util.o
 .note.GNU-stack
                0x0000000000000000        0x0 obj/vga.o
