Archive member included to satisfy reference by file (symbol)

lib/libanica.a(anica-sb.o)    obj/filesystem.o (anica_read_superblock)
lib/libanica.a(anica-table.o)
                              obj/filesystem.o (anica_read_itable)
lib/libanica.a(anicafs.o)     obj/filesystem.o (anica_format_device)
lib/libanica.a(anica-node.o)  lib/libanica.a(anicafs.o) (anica_make_file)
lib/libirq.a(exceptions.o)    obj/main.o (exceptions_init)
lib/libirq.a(idt.o)           obj/main.o (idt_write_table)
lib/libirq.a(pic.o)           obj/main.o (pic_init)
lib/liblex.a(lex.o)           obj/main.o (lex_init)
lib/liblex.a(lex-ls.o)        lib/liblex.a(lex.o) (command_lex_ls)
lib/liblex.a(lex-enter.o)     lib/liblex.a(lex.o) (command_lex_enter)
lib/liblex.a(lex-list.o)      lib/liblex.a(lex.o) (command_lex_memstat)
lib/liblex.a(lex-make.o)      lib/liblex.a(lex.o) (command_lex_make)
lib/liblex.a(lex-manfs.o)     lib/liblex.a(lex.o) (command_lex_format)
lib/liblex.a(lex-term.o)      lib/liblex.a(lex-ls.o) (lex_file_color)
lib/libstd.a(stdio.o)         obj/errors.o (printf)
lib/libstd.a(string.o)        lib/libstd.a(stdio.o) (itoa_case)
lib/libstd.a(math.o)          lib/libstd.a(string.o) (pow)

Allocating common symbols
Common symbol       size              file

current_directory   0x4               lib/liblex.a(lex.o)
history             0x10              lib/liblex.a(lex.o)
mountpoints         0x60              lib/liblex.a(lex.o)
listen              0x1               obj/keyboard.o
key                 0x2               obj/keyboard.o
keypress            0x1               obj/keyboard.o

Memory Configuration

Name             Origin             Length             Attributes
*default*        0x0000000000000000 0xffffffffffffffff

Linker script and memory map

LOAD obj/boot.o
LOAD obj/dma.o
LOAD obj/errors.o
LOAD obj/ext2.o
LOAD obj/filesystem.o
LOAD obj/floppy.o
LOAD obj/interrupts.o
LOAD obj/keyboard.o
LOAD obj/main.o
LOAD obj/mman.o
LOAD obj/portio.o
LOAD obj/random.o
LOAD obj/stack.o
LOAD obj/throw.o
LOAD obj/time.o
LOAD obj/util.o
LOAD obj/vga.o
                0x0000000000100000                . = 0x100000

.mbh            0x0000000000100000        0xc
 *(.mbh)
 .mbh           0x0000000000100000        0xc obj/boot.o

.rodata         0x0000000000100020     0x106c
 .rodata        0x0000000000100020       0x30 obj/dma.o
 .rodata        0x0000000000100050       0x30 obj/errors.o
 .rodata        0x0000000000100080       0x4c obj/ext2.o
 .rodata        0x00000000001000cc       0x6e obj/filesystem.o
 *fill*         0x000000000010013a        0x2 
 .rodata        0x000000000010013c      0x11e obj/floppy.o
 .rodata        0x000000000010025a       0x18 obj/keyboard.o
 *fill*         0x0000000000100272        0x2 
 .rodata        0x0000000000100274       0x76 obj/main.o
 *fill*         0x00000000001002ea        0x2 
 .rodata        0x00000000001002ec       0x1e obj/mman.o
 .rodata        0x000000000010030a        0xa obj/stack.o
 .rodata        0x0000000000100314        0x4 obj/time.o
                0x0000000000100314                bios_ticks
 .rodata        0x0000000000100318       0xe5 obj/util.o
 *fill*         0x00000000001003fd        0x3 
 .rodata        0x0000000000100400        0x4 obj/vga.o
 .rodata        0x0000000000100404       0x54 lib/libanica.a(anica-sb.o)
 .rodata        0x0000000000100458       0x38 lib/libanica.a(anica-table.o)
 .rodata        0x0000000000100490       0xc3 lib/libanica.a(anicafs.o)
 .rodata        0x0000000000100553       0x1c lib/libanica.a(anica-node.o)
 *fill*         0x000000000010056f        0x1 
 .rodata        0x0000000000100570      0x205 lib/libirq.a(exceptions.o)
 *fill*         0x0000000000100775        0x3 
 .rodata        0x0000000000100778      0x131 lib/liblex.a(lex.o)
 .rodata        0x00000000001008a9       0xa8 lib/liblex.a(lex-ls.o)
 .rodata        0x0000000000100951       0x2c lib/liblex.a(lex-enter.o)
 .rodata        0x000000000010097d       0xf9 lib/liblex.a(lex-list.o)
 *fill*         0x0000000000100a76        0x2 
 .rodata        0x0000000000100a78       0x8b lib/liblex.a(lex-make.o)
 *fill*         0x0000000000100b03        0x1 
 .rodata        0x0000000000100b04      0x3b6 lib/liblex.a(lex-manfs.o)
 *fill*         0x0000000000100eba        0x2 
 .rodata        0x0000000000100ebc      0x17e lib/libstd.a(stdio.o)
 *fill*         0x000000000010103a        0x6 
 .rodata        0x0000000000101040       0x4c lib/libstd.a(string.o)

.eh_frame       0x000000000010108c     0x1a8c
 .eh_frame      0x000000000010108c       0x58 obj/dma.o
 .eh_frame      0x00000000001010e4       0x40 obj/errors.o
                                         0x58 (size before relaxing)
 .eh_frame      0x0000000000101124       0x80 obj/ext2.o
                                         0x98 (size before relaxing)
 .eh_frame      0x00000000001011a4      0x1c0 obj/filesystem.o
                                        0x1d8 (size before relaxing)
 .eh_frame      0x0000000000101364      0x2d0 obj/floppy.o
                                        0x2e8 (size before relaxing)
 .eh_frame      0x0000000000101634       0x40 obj/keyboard.o
                                         0x58 (size before relaxing)
 .eh_frame      0x0000000000101674       0x80 obj/main.o
                                         0x98 (size before relaxing)
 .eh_frame      0x00000000001016f4      0x1cc obj/mman.o
                                        0x1e4 (size before relaxing)
 .eh_frame      0x00000000001018c0       0x40 obj/random.o
                                         0x58 (size before relaxing)
 .eh_frame      0x0000000000101900      0x120 obj/stack.o
                                        0x138 (size before relaxing)
 .eh_frame      0x0000000000101a20       0x60 obj/time.o
                                         0x78 (size before relaxing)
 .eh_frame      0x0000000000101a80       0x80 obj/util.o
                                         0x98 (size before relaxing)
 .eh_frame      0x0000000000101b00      0x308 obj/vga.o
                                        0x320 (size before relaxing)
 .eh_frame      0x0000000000101e08       0x80 lib/libanica.a(anica-sb.o)
                                         0x98 (size before relaxing)
 .eh_frame      0x0000000000101e88       0x94 lib/libanica.a(anica-table.o)
                                         0xac (size before relaxing)
 .eh_frame      0x0000000000101f1c      0x1c0 lib/libanica.a(anicafs.o)
                                        0x1d8 (size before relaxing)
 .eh_frame      0x00000000001020dc       0x90 lib/libanica.a(anica-node.o)
                                         0xa8 (size before relaxing)
 .eh_frame      0x000000000010216c       0x9c lib/libirq.a(exceptions.o)
                                         0xb4 (size before relaxing)
 .eh_frame      0x0000000000102208       0x80 lib/libirq.a(idt.o)
                                         0x98 (size before relaxing)
 .eh_frame      0x0000000000102288       0xe8 lib/libirq.a(pic.o)
                                        0x100 (size before relaxing)
 .eh_frame      0x0000000000102370      0x164 lib/liblex.a(lex.o)
                                        0x17c (size before relaxing)
 .eh_frame      0x00000000001024d4       0x20 lib/liblex.a(lex-ls.o)
                                         0x38 (size before relaxing)
 .eh_frame      0x00000000001024f4       0x20 lib/liblex.a(lex-enter.o)
                                         0x38 (size before relaxing)
 .eh_frame      0x0000000000102514       0x70 lib/liblex.a(lex-list.o)
                                         0x88 (size before relaxing)
 .eh_frame      0x0000000000102584       0x20 lib/liblex.a(lex-make.o)
                                         0x38 (size before relaxing)
 .eh_frame      0x00000000001025a4       0xd4 lib/liblex.a(lex-manfs.o)
                                         0xec (size before relaxing)
 .eh_frame      0x0000000000102678       0x80 lib/liblex.a(lex-term.o)
                                         0x98 (size before relaxing)
 .eh_frame      0x00000000001026f8      0x114 lib/libstd.a(stdio.o)
                                        0x12c (size before relaxing)
 .eh_frame      0x000000000010280c      0x2ac lib/libstd.a(string.o)
                                        0x2c4 (size before relaxing)
 .eh_frame      0x0000000000102ab8       0x60 lib/libstd.a(math.o)
                                         0x78 (size before relaxing)

.text           0x0000000000102b20     0x715d
 *(.text)
 .text          0x0000000000102b20        0xc obj/boot.o
                0x0000000000102b20                start
 .text          0x0000000000102b2c      0x1ba obj/dma.o
                0x0000000000102b2c                dma_xfer
 .text          0x0000000000102ce6       0xad obj/errors.o
                0x0000000000102d58                throw
 .text          0x0000000000102d93      0x455 obj/ext2.o
                0x0000000000102d93                ext2_read_superblock
                0x0000000000102e17                ext2_read_cache
                0x00000000001030bd                ext2_block_groups
                0x0000000000103167                ext2_read_block
 .text          0x00000000001031e8      0x3d4 obj/filesystem.o
                0x00000000001031e8                dev_to_str
                0x00000000001031f7                fs_to_str
                0x0000000000103206                str_to_dev
                0x0000000000103247                str_to_fs
                0x0000000000103288                read_fs
                0x0000000000103397                format_device
                0x00000000001033c7                mount
                0x000000000010342a                open
                0x000000000010349b                read
                0x00000000001034c9                write
                0x00000000001034fa                close
                0x000000000010350d                unmount
                0x000000000010354c                ext2_read_sector
                0x0000000000103584                ext2_write_sector
 .text          0x00000000001035bc      0xdc4 obj/floppy.o
                0x00000000001035bc                floppy_clear_cache
                0x000000000010363d                floppy_sync_cache
                0x00000000001036e5                floppy_write_block
                0x00000000001037c1                floppy_read_block
                0x000000000010388d                floppy_handler
                0x00000000001038a8                floppy_init
 .text          0x0000000000104380       0x16 obj/interrupts.o
                0x0000000000104380                load_idt
                0x000000000010438a                keyboard_irq
                0x0000000000104390                floppy_irq
 .text          0x0000000000104396      0x14e obj/keyboard.o
                0x0000000000104396                kb_init
                0x00000000001043f8                keyboard_handler
 .text          0x00000000001044e4      0x115 obj/main.o
                0x00000000001044e4                init
                0x0000000000104527                main
                0x0000000000104539                avian_main
                0x0000000000104585                bootscreen
 .text          0x00000000001045f9      0x3e4 obj/mman.o
                0x00000000001045f9                ptrsize
                0x0000000000104647                free
                0x0000000000104677                _calloc
                0x00000000001046be                _malloc
                0x0000000000104781                _realloc
                0x00000000001047d8                mem_blocks
                0x00000000001047e4                mem_used
                0x0000000000104821                mem_free
                0x0000000000104834                mem_block_info
 *fill*         0x00000000001049dd        0x3 
 .text          0x00000000001049e0       0x10 obj/portio.o
                0x00000000001049e0                inportb
                0x00000000001049e6                outportb
 .text          0x00000000001049f0       0x5b obj/random.o
                0x00000000001049f0                rand
                0x0000000000104a3e                srand
 .text          0x0000000000104a4b      0x1a3 obj/stack.o
                0x0000000000104a4b                stack_str
                0x0000000000104a56                push_str
                0x0000000000104a94                new_stack
                0x0000000000104ae3                delete_stack
                0x0000000000104b04                push
                0x0000000000104b50                pop
                0x0000000000104b9c                peek
                0x0000000000104bca                empty
                0x0000000000104bd9                full
 *fill*         0x0000000000104bee        0x2 
 .text          0x0000000000104bf0       0xfe obj/throw.o
                0x0000000000104bf0                throw_exception
                0x0000000000104bfe                throw_zero_divide
                0x0000000000104c09                throw_irq_0
                0x0000000000104c15                throw_irq_1
                0x0000000000104c21                throw_irq_2
                0x0000000000104c2d                throw_irq_3
                0x0000000000104c39                throw_irq_4
                0x0000000000104c45                throw_irq_5
                0x0000000000104c51                throw_irq_6
                0x0000000000104c5d                throw_irq_7
                0x0000000000104c69                throw_irq_8
                0x0000000000104c76                throw_irq_9
                0x0000000000104c82                throw_irq_10
                0x0000000000104c8e                throw_irq_11
                0x0000000000104c9a                throw_irq_12
                0x0000000000104ca6                throw_irq_13
                0x0000000000104cb2                throw_irq_14
                0x0000000000104cbe                throw_irq_15
                0x0000000000104cca                throw_irq_16
                0x0000000000104cd6                throw_irq_17
                0x0000000000104ce2                throw_irq_18
 .text          0x0000000000104cee       0x78 obj/time.o
                0x0000000000104cee                get_bios_ticks
                0x0000000000104cfb                usleep
                0x0000000000104d37                sleep
 .text          0x0000000000104d66      0x495 obj/util.o
                0x0000000000104d66                types_test
                0x0000000000105102                colors_test
                0x000000000010518f                trace_function
                0x00000000001051ba                notify_progress
 .text          0x00000000001051fb      0x535 obj/vga.o
                0x00000000001051fb                move_cursor
                0x0000000000105283                hide_cursor
                0x000000000010529f                vga_tabsize
                0x00000000001052c1                vga_increment
                0x00000000001052d8                vga_decrement
                0x00000000001052ef                vga_getcol
                0x000000000010530d                vga_getrow
                0x0000000000105329                vga_getloc
                0x0000000000105339                vga_setcolor
                0x0000000000105355                vga_newline
                0x0000000000105376                vga_creturn
                0x0000000000105396                vga_getcolor
                0x00000000001053a6                vga_getchar
                0x00000000001053c0                vga_tabchar
                0x0000000000105425                vga_movexy
                0x0000000000105468                vga_moveptr
                0x0000000000105495                vga_char_at
                0x00000000001054c9                vga_clear
                0x000000000010552b                vga_clear_row
                0x000000000010557f                vga_write
                0x00000000001055bb                addch
                0x0000000000105605                vga_color
                0x000000000010562e                printxy
                0x0000000000105692                vga_scroll
 .text          0x0000000000105730      0x232 lib/libanica.a(anica-sb.o)
                0x0000000000105730                anica_read_superblock
                0x00000000001057b8                anica_write_superblock
                0x0000000000105857                anica_format_sb
                0x00000000001058e9                anica_find_superblock
 .text          0x0000000000105962      0x2d0 lib/libanica.a(anica-table.o)
                0x0000000000105962                anica_read_itable
                0x00000000001059e3                anica_write_itable
                0x0000000000105a64                anica_parent_index
                0x0000000000105b9e                anica_add_entry
 .text          0x0000000000105c32      0xb7f lib/libanica.a(anicafs.o)
                0x0000000000105c32                anica_format_device
                0x0000000000105dbc                anica_list_contents
                0x0000000000106007                anica_open_file
                0x00000000001060ca                anica_read_file
                0x0000000000106188                anica_write_file
                0x00000000001062b0                anica_read_path
                0x0000000000106442                anica_write_data
                0x00000000001064f2                anica_read_data
                0x0000000000106585                anica_write_dir
                0x000000000010665a                anica_is_addr_free
                0x00000000001066e1                anica_block_fits
                0x0000000000106738                anica_find_block
 .text          0x00000000001067b1      0x1d0 lib/libanica.a(anica-node.o)
                0x00000000001067b1                anica_make_file
                0x00000000001068c0                anica_mkdir
                0x0000000000106929                anica_read_node
                0x0000000000106955                anica_write_node
 .text          0x0000000000106981      0x322 lib/libirq.a(exceptions.o)
                0x0000000000106981                exceptions_init
                0x0000000000106c3e                catch_exception
                0x0000000000106c88                catch_zero_divide
 .text          0x0000000000106ca3       0xd4 lib/libirq.a(idt.o)
                0x0000000000106ca3                idt_write_table
                0x0000000000106cd1                idt_add_handler
                0x0000000000106cfb                idt_add_exception
 .text          0x0000000000106d77      0x1ff lib/libirq.a(pic.o)
                0x0000000000106d77                pic_init
                0x0000000000106ddb                pic_send_eoi
                0x0000000000106e11                pic_enable_irq
                0x0000000000106e6d                pic_disable_irq
                0x0000000000106f37                pic_remap
 .text          0x0000000000106f76      0xa71 lib/liblex.a(lex.o)
                0x0000000000106f76                lex_init
                0x00000000001071e7                system
                0x0000000000107242                shell
                0x00000000001073f0                lex_full_path
                0x0000000000107499                lex_add_command
                0x0000000000107500                lex_read_mountpath
 .text          0x00000000001079e7      0x380 lib/liblex.a(lex-ls.o)
                0x00000000001079e7                lex_ls
 .text          0x0000000000107d67      0x22d lib/liblex.a(lex-enter.o)
                0x0000000000107d67                lex_enter
 .text          0x0000000000107f94      0x1fb lib/liblex.a(lex-list.o)
                0x0000000000107f94                lex_memstat
                0x000000000010813a                lex_varstat
                0x0000000000108147                lex_devstat
 .text          0x000000000010818f      0x173 lib/liblex.a(lex-make.o)
                0x000000000010818f                lex_make
 .text          0x0000000000108302      0x95e lib/liblex.a(lex-manfs.o)
                0x0000000000108302                lex_format
                0x00000000001083f5                lex_devlist
                0x00000000001084b9                lex_mount
                0x00000000001086a0                lex_umount
                0x000000000010878e                lex_fsdump
                0x0000000000108993                lex_fscache
 .text          0x0000000000108c60       0x1c lib/liblex.a(lex-term.o)
                0x0000000000108c60                lex_term_tabs
                0x0000000000108c65                lex_term_history
                0x0000000000108c6a                lex_clear
                0x0000000000108c77                lex_term_color
 .text          0x0000000000108c7c      0x69d lib/libstd.a(stdio.o)
                0x0000000000108d62                printf
                0x0000000000108f59                getch
                0x0000000000108f90                register_scan_event
                0x000000000010901f                deregister_scan_event
                0x00000000001090b8                scan
 .text          0x0000000000109319      0x8d2 lib/libstd.a(string.o)
                0x0000000000109319                split
                0x0000000000109441                chomp
                0x0000000000109480                new_str
                0x00000000001094bc                strlongest
                0x000000000010950c                strmerge
                0x00000000001096ad                reverse
                0x000000000010971b                itoa
                0x00000000001098b2                atoi
                0x0000000000109935                strcat
                0x0000000000109971                strncat
                0x00000000001099c5                strchr
                0x00000000001099ee                strcmp
                0x0000000000109a40                strncmp
                0x0000000000109a9a                strcpy
                0x0000000000109ac8                strncpy
                0x0000000000109afd                strlen
                0x0000000000109b30                memset
                0x0000000000109b5e                memcmp
                0x0000000000109bac                memcpy
 .text          0x0000000000109beb       0x92 lib/libstd.a(math.o)
                0x0000000000109beb                div
                0x0000000000109c1c                ldiv
                0x0000000000109c4d                pow

.iplt           0x0000000000109c80        0x0
 .iplt          0x0000000000000000        0x0 obj/boot.o

.rel.dyn        0x0000000000109c80        0x0
 .rel.iplt      0x0000000000000000        0x0 obj/boot.o
 .rel.text      0x0000000000000000        0x0 obj/boot.o

.data           0x0000000000109c80      0x4b9
 *(.data)
 .data          0x0000000000109c80        0x0 obj/dma.o
 .data          0x0000000000109c80        0x0 obj/errors.o
 .data          0x0000000000109c80        0x0 obj/ext2.o
 .data          0x0000000000109c80       0x44 obj/filesystem.o
 .data          0x0000000000109cc4        0x8 obj/floppy.o
                0x0000000000109cc4                floppy_cache_state
                0x0000000000109cc5                floppy_cache_value
 *fill*         0x0000000000109ccc       0x14 
 .data          0x0000000000109ce0      0x174 obj/keyboard.o
                0x0000000000109ce0                KEYMAP
 .data          0x0000000000109e54        0x0 obj/main.o
 .data          0x0000000000109e54        0x0 obj/mman.o
 .data          0x0000000000109e54        0x4 obj/random.o
 .data          0x0000000000109e58        0x0 obj/stack.o
 .data          0x0000000000109e58        0x0 obj/time.o
 .data          0x0000000000109e58        0x0 obj/util.o
 .data          0x0000000000109e58        0x1 obj/vga.o
 .data          0x0000000000109e59        0x0 lib/libanica.a(anica-sb.o)
 .data          0x0000000000109e59        0x0 lib/libanica.a(anica-table.o)
 .data          0x0000000000109e59        0x0 lib/libanica.a(anicafs.o)
 .data          0x0000000000109e59        0x0 lib/libanica.a(anica-node.o)
 .data          0x0000000000109e59        0x0 lib/libirq.a(exceptions.o)
 .data          0x0000000000109e59        0x0 lib/libirq.a(idt.o)
 .data          0x0000000000109e59        0x0 lib/libirq.a(pic.o)
 *fill*         0x0000000000109e59        0x7 
 .data          0x0000000000109e60       0x4c lib/liblex.a(lex.o)
                0x0000000000109e60                command_lex_help
                0x0000000000109e80                helpdoc_lex_help
                0x0000000000109ea2                argsdoc_lex_help
 .data          0x0000000000109eac       0x20 lib/liblex.a(lex-ls.o)
                0x0000000000109eac                command_lex_ls
                0x0000000000109eaf                helpdoc_lex_ls
                0x0000000000109ec5                argsdoc_lex_ls
 .data          0x0000000000109ecc       0x22 lib/liblex.a(lex-enter.o)
                0x0000000000109ecc                command_lex_enter
                0x0000000000109ed2                helpdoc_lex_enter
                0x0000000000109ee7                argsdoc_lex_enter
 .data          0x0000000000109eee       0x7a lib/liblex.a(lex-list.o)
                0x0000000000109eee                command_lex_memstat
                0x0000000000109ef6                helpdoc_lex_memstat
                0x0000000000109f0f                argsdoc_lex_memstat
                0x0000000000109f15                command_lex_varstat
                0x0000000000109f1d                helpdoc_lex_varstat
                0x0000000000109f39                argsdoc_lex_varstat
                0x0000000000109f40                command_lex_devstat
                0x0000000000109f48                helpdoc_lex_devstat
                0x0000000000109f61                argsdoc_lex_devstat
 .data          0x0000000000109f68       0x23 lib/liblex.a(lex-make.o)
                0x0000000000109f68                command_lex_make
                0x0000000000109f6d                helpdoc_lex_make
                0x0000000000109f7e                argsdoc_lex_make
 .data          0x0000000000109f8b       0xed lib/liblex.a(lex-manfs.o)
                0x0000000000109f8b                command_lex_format
                0x0000000000109f92                helpdoc_lex_format
                0x0000000000109fa6                argsdoc_lex_format
                0x0000000000109fb5                command_lex_devlist
                0x0000000000109fbd                helpdoc_lex_devlist
                0x0000000000109fd2                argsdoc_lex_devlist
                0x0000000000109fd8                command_lex_mount
                0x0000000000109fde                helpdoc_lex_mount
                0x0000000000109fed                argsdoc_lex_mount
                0x0000000000109ffb                command_lex_umount
                0x000000000010a002                helpdoc_lex_umount
                0x000000000010a013                argsdoc_lex_umount
                0x000000000010a01b                command_lex_fsdump
                0x000000000010a022                helpdoc_lex_fsdump
                0x000000000010a03e                argsdoc_lex_fsdump
                0x000000000010a050                command_lex_fscache
                0x000000000010a058                helpdoc_lex_fscache
                0x000000000010a06c                argsdoc_lex_fscache
 *fill*         0x000000000010a078        0x8 
 .data          0x000000000010a080       0xb3 lib/liblex.a(lex-term.o)
                0x000000000010a080                lex_file_color
                0x000000000010a081                lex_dir_color
                0x000000000010a082                lex_sys_color
                0x000000000010a083                lex_text_color
                0x000000000010a084                command_lex_term_tabs
                0x000000000010a08e                helpdoc_lex_term_tabs
                0x000000000010a0a0                argsdoc_lex_term_tabs
                0x000000000010a0a8                command_lex_term_history
                0x000000000010a0c0                helpdoc_lex_term_history
                0x000000000010a0e0                argsdoc_lex_term_history
                0x000000000010a0e6                command_lex_clear
                0x000000000010a0ec                helpdoc_lex_clear
                0x000000000010a0fd                argsdoc_lex_clear
                0x000000000010a104                command_lex_term_color
                0x000000000010a10f                helpdoc_lex_term_color
                0x000000000010a127                argsdoc_lex_term_color
 *fill*         0x000000000010a133        0x1 
 .data          0x000000000010a134        0x4 lib/libstd.a(stdio.o)
 .data          0x000000000010a138        0x1 lib/libstd.a(string.o)
                0x000000000010a138                itoa_long
 .data          0x000000000010a139        0x0 lib/libstd.a(math.o)

.igot.plt       0x000000000010a13c        0x0
 .igot.plt      0x0000000000000000        0x0 obj/boot.o

.bss            0x000000000010a140     0x1940
 *(.bss)
 .bss           0x000000000010a140     0x1000 obj/boot.o
 .bss           0x000000000010b140        0x0 obj/dma.o
 .bss           0x000000000010b140        0x0 obj/errors.o
 .bss           0x000000000010b140        0x0 obj/ext2.o
 .bss           0x000000000010b140        0x0 obj/filesystem.o
 .bss           0x000000000010b140       0x18 obj/floppy.o
 .bss           0x000000000010b158        0x2 obj/keyboard.o
 .bss           0x000000000010b15a        0x0 obj/main.o
 .bss           0x000000000010b15a        0x0 obj/mman.o
 .bss           0x000000000010b15a        0x0 obj/random.o
 .bss           0x000000000010b15a        0x0 obj/stack.o
 .bss           0x000000000010b15a        0x0 obj/time.o
 .bss           0x000000000010b15a        0x0 obj/util.o
 .bss           0x000000000010b15a        0x0 obj/vga.o
 .bss           0x000000000010b15a        0x0 lib/libanica.a(anica-sb.o)
 .bss           0x000000000010b15a        0x0 lib/libanica.a(anica-table.o)
 .bss           0x000000000010b15a        0x0 lib/libanica.a(anicafs.o)
 .bss           0x000000000010b15a        0x0 lib/libanica.a(anica-node.o)
 .bss           0x000000000010b15a        0x0 lib/libirq.a(exceptions.o)
 *fill*         0x000000000010b15a        0x6 
 .bss           0x000000000010b160      0x800 lib/libirq.a(idt.o)
 .bss           0x000000000010b960        0x0 lib/libirq.a(pic.o)
 .bss           0x000000000010b960       0x10 lib/liblex.a(lex.o)
                0x000000000010b960                mounted_volumes
 .bss           0x000000000010b970        0x0 lib/liblex.a(lex-ls.o)
 .bss           0x000000000010b970        0x0 lib/liblex.a(lex-enter.o)
 .bss           0x000000000010b970        0x0 lib/liblex.a(lex-list.o)
 .bss           0x000000000010b970        0x0 lib/liblex.a(lex-make.o)
 .bss           0x000000000010b970        0x0 lib/liblex.a(lex-manfs.o)
 .bss           0x000000000010b970        0x0 lib/liblex.a(lex-term.o)
 *fill*         0x000000000010b970       0x10 
 .bss           0x000000000010b980       0x74 lib/libstd.a(stdio.o)
 .bss           0x000000000010b9f4        0x4 lib/libstd.a(string.o)
                0x000000000010b9f4                itoa_case
 .bss           0x000000000010b9f8        0x0 lib/libstd.a(math.o)
 COMMON         0x000000000010b9f8        0x5 obj/keyboard.o
                0x000000000010b9f8                listen
                0x000000000010b9fa                key
                0x000000000010b9fc                keypress
 *fill*         0x000000000010b9fd        0x3 
 COMMON         0x000000000010ba00       0x80 lib/liblex.a(lex.o)
                0x000000000010ba00                current_directory
                0x000000000010ba04                history
                0x000000000010ba20                mountpoints
LOAD lib/libanica.a
LOAD lib/libirq.a
LOAD lib/liblex.a
LOAD lib/libstd.a
OUTPUT(bin/kernel-alpha elf32-i386)

.comment        0x0000000000000000       0x2b
 .comment       0x0000000000000000       0x2b obj/dma.o
                                         0x2c (size before relaxing)
 .comment       0x0000000000000000       0x2c obj/errors.o
 .comment       0x0000000000000000       0x2c obj/ext2.o
 .comment       0x0000000000000000       0x2c obj/filesystem.o
 .comment       0x0000000000000000       0x2c obj/floppy.o
 .comment       0x0000000000000000       0x2c obj/keyboard.o
 .comment       0x0000000000000000       0x2c obj/main.o
 .comment       0x0000000000000000       0x2c obj/mman.o
 .comment       0x0000000000000000       0x2c obj/random.o
 .comment       0x0000000000000000       0x2c obj/stack.o
 .comment       0x0000000000000000       0x2c obj/time.o
 .comment       0x0000000000000000       0x2c obj/util.o
 .comment       0x0000000000000000       0x2c obj/vga.o
 .comment       0x0000000000000000       0x2c lib/libanica.a(anica-sb.o)
 .comment       0x0000000000000000       0x2c lib/libanica.a(anica-table.o)
 .comment       0x0000000000000000       0x2c lib/libanica.a(anicafs.o)
 .comment       0x0000000000000000       0x2c lib/libanica.a(anica-node.o)
 .comment       0x0000000000000000       0x2c lib/libirq.a(exceptions.o)
 .comment       0x0000000000000000       0x2c lib/libirq.a(idt.o)
 .comment       0x0000000000000000       0x2c lib/libirq.a(pic.o)
 .comment       0x0000000000000000       0x2c lib/liblex.a(lex.o)
 .comment       0x0000000000000000       0x2c lib/liblex.a(lex-ls.o)
 .comment       0x0000000000000000       0x2c lib/liblex.a(lex-enter.o)
 .comment       0x0000000000000000       0x2c lib/liblex.a(lex-list.o)
 .comment       0x0000000000000000       0x2c lib/liblex.a(lex-make.o)
 .comment       0x0000000000000000       0x2c lib/liblex.a(lex-manfs.o)
 .comment       0x0000000000000000       0x2c lib/liblex.a(lex-term.o)
 .comment       0x0000000000000000       0x2c lib/libstd.a(stdio.o)
 .comment       0x0000000000000000       0x2c lib/libstd.a(string.o)
 .comment       0x0000000000000000       0x2c lib/libstd.a(math.o)

.note.GNU-stack
                0x0000000000000000        0x0
 .note.GNU-stack
                0x0000000000000000        0x0 obj/dma.o
 .note.GNU-stack
                0x0000000000000000        0x0 obj/errors.o
 .note.GNU-stack
                0x0000000000000000        0x0 obj/ext2.o
 .note.GNU-stack
                0x0000000000000000        0x0 obj/filesystem.o
 .note.GNU-stack
                0x0000000000000000        0x0 obj/floppy.o
 .note.GNU-stack
                0x0000000000000000        0x0 obj/keyboard.o
 .note.GNU-stack
                0x0000000000000000        0x0 obj/main.o
 .note.GNU-stack
                0x0000000000000000        0x0 obj/mman.o
 .note.GNU-stack
                0x0000000000000000        0x0 obj/random.o
 .note.GNU-stack
                0x0000000000000000        0x0 obj/stack.o
 .note.GNU-stack
                0x0000000000000000        0x0 obj/time.o
 .note.GNU-stack
                0x0000000000000000        0x0 obj/util.o
 .note.GNU-stack
                0x0000000000000000        0x0 obj/vga.o
 .note.GNU-stack
                0x0000000000000000        0x0 lib/libanica.a(anica-sb.o)
 .note.GNU-stack
                0x0000000000000000        0x0 lib/libanica.a(anica-table.o)
 .note.GNU-stack
                0x0000000000000000        0x0 lib/libanica.a(anicafs.o)
 .note.GNU-stack
                0x0000000000000000        0x0 lib/libanica.a(anica-node.o)
 .note.GNU-stack
                0x0000000000000000        0x0 lib/libirq.a(exceptions.o)
 .note.GNU-stack
                0x0000000000000000        0x0 lib/libirq.a(idt.o)
 .note.GNU-stack
                0x0000000000000000        0x0 lib/libirq.a(pic.o)
 .note.GNU-stack
                0x0000000000000000        0x0 lib/liblex.a(lex.o)
 .note.GNU-stack
                0x0000000000000000        0x0 lib/liblex.a(lex-ls.o)
 .note.GNU-stack
                0x0000000000000000        0x0 lib/liblex.a(lex-enter.o)
 .note.GNU-stack
                0x0000000000000000        0x0 lib/liblex.a(lex-list.o)
 .note.GNU-stack
                0x0000000000000000        0x0 lib/liblex.a(lex-make.o)
 .note.GNU-stack
                0x0000000000000000        0x0 lib/liblex.a(lex-manfs.o)
 .note.GNU-stack
                0x0000000000000000        0x0 lib/liblex.a(lex-term.o)
 .note.GNU-stack
                0x0000000000000000        0x0 lib/libstd.a(stdio.o)
 .note.GNU-stack
                0x0000000000000000        0x0 lib/libstd.a(string.o)
 .note.GNU-stack
                0x0000000000000000        0x0 lib/libstd.a(math.o)
