
Allocating common symbols
Common symbol       size              file

history             0x10              obj/lex.o
listen              0x1               obj/keyboard.o
key                 0x2               obj/keyboard.o
keypress            0x1               obj/keyboard.o

Memory Configuration

Name             Origin             Length             Attributes
*default*        0x0000000000000000 0xffffffffffffffff

Linker script and memory map

                0x0000000000100000                . = 0x100000

.mbh            0x0000000000100000        0xc
 *(.mbh)
 .mbh           0x0000000000100000        0xc obj/boot.o

.rodata         0x0000000000100020     0x14bc
 .rodata        0x0000000000100020       0xf5 obj/anicafs.o
 .rodata        0x0000000000100115       0x30 obj/dma.o
 .rodata        0x0000000000100145       0x30 obj/errors.o
 *fill*         0x0000000000100175        0x3 
 .rodata        0x0000000000100178      0x201 obj/exceptions.o
 .rodata        0x0000000000100379       0x4c obj/ext2.o
 *fill*         0x00000000001003c5        0x1 
 .rodata        0x00000000001003c6       0x70 obj/ff.o
 .rodata        0x0000000000100436       0x6e obj/filesystem.o
 .rodata        0x00000000001004a4      0x11e obj/floppy.o
 .rodata        0x00000000001005c2       0x18 obj/keyboard.o
 *fill*         0x00000000001005da        0x2 
 .rodata        0x00000000001005dc      0x4fa obj/lex-fs.o
 *fill*         0x0000000000100ad6        0x2 
 .rodata        0x0000000000100ad8      0x324 obj/lex-list.o
 .rodata        0x0000000000100dfc      0x11e obj/lex-term.o
 *fill*         0x0000000000100f1a        0x2 
 .rodata        0x0000000000100f1c      0x25d obj/lex.o
 *fill*         0x0000000000101179        0x3 
 .rodata        0x000000000010117c       0x5e obj/main.o
 *fill*         0x00000000001011da        0x2 
 .rodata        0x00000000001011dc       0x1e obj/mman.o
 .rodata        0x00000000001011fa        0xa obj/stack.o
 .rodata        0x0000000000101204      0x17e obj/stdio.o
 *fill*         0x0000000000101382       0x1e 
 .rodata        0x00000000001013a0       0x4c obj/string.o
 .rodata        0x00000000001013ec        0x4 obj/time.o
                0x00000000001013ec                bios_ticks
 .rodata        0x00000000001013f0       0xe5 obj/util.o
 *fill*         0x00000000001014d5        0x3 
 .rodata        0x00000000001014d8        0x4 obj/vga.o

.eh_frame       0x00000000001014dc     0x2194
 .eh_frame      0x00000000001014dc      0x290 obj/anicafs.o
 .eh_frame      0x000000000010176c      0x2a0 obj/diskio.o
                                        0x2b8 (size before relaxing)
 .eh_frame      0x0000000000101a0c       0x40 obj/dma.o
                                         0x58 (size before relaxing)
 .eh_frame      0x0000000000101a4c       0x40 obj/errors.o
                                         0x58 (size before relaxing)
 .eh_frame      0x0000000000101a8c       0x9c obj/exceptions.o
                                         0xb4 (size before relaxing)
 .eh_frame      0x0000000000101b28       0x80 obj/ext2.o
                                         0x98 (size before relaxing)
 .eh_frame      0x0000000000101ba8      0x5f4 obj/ff.o
                                        0x60c (size before relaxing)
 .eh_frame      0x000000000010219c      0x1c0 obj/filesystem.o
                                        0x1d8 (size before relaxing)
 .eh_frame      0x000000000010235c      0x2d0 obj/floppy.o
                                        0x2e8 (size before relaxing)
 .eh_frame      0x000000000010262c       0x80 obj/idt.o
                                         0x98 (size before relaxing)
 .eh_frame      0x00000000001026ac       0x40 obj/keyboard.o
                                         0x58 (size before relaxing)
 .eh_frame      0x00000000001026ec       0xa0 obj/lex-fs.o
                                         0xb8 (size before relaxing)
 .eh_frame      0x000000000010278c       0xf0 obj/lex-list.o
                                        0x108 (size before relaxing)
 .eh_frame      0x000000000010287c       0xc0 obj/lex-term.o
                                         0xd8 (size before relaxing)
 .eh_frame      0x000000000010293c      0x104 obj/lex.o
                                        0x11c (size before relaxing)
 .eh_frame      0x0000000000102a40       0x60 obj/main.o
                                         0x78 (size before relaxing)
 .eh_frame      0x0000000000102aa0       0x60 obj/math.o
                                         0x78 (size before relaxing)
 .eh_frame      0x0000000000102b00      0x1cc obj/mman.o
                                        0x1e4 (size before relaxing)
 .eh_frame      0x0000000000102ccc       0xe8 obj/pic.o
                                        0x100 (size before relaxing)
 .eh_frame      0x0000000000102db4       0x40 obj/random.o
                                         0x58 (size before relaxing)
 .eh_frame      0x0000000000102df4      0x120 obj/stack.o
                                        0x138 (size before relaxing)
 .eh_frame      0x0000000000102f14      0x108 obj/stdio.o
                                        0x120 (size before relaxing)
 .eh_frame      0x000000000010301c      0x26c obj/string.o
                                        0x284 (size before relaxing)
 .eh_frame      0x0000000000103288       0x60 obj/time.o
                                         0x78 (size before relaxing)
 .eh_frame      0x00000000001032e8       0x80 obj/util.o
                                         0x98 (size before relaxing)
 .eh_frame      0x0000000000103368      0x308 obj/vga.o
                                        0x320 (size before relaxing)

.text           0x0000000000103670     0xadd4
 *(.text)
 .text          0x0000000000103670      0xdc3 obj/anicafs.o
                0x0000000000103670                anica_read_superblock
                0x00000000001036f8                anica_write_superblock
                0x0000000000103798                anica_format_device
                0x0000000000103851                anica_open_file
                0x0000000000103bc5                anica_read_file
                0x0000000000103c74                anica_write_file
                0x0000000000104214                anica_read_itable
                0x0000000000104286                anica_write_itable
 *fill*         0x0000000000104433        0xd 
 .text          0x0000000000104440        0xc obj/boot.o
                0x0000000000104440                start
 .text          0x000000000010444c      0x3b6 obj/diskio.o
                0x0000000000104526                disk_status
                0x000000000010458d                disk_initialize
                0x00000000001045f4                disk_read
                0x00000000001046b8                disk_write
                0x000000000010477c                disk_ioctl
 .text          0x0000000000104802      0x1c3 obj/dma.o
                0x0000000000104802                dma_xfer
 .text          0x00000000001049c5       0xad obj/errors.o
                0x0000000000104a37                throw
 .text          0x0000000000104a72      0x1d2 obj/exceptions.o
                0x0000000000104a72                exceptions_init
                0x0000000000104bdf                catch_exception
                0x0000000000104c29                catch_zero_divide
 .text          0x0000000000104c44      0x455 obj/ext2.o
                0x0000000000104c44                ext2_read_superblock
                0x0000000000104cc8                ext2_read_cache
                0x0000000000104f6e                ext2_block_groups
                0x0000000000105018                ext2_read_block
 .text          0x0000000000105099     0x4875 obj/ff.o
                0x0000000000105475                clust2sect
                0x00000000001054aa                get_fat
                0x000000000010568f                put_fat
                0x0000000000106fb2                f_mount
                0x0000000000107048                f_open
                0x000000000010737f                f_read
                0x0000000000107700                f_write
                0x0000000000107b07                f_sync
                0x0000000000107cac                f_close
                0x0000000000107ce8                f_lseek
                0x0000000000108042                f_opendir
                0x0000000000108139                f_closedir
                0x0000000000108161                f_readdir
                0x000000000010821d                f_stat
                0x0000000000108294                f_getfree
                0x0000000000108468                f_truncate
                0x0000000000108625                f_unlink
                0x000000000010879d                f_mkdir
                0x0000000000108a6a                f_chmod
                0x0000000000108b1b                f_rename
                0x0000000000108d1e                f_utime
                0x0000000000108ddd                f_mkfs
 .text          0x000000000010990e      0x3dc obj/filesystem.o
                0x000000000010990e                dev_to_str
                0x000000000010991d                fs_to_str
                0x000000000010992c                str_to_dev
                0x000000000010996d                str_to_fs
                0x00000000001099ae                read_fs
                0x0000000000109ac5                format_device
                0x0000000000109af5                mount
                0x0000000000109b58                open
                0x0000000000109bc9                read
                0x0000000000109bf7                write
                0x0000000000109c28                close
                0x0000000000109c3b                unmount
                0x0000000000109c7a                ext2_read_sector
                0x0000000000109cb2                ext2_write_sector
 .text          0x0000000000109cea      0xe08 obj/floppy.o
                0x0000000000109cea                floppy_clear_cache
                0x0000000000109d6d                floppy_sync_cache
                0x0000000000109e18                floppy_write_block
                0x0000000000109ef6                floppy_read_block
                0x0000000000109fc4                floppy_handler
                0x0000000000109fdf                floppy_init
 .text          0x000000000010aaf2       0xe3 obj/idt.o
                0x000000000010aaf2                idt_add_handler
                0x000000000010ab1c                idt_add_exception
 *fill*         0x000000000010abd5        0xb 
 .text          0x000000000010abe0       0x16 obj/interrupts.o
                0x000000000010abe0                load_idt
                0x000000000010abea                keyboard_irq
                0x000000000010abf0                floppy_irq
 .text          0x000000000010abf6      0x160 obj/keyboard.o
                0x000000000010abf6                kb_init
                0x000000000010ac58                keyboard_handler
 .text          0x000000000010ad56      0x6ee obj/lex-fs.o
                0x000000000010ad56                lex_manf
 .text          0x000000000010b444      0x3a9 obj/lex-list.o
                0x000000000010b444                lex_list
 .text          0x000000000010b7ed      0x267 obj/lex-term.o
                0x000000000010b7ed                lex_term
 .text          0x000000000010ba54      0x5b4 obj/lex.o
                0x000000000010ba54                lex_init
                0x000000000010bb27                shell
 .text          0x000000000010c008       0xe9 obj/main.o
                0x000000000010c008                init
                0x000000000010c046                avian_main
                0x000000000010c07a                bootscreen
 .text          0x000000000010c0f1       0x92 obj/math.o
                0x000000000010c0f1                div
                0x000000000010c122                ldiv
                0x000000000010c153                pow
 .text          0x000000000010c183      0x448 obj/mman.o
                0x000000000010c183                ptrsize
                0x000000000010c1d1                free
                0x000000000010c201                _calloc
                0x000000000010c248                _malloc
                0x000000000010c30b                _realloc
                0x000000000010c363                mem_blocks
                0x000000000010c36f                mem_used
                0x000000000010c3ac                mem_free
                0x000000000010c3bf                mem_block_info
 .text          0x000000000010c5cb      0x1ff obj/pic.o
                0x000000000010c5cb                pic_init
                0x000000000010c62f                pic_send_eoi
                0x000000000010c665                pic_enable_irq
                0x000000000010c6c1                pic_disable_irq
                0x000000000010c78b                pic_remap
 *fill*         0x000000000010c7ca        0x6 
 .text          0x000000000010c7d0       0x10 obj/portio.o
                0x000000000010c7d0                inportb
                0x000000000010c7d6                outportb
 .text          0x000000000010c7e0       0x34 obj/random.o
                0x000000000010c7e0                rand
                0x000000000010c807                srand
 .text          0x000000000010c814      0x1a6 obj/stack.o
                0x000000000010c814                stack_str
                0x000000000010c81f                push_str
                0x000000000010c85f                new_stack
                0x000000000010c8ae                delete_stack
                0x000000000010c8cf                push
                0x000000000010c91c                pop
                0x000000000010c968                peek
                0x000000000010c996                empty
                0x000000000010c9a5                full
 .text          0x000000000010c9ba      0x6b9 obj/stdio.o
                0x000000000010caa4                printf
                0x000000000010cc9e                getch
                0x000000000010ccd7                register_scan_event
                0x000000000010cd5e                deregister_scan_event
                0x000000000010cdeb                scan
 .text          0x000000000010d073      0x866 obj/string.o
                0x000000000010d073                split
                0x000000000010d19f                chomp
                0x000000000010d1df                new_str
                0x000000000010d379                reverse
                0x000000000010d3ea                itoa
                0x000000000010d587                atoi
                0x000000000010d60b                strcat
                0x000000000010d64a                strncat
                0x000000000010d6a1                strchr
                0x000000000010d6cc                strcmp
                0x000000000010d722                strncmp
                0x000000000010d780                strcpy
                0x000000000010d7b0                strncpy
                0x000000000010d7e7                strlen
                0x000000000010d81b                memset
                0x000000000010d849                memcmp
                0x000000000010d899                memcpy
 *fill*         0x000000000010d8d9        0x7 
 .text          0x000000000010d8e0       0xfd obj/throw.o
                0x000000000010d8e0                throw_exception
                0x000000000010d8ee                throw_zero_divide
                0x000000000010d8f9                throw_irq_0
                0x000000000010d905                throw_irq_1
                0x000000000010d911                throw_irq_2
                0x000000000010d91d                throw_irq_3
                0x000000000010d929                throw_irq_4
                0x000000000010d935                throw_irq_5
                0x000000000010d941                throw_irq_6
                0x000000000010d94d                throw_irq_7
                0x000000000010d959                throw_irq_8
                0x000000000010d965                throw_irq_9
                0x000000000010d971                throw_irq_10
                0x000000000010d97d                throw_irq_11
                0x000000000010d989                throw_irq_12
                0x000000000010d995                throw_irq_13
                0x000000000010d9a1                throw_irq_14
                0x000000000010d9ad                throw_irq_15
                0x000000000010d9b9                throw_irq_16
                0x000000000010d9c5                throw_irq_17
                0x000000000010d9d1                throw_irq_18
 .text          0x000000000010d9dd       0x63 obj/time.o
                0x000000000010d9dd                get_bios_ticks
                0x000000000010d9eb                usleep
                0x000000000010da27                sleep
 .text          0x000000000010da40      0x495 obj/util.o
                0x000000000010da40                types_test
                0x000000000010dddc                colors_test
                0x000000000010de69                trace_function
                0x000000000010de94                notify_progress
 .text          0x000000000010ded5      0x56f obj/vga.o
                0x000000000010ded5                move_cursor
                0x000000000010df66                hide_cursor
                0x000000000010df82                vga_tabsize
                0x000000000010dfa8                vga_increment
                0x000000000010dfbf                vga_decrement
                0x000000000010dfd6                vga_getcol
                0x000000000010e002                vga_getrow
                0x000000000010e01e                vga_getloc
                0x000000000010e02e                vga_setcolor
                0x000000000010e04b                vga_newline
                0x000000000010e06d                vga_creturn
                0x000000000010e08d                vga_getcolor
                0x000000000010e09e                vga_getchar
                0x000000000010e0b9                vga_tabchar
                0x000000000010e125                vga_movexy
                0x000000000010e16f                vga_moveptr
                0x000000000010e19f                vga_char_at
                0x000000000010e1d4                vga_clear
                0x000000000010e237                vga_clear_row
                0x000000000010e28b                vga_write
                0x000000000010e2ca                addch
                0x000000000010e314                vga_color
                0x000000000010e33e                printxy
                0x000000000010e3a5                vga_scroll

.iplt           0x000000000010e450        0x0
 .iplt          0x0000000000000000        0x0 obj/anicafs.o

.rel.dyn        0x000000000010e444        0x0
 .rel.iplt      0x0000000000000000        0x0 obj/anicafs.o
 .rel.text      0x0000000000000000        0x0 obj/anicafs.o

.data           0x000000000010e460      0x1de
 *(.data)
 .data          0x000000000010e460        0x0 obj/anicafs.o
 .data          0x000000000010e460        0x0 obj/diskio.o
 .data          0x000000000010e460        0x0 obj/dma.o
 .data          0x000000000010e460        0x0 obj/errors.o
 .data          0x000000000010e460        0x0 obj/exceptions.o
 .data          0x000000000010e460        0x0 obj/ext2.o
 .data          0x000000000010e460        0x0 obj/ff.o
 .data          0x000000000010e460       0x44 obj/filesystem.o
 .data          0x000000000010e4a4        0x8 obj/floppy.o
                0x000000000010e4a4                floppy_cache_state
                0x000000000010e4a5                floppy_cache_value
 .data          0x000000000010e4ac        0x0 obj/idt.o
 *fill*         0x000000000010e4ac       0x14 
 .data          0x000000000010e4c0      0x174 obj/keyboard.o
                0x000000000010e4c0                KEYMAP
 .data          0x000000000010e634        0x0 obj/lex-fs.o
 .data          0x000000000010e634        0x0 obj/lex-list.o
 .data          0x000000000010e634        0x0 obj/lex-term.o
 .data          0x000000000010e634        0x0 obj/lex.o
 .data          0x000000000010e634        0x0 obj/main.o
 .data          0x000000000010e634        0x0 obj/math.o
 .data          0x000000000010e634        0x0 obj/mman.o
 .data          0x000000000010e634        0x0 obj/pic.o
 .data          0x000000000010e634        0x4 obj/random.o
 .data          0x000000000010e638        0x0 obj/stack.o
 .data          0x000000000010e638        0x4 obj/stdio.o
 .data          0x000000000010e63c        0x1 obj/string.o
                0x000000000010e63c                itoa_long
 .data          0x000000000010e63d        0x0 obj/time.o
 .data          0x000000000010e63d        0x0 obj/util.o
 .data          0x000000000010e63d        0x1 obj/vga.o

.igot.plt       0x000000000010e640        0x0
 .igot.plt      0x0000000000000000        0x0 obj/anicafs.o

.bss            0x000000000010e640     0x18cd
 *(.bss)
 .bss           0x000000000010e640        0x0 obj/anicafs.o
 .bss           0x000000000010e640     0x1000 obj/boot.o
 .bss           0x000000000010f640        0x0 obj/diskio.o
 .bss           0x000000000010f640        0x0 obj/dma.o
 .bss           0x000000000010f640        0x0 obj/errors.o
 .bss           0x000000000010f640        0x0 obj/exceptions.o
 .bss           0x000000000010f640        0x0 obj/ext2.o
 .bss           0x000000000010f640        0x6 obj/ff.o
 .bss           0x000000000010f646        0x0 obj/filesystem.o
 *fill*         0x000000000010f646        0x2 
 .bss           0x000000000010f648       0x18 obj/floppy.o
 .bss           0x000000000010f660      0x800 obj/idt.o
 .bss           0x000000000010fe60        0x2 obj/keyboard.o
 .bss           0x000000000010fe62        0x0 obj/lex-fs.o
 .bss           0x000000000010fe62        0x0 obj/lex-list.o
 .bss           0x000000000010fe62        0x0 obj/lex-term.o
 *fill*         0x000000000010fe62        0x2 
 .bss           0x000000000010fe64        0x8 obj/lex.o
 .bss           0x000000000010fe6c        0x0 obj/main.o
 .bss           0x000000000010fe6c        0x0 obj/math.o
 .bss           0x000000000010fe6c        0x0 obj/mman.o
 .bss           0x000000000010fe6c        0x0 obj/pic.o
 .bss           0x000000000010fe6c        0x0 obj/random.o
 .bss           0x000000000010fe6c        0x0 obj/stack.o
 *fill*         0x000000000010fe6c       0x14 
 .bss           0x000000000010fe80       0x74 obj/stdio.o
 .bss           0x000000000010fef4        0x4 obj/string.o
                0x000000000010fef4                itoa_case
 .bss           0x000000000010fef8        0x0 obj/time.o
 .bss           0x000000000010fef8        0x0 obj/util.o
 .bss           0x000000000010fef8        0x0 obj/vga.o
 COMMON         0x000000000010fef8        0x5 obj/keyboard.o
                0x000000000010fef8                listen
                0x000000000010fefa                key
                0x000000000010fefc                keypress
 COMMON         0x000000000010fefd       0x10 obj/lex.o
                0x000000000010fefd                history
LOAD obj/anicafs.o
LOAD obj/boot.o
LOAD obj/diskio.o
LOAD obj/dma.o
LOAD obj/errors.o
LOAD obj/exceptions.o
LOAD obj/ext2.o
LOAD obj/ff.o
LOAD obj/filesystem.o
LOAD obj/floppy.o
LOAD obj/idt.o
LOAD obj/interrupts.o
LOAD obj/keyboard.o
LOAD obj/lex-fs.o
LOAD obj/lex-list.o
LOAD obj/lex-term.o
LOAD obj/lex.o
LOAD obj/main.o
LOAD obj/math.o
LOAD obj/mman.o
LOAD obj/pic.o
LOAD obj/portio.o
LOAD obj/random.o
LOAD obj/stack.o
LOAD obj/stdio.o
LOAD obj/string.o
LOAD obj/throw.o
LOAD obj/time.o
LOAD obj/util.o
LOAD obj/vga.o
OUTPUT(bin/kernel-alpha elf32-i386)

.comment        0x0000000000000000       0x2b
 .comment       0x0000000000000000       0x2b obj/anicafs.o
                                         0x2c (size before relaxing)
 .comment       0x0000000000000000       0x2c obj/diskio.o
 .comment       0x0000000000000000       0x2c obj/dma.o
 .comment       0x0000000000000000       0x2c obj/errors.o
 .comment       0x0000000000000000       0x2c obj/exceptions.o
 .comment       0x0000000000000000       0x2c obj/ext2.o
 .comment       0x0000000000000000       0x2c obj/ff.o
 .comment       0x0000000000000000       0x2c obj/filesystem.o
 .comment       0x0000000000000000       0x2c obj/floppy.o
 .comment       0x0000000000000000       0x2c obj/idt.o
 .comment       0x0000000000000000       0x2c obj/keyboard.o
 .comment       0x0000000000000000       0x2c obj/lex-fs.o
 .comment       0x0000000000000000       0x2c obj/lex-list.o
 .comment       0x0000000000000000       0x2c obj/lex-term.o
 .comment       0x0000000000000000       0x2c obj/lex.o
 .comment       0x0000000000000000       0x2c obj/main.o
 .comment       0x0000000000000000       0x2c obj/math.o
 .comment       0x0000000000000000       0x2c obj/mman.o
 .comment       0x0000000000000000       0x2c obj/pic.o
 .comment       0x0000000000000000       0x2c obj/random.o
 .comment       0x0000000000000000       0x2c obj/stack.o
 .comment       0x0000000000000000       0x2c obj/stdio.o
 .comment       0x0000000000000000       0x2c obj/string.o
 .comment       0x0000000000000000       0x2c obj/time.o
 .comment       0x0000000000000000       0x2c obj/util.o
 .comment       0x0000000000000000       0x2c obj/vga.o

.note.GNU-stack
                0x0000000000000000        0x0
 .note.GNU-stack
                0x0000000000000000        0x0 obj/anicafs.o
 .note.GNU-stack
                0x0000000000000000        0x0 obj/diskio.o
 .note.GNU-stack
                0x0000000000000000        0x0 obj/dma.o
 .note.GNU-stack
                0x0000000000000000        0x0 obj/errors.o
 .note.GNU-stack
                0x0000000000000000        0x0 obj/exceptions.o
 .note.GNU-stack
                0x0000000000000000        0x0 obj/ext2.o
 .note.GNU-stack
                0x0000000000000000        0x0 obj/ff.o
 .note.GNU-stack
                0x0000000000000000        0x0 obj/filesystem.o
 .note.GNU-stack
                0x0000000000000000        0x0 obj/floppy.o
 .note.GNU-stack
                0x0000000000000000        0x0 obj/idt.o
 .note.GNU-stack
                0x0000000000000000        0x0 obj/keyboard.o
 .note.GNU-stack
                0x0000000000000000        0x0 obj/lex-fs.o
 .note.GNU-stack
                0x0000000000000000        0x0 obj/lex-list.o
 .note.GNU-stack
                0x0000000000000000        0x0 obj/lex-term.o
 .note.GNU-stack
                0x0000000000000000        0x0 obj/lex.o
 .note.GNU-stack
                0x0000000000000000        0x0 obj/main.o
 .note.GNU-stack
                0x0000000000000000        0x0 obj/math.o
 .note.GNU-stack
                0x0000000000000000        0x0 obj/mman.o
 .note.GNU-stack
                0x0000000000000000        0x0 obj/pic.o
 .note.GNU-stack
                0x0000000000000000        0x0 obj/random.o
 .note.GNU-stack
                0x0000000000000000        0x0 obj/stack.o
 .note.GNU-stack
                0x0000000000000000        0x0 obj/stdio.o
 .note.GNU-stack
                0x0000000000000000        0x0 obj/string.o
 .note.GNU-stack
                0x0000000000000000        0x0 obj/time.o
 .note.GNU-stack
                0x0000000000000000        0x0 obj/util.o
 .note.GNU-stack
                0x0000000000000000        0x0 obj/vga.o
