
Allocating common symbols
Common symbol       size              file

current_directory   0x4               obj/lex.o
history             0x10              obj/lex.o
listen              0x1               obj/keyboard.o
key                 0x2               obj/keyboard.o
keypress            0x1               obj/keyboard.o

Memory Configuration

Name             Origin             Length             Attributes
*default*        0x0000000000000000 0xffffffffffffffff

Linker script and memory map

                0x0000000000100000                . = 0x100000

.mbh            0x0000000000100000        0xc
 *(.mbh)
 .mbh           0x0000000000100000        0xc obj/boot.o

.rodata         0x0000000000100020     0x1a7c
 .rodata        0x0000000000100020      0x18b obj/anicafs.o
 .rodata        0x00000000001001ab       0x30 obj/dma.o
 .rodata        0x00000000001001db       0x30 obj/errors.o
 *fill*         0x000000000010020b        0x1 
 .rodata        0x000000000010020c      0x205 obj/exceptions.o
 .rodata        0x0000000000100411       0x4c obj/ext2.o
 .rodata        0x000000000010045d       0x6e obj/filesystem.o
 *fill*         0x00000000001004cb        0x1 
 .rodata        0x00000000001004cc      0x11e obj/floppy.o
 .rodata        0x00000000001005ea       0x18 obj/keyboard.o
 *fill*         0x0000000000100602        0x2 
 .rodata        0x0000000000100604      0x831 obj/lex-fs.o
 *fill*         0x0000000000100e35        0x3 
 .rodata        0x0000000000100e38      0x324 obj/lex-list.o
 .rodata        0x000000000010115c      0x264 obj/lex-term.o
 .rodata        0x00000000001013c0      0x397 obj/lex.o
 *fill*         0x0000000000101757        0x1 
 .rodata        0x0000000000101758       0x5e obj/main.o
 *fill*         0x00000000001017b6        0x2 
 .rodata        0x00000000001017b8       0x1e obj/mman.o
 .rodata        0x00000000001017d6        0xa obj/stack.o
 .rodata        0x00000000001017e0      0x17e obj/stdio.o
 *fill*         0x000000000010195e        0x2 
 .rodata        0x0000000000101960       0x4c obj/string.o
 .rodata        0x00000000001019ac        0x4 obj/time.o
                0x00000000001019ac                bios_ticks
 .rodata        0x00000000001019b0       0xe5 obj/util.o
 *fill*         0x0000000000101a95        0x3 
 .rodata        0x0000000000101a98        0x4 obj/vga.o

.eh_frame       0x0000000000101a9c     0x1c04
 .eh_frame      0x0000000000101a9c      0x35c obj/anicafs.o
 .eh_frame      0x0000000000101df8       0x40 obj/dma.o
                                         0x58 (size before relaxing)
 .eh_frame      0x0000000000101e38       0x40 obj/errors.o
                                         0x58 (size before relaxing)
 .eh_frame      0x0000000000101e78       0x9c obj/exceptions.o
                                         0xb4 (size before relaxing)
 .eh_frame      0x0000000000101f14       0x80 obj/ext2.o
                                         0x98 (size before relaxing)
 .eh_frame      0x0000000000101f94      0x1c0 obj/filesystem.o
                                        0x1d8 (size before relaxing)
 .eh_frame      0x0000000000102154      0x2d0 obj/floppy.o
                                        0x2e8 (size before relaxing)
 .eh_frame      0x0000000000102424       0x80 obj/idt.o
                                         0x98 (size before relaxing)
 .eh_frame      0x00000000001024a4       0x40 obj/keyboard.o
                                         0x58 (size before relaxing)
 .eh_frame      0x00000000001024e4      0x1b8 obj/lex-fs.o
                                        0x1d0 (size before relaxing)
 .eh_frame      0x000000000010269c       0xf0 obj/lex-list.o
                                        0x108 (size before relaxing)
 .eh_frame      0x000000000010278c       0xe0 obj/lex-term.o
                                         0xf8 (size before relaxing)
 .eh_frame      0x000000000010286c      0x1c4 obj/lex.o
                                        0x1dc (size before relaxing)
 .eh_frame      0x0000000000102a30       0x60 obj/main.o
                                         0x78 (size before relaxing)
 .eh_frame      0x0000000000102a90       0x60 obj/math.o
                                         0x78 (size before relaxing)
 .eh_frame      0x0000000000102af0      0x1cc obj/mman.o
                                        0x1e4 (size before relaxing)
 .eh_frame      0x0000000000102cbc       0xe8 obj/pic.o
                                        0x100 (size before relaxing)
 .eh_frame      0x0000000000102da4       0x40 obj/random.o
                                         0x58 (size before relaxing)
 .eh_frame      0x0000000000102de4      0x120 obj/stack.o
                                        0x138 (size before relaxing)
 .eh_frame      0x0000000000102f04      0x108 obj/stdio.o
                                        0x120 (size before relaxing)
 .eh_frame      0x000000000010300c      0x2ac obj/string.o
                                        0x2c4 (size before relaxing)
 .eh_frame      0x00000000001032b8       0x60 obj/time.o
                                         0x78 (size before relaxing)
 .eh_frame      0x0000000000103318       0x80 obj/util.o
                                         0x98 (size before relaxing)
 .eh_frame      0x0000000000103398      0x308 obj/vga.o
                                        0x320 (size before relaxing)

.text           0x00000000001036a0     0x7e35
 *(.text)
 .text          0x00000000001036a0     0x1490 obj/anicafs.o
                0x00000000001036a0                anica_read_superblock
                0x0000000000103728                anica_write_superblock
                0x00000000001037c8                anica_format_device
                0x000000000010393d                anica_mkdir
                0x00000000001039a7                anica_list_contents
                0x0000000000103bc8                anica_open_file
                0x0000000000103d6b                anica_read_file
                0x0000000000103e3b                anica_write_file
                0x00000000001048c6                anica_read_itable
                0x0000000000104938                anica_write_itable
 .text          0x0000000000104b30        0xc obj/boot.o
                0x0000000000104b30                start
 .text          0x0000000000104b3c      0x1c3 obj/dma.o
                0x0000000000104b3c                dma_xfer
 .text          0x0000000000104cff       0xad obj/errors.o
                0x0000000000104d71                throw
 .text          0x0000000000104dac      0x322 obj/exceptions.o
                0x0000000000104dac                exceptions_init
                0x0000000000105069                catch_exception
                0x00000000001050b3                catch_zero_divide
 .text          0x00000000001050ce      0x455 obj/ext2.o
                0x00000000001050ce                ext2_read_superblock
                0x0000000000105152                ext2_read_cache
                0x00000000001053f8                ext2_block_groups
                0x00000000001054a2                ext2_read_block
 .text          0x0000000000105523      0x3dc obj/filesystem.o
                0x0000000000105523                dev_to_str
                0x0000000000105532                fs_to_str
                0x0000000000105541                str_to_dev
                0x0000000000105582                str_to_fs
                0x00000000001055c3                read_fs
                0x00000000001056da                format_device
                0x000000000010570a                mount
                0x000000000010576d                open
                0x00000000001057de                read
                0x000000000010580c                write
                0x000000000010583d                close
                0x0000000000105850                unmount
                0x000000000010588f                ext2_read_sector
                0x00000000001058c7                ext2_write_sector
 .text          0x00000000001058ff      0xe2e obj/floppy.o
                0x00000000001058ff                floppy_clear_cache
                0x0000000000105982                floppy_sync_cache
                0x0000000000105a2d                floppy_write_block
                0x0000000000105b0b                floppy_read_block
                0x0000000000105bd9                floppy_handler
                0x0000000000105bf4                floppy_init
 .text          0x000000000010672d       0xdb obj/idt.o
                0x000000000010672d                idt_write_table
                0x000000000010675b                idt_add_handler
                0x0000000000106785                idt_add_exception
 *fill*         0x0000000000106808        0x8 
 .text          0x0000000000106810       0x16 obj/interrupts.o
                0x0000000000106810                load_idt
                0x000000000010681a                keyboard_irq
                0x0000000000106820                floppy_irq
 .text          0x0000000000106826      0x160 obj/keyboard.o
                0x0000000000106826                kb_init
                0x0000000000106888                keyboard_handler
 .text          0x0000000000106986     0x15ec obj/lex-fs.o
                0x0000000000106986                lex_manf
                0x0000000000106cd6                lex_mkdir
 .text          0x0000000000107f72      0x3a9 obj/lex-list.o
                0x0000000000107f72                lex_list
 .text          0x000000000010831b      0x3ae obj/lex-term.o
                0x000000000010831b                lex_term
 .text          0x00000000001086c9      0x926 obj/lex.o
                0x00000000001086c9                lex_init
                0x0000000000108806                system
                0x0000000000108861                shell
                0x0000000000108a0f                lex_full_path
 .text          0x0000000000108fef       0xee obj/main.o
                0x0000000000108fef                init
                0x0000000000109032                avian_main
                0x0000000000109066                bootscreen
 .text          0x00000000001090dd       0x92 obj/math.o
                0x00000000001090dd                div
                0x000000000010910e                ldiv
                0x000000000010913f                pow
 .text          0x000000000010916f      0x448 obj/mman.o
                0x000000000010916f                ptrsize
                0x00000000001091bd                free
                0x00000000001091ed                _calloc
                0x0000000000109234                _malloc
                0x00000000001092f7                _realloc
                0x000000000010934f                mem_blocks
                0x000000000010935b                mem_used
                0x0000000000109398                mem_free
                0x00000000001093ab                mem_block_info
 .text          0x00000000001095b7      0x1ff obj/pic.o
                0x00000000001095b7                pic_init
                0x000000000010961b                pic_send_eoi
                0x0000000000109651                pic_enable_irq
                0x00000000001096ad                pic_disable_irq
                0x0000000000109777                pic_remap
 *fill*         0x00000000001097b6        0xa 
 .text          0x00000000001097c0       0x10 obj/portio.o
                0x00000000001097c0                inportb
                0x00000000001097c6                outportb
 .text          0x00000000001097d0       0x34 obj/random.o
                0x00000000001097d0                rand
                0x00000000001097f7                srand
 .text          0x0000000000109804      0x1a6 obj/stack.o
                0x0000000000109804                stack_str
                0x000000000010980f                push_str
                0x000000000010984f                new_stack
                0x000000000010989e                delete_stack
                0x00000000001098bf                push
                0x000000000010990c                pop
                0x0000000000109958                peek
                0x0000000000109986                empty
                0x0000000000109995                full
 .text          0x00000000001099aa      0x6b9 obj/stdio.o
                0x0000000000109a94                printf
                0x0000000000109c8e                getch
                0x0000000000109cc7                register_scan_event
                0x0000000000109d4e                deregister_scan_event
                0x0000000000109ddb                scan
 .text          0x000000000010a063      0x8ff obj/string.o
                0x000000000010a063                split
                0x000000000010a18f                chomp
                0x000000000010a1cf                new_str
                0x000000000010a20b                strlongest
                0x000000000010a25b                strmerge
                0x000000000010a402                reverse
                0x000000000010a473                itoa
                0x000000000010a610                atoi
                0x000000000010a694                strcat
                0x000000000010a6d3                strncat
                0x000000000010a72a                strchr
                0x000000000010a755                strcmp
                0x000000000010a7ab                strncmp
                0x000000000010a809                strcpy
                0x000000000010a839                strncpy
                0x000000000010a870                strlen
                0x000000000010a8a4                memset
                0x000000000010a8d2                memcmp
                0x000000000010a922                memcpy
 *fill*         0x000000000010a962        0xe 
 .text          0x000000000010a970       0xfe obj/throw.o
                0x000000000010a970                throw_exception
                0x000000000010a97e                throw_zero_divide
                0x000000000010a989                throw_irq_0
                0x000000000010a995                throw_irq_1
                0x000000000010a9a1                throw_irq_2
                0x000000000010a9ad                throw_irq_3
                0x000000000010a9b9                throw_irq_4
                0x000000000010a9c5                throw_irq_5
                0x000000000010a9d1                throw_irq_6
                0x000000000010a9dd                throw_irq_7
                0x000000000010a9e9                throw_irq_8
                0x000000000010a9f6                throw_irq_9
                0x000000000010aa02                throw_irq_10
                0x000000000010aa0e                throw_irq_11
                0x000000000010aa1a                throw_irq_12
                0x000000000010aa26                throw_irq_13
                0x000000000010aa32                throw_irq_14
                0x000000000010aa3e                throw_irq_15
                0x000000000010aa4a                throw_irq_16
                0x000000000010aa56                throw_irq_17
                0x000000000010aa62                throw_irq_18
 .text          0x000000000010aa6e       0x63 obj/time.o
                0x000000000010aa6e                get_bios_ticks
                0x000000000010aa7c                usleep
                0x000000000010aab8                sleep
 .text          0x000000000010aad1      0x495 obj/util.o
                0x000000000010aad1                types_test
                0x000000000010ae6d                colors_test
                0x000000000010aefa                trace_function
                0x000000000010af25                notify_progress
 .text          0x000000000010af66      0x56f obj/vga.o
                0x000000000010af66                move_cursor
                0x000000000010aff7                hide_cursor
                0x000000000010b013                vga_tabsize
                0x000000000010b039                vga_increment
                0x000000000010b050                vga_decrement
                0x000000000010b067                vga_getcol
                0x000000000010b093                vga_getrow
                0x000000000010b0af                vga_getloc
                0x000000000010b0bf                vga_setcolor
                0x000000000010b0dc                vga_newline
                0x000000000010b0fe                vga_creturn
                0x000000000010b11e                vga_getcolor
                0x000000000010b12f                vga_getchar
                0x000000000010b14a                vga_tabchar
                0x000000000010b1b6                vga_movexy
                0x000000000010b200                vga_moveptr
                0x000000000010b230                vga_char_at
                0x000000000010b265                vga_clear
                0x000000000010b2c8                vga_clear_row
                0x000000000010b31c                vga_write
                0x000000000010b35b                addch
                0x000000000010b3a5                vga_color
                0x000000000010b3cf                printxy
                0x000000000010b436                vga_scroll

.iplt           0x000000000010b4e0        0x0
 .iplt          0x0000000000000000        0x0 obj/anicafs.o

.rel.dyn        0x000000000010b4d8        0x0
 .rel.iplt      0x0000000000000000        0x0 obj/anicafs.o
 .rel.text      0x0000000000000000        0x0 obj/anicafs.o

.data           0x000000000010b4e0      0x1e2
 *(.data)
 .data          0x000000000010b4e0        0x0 obj/anicafs.o
 .data          0x000000000010b4e0        0x0 obj/dma.o
 .data          0x000000000010b4e0        0x0 obj/errors.o
 .data          0x000000000010b4e0        0x0 obj/exceptions.o
 .data          0x000000000010b4e0        0x0 obj/ext2.o
 .data          0x000000000010b4e0       0x44 obj/filesystem.o
 .data          0x000000000010b524        0x8 obj/floppy.o
                0x000000000010b524                floppy_cache_state
                0x000000000010b525                floppy_cache_value
 .data          0x000000000010b52c        0x0 obj/idt.o
 *fill*         0x000000000010b52c       0x14 
 .data          0x000000000010b540      0x174 obj/keyboard.o
                0x000000000010b540                KEYMAP
 .data          0x000000000010b6b4        0x0 obj/lex-fs.o
 .data          0x000000000010b6b4        0x0 obj/lex-list.o
 .data          0x000000000010b6b4        0x4 obj/lex-term.o
                0x000000000010b6b4                lex_file_color
                0x000000000010b6b5                lex_dir_color
                0x000000000010b6b6                lex_sys_color
                0x000000000010b6b7                lex_text_color
 .data          0x000000000010b6b8        0x0 obj/lex.o
 .data          0x000000000010b6b8        0x0 obj/main.o
 .data          0x000000000010b6b8        0x0 obj/math.o
 .data          0x000000000010b6b8        0x0 obj/mman.o
 .data          0x000000000010b6b8        0x0 obj/pic.o
 .data          0x000000000010b6b8        0x4 obj/random.o
 .data          0x000000000010b6bc        0x0 obj/stack.o
 .data          0x000000000010b6bc        0x4 obj/stdio.o
 .data          0x000000000010b6c0        0x1 obj/string.o
                0x000000000010b6c0                itoa_long
 .data          0x000000000010b6c1        0x0 obj/time.o
 .data          0x000000000010b6c1        0x0 obj/util.o
 .data          0x000000000010b6c1        0x1 obj/vga.o

.igot.plt       0x000000000010b6c4        0x0
 .igot.plt      0x0000000000000000        0x0 obj/anicafs.o

.bss            0x000000000010b6e0     0x1954
 *(.bss)
 .bss           0x000000000010b6e0        0x0 obj/anicafs.o
 .bss           0x000000000010b6e0     0x1000 obj/boot.o
 .bss           0x000000000010c6e0        0x0 obj/dma.o
 .bss           0x000000000010c6e0        0x0 obj/errors.o
 .bss           0x000000000010c6e0        0x0 obj/exceptions.o
 .bss           0x000000000010c6e0        0x0 obj/ext2.o
 .bss           0x000000000010c6e0        0x0 obj/filesystem.o
 .bss           0x000000000010c6e0       0x18 obj/floppy.o
 *fill*         0x000000000010c6f8        0x8 
 .bss           0x000000000010c700      0x800 obj/idt.o
 .bss           0x000000000010cf00        0x2 obj/keyboard.o
 *fill*         0x000000000010cf02       0x1e 
 .bss           0x000000000010cf20       0x64 obj/lex-fs.o
 .bss           0x000000000010cf84        0x0 obj/lex-list.o
 .bss           0x000000000010cf84        0x0 obj/lex-term.o
 .bss           0x000000000010cf84        0xc obj/lex.o
 .bss           0x000000000010cf90        0x0 obj/main.o
 .bss           0x000000000010cf90        0x0 obj/math.o
 .bss           0x000000000010cf90        0x0 obj/mman.o
 .bss           0x000000000010cf90        0x0 obj/pic.o
 .bss           0x000000000010cf90        0x0 obj/random.o
 .bss           0x000000000010cf90        0x0 obj/stack.o
 *fill*         0x000000000010cf90       0x10 
 .bss           0x000000000010cfa0       0x74 obj/stdio.o
 .bss           0x000000000010d014        0x4 obj/string.o
                0x000000000010d014                itoa_case
 .bss           0x000000000010d018        0x0 obj/time.o
 .bss           0x000000000010d018        0x0 obj/util.o
 .bss           0x000000000010d018        0x0 obj/vga.o
 COMMON         0x000000000010d018        0x5 obj/keyboard.o
                0x000000000010d018                listen
                0x000000000010d01a                key
                0x000000000010d01c                keypress
 *fill*         0x000000000010d01d        0x3 
 COMMON         0x000000000010d020       0x14 obj/lex.o
                0x000000000010d020                current_directory
                0x000000000010d024                history
LOAD obj/anicafs.o
LOAD obj/boot.o
LOAD obj/dma.o
LOAD obj/errors.o
LOAD obj/exceptions.o
LOAD obj/ext2.o
LOAD obj/filesystem.o
LOAD obj/floppy.o
LOAD obj/idt.o
LOAD obj/interrupts.o
LOAD obj/keyboard.o
LOAD obj/lex-fs.o
LOAD obj/lex-list.o
LOAD obj/lex-term.o
LOAD obj/lex.o
LOAD obj/main.o
LOAD obj/math.o
LOAD obj/mman.o
LOAD obj/pic.o
LOAD obj/portio.o
LOAD obj/random.o
LOAD obj/stack.o
LOAD obj/stdio.o
LOAD obj/string.o
LOAD obj/throw.o
LOAD obj/time.o
LOAD obj/util.o
LOAD obj/vga.o
OUTPUT(bin/kernel-alpha elf32-i386)

.comment        0x0000000000000000       0x2b
 .comment       0x0000000000000000       0x2b obj/anicafs.o
                                         0x2c (size before relaxing)
 .comment       0x0000000000000000       0x2c obj/dma.o
 .comment       0x0000000000000000       0x2c obj/errors.o
 .comment       0x0000000000000000       0x2c obj/exceptions.o
 .comment       0x0000000000000000       0x2c obj/ext2.o
 .comment       0x0000000000000000       0x2c obj/filesystem.o
 .comment       0x0000000000000000       0x2c obj/floppy.o
 .comment       0x0000000000000000       0x2c obj/idt.o
 .comment       0x0000000000000000       0x2c obj/keyboard.o
 .comment       0x0000000000000000       0x2c obj/lex-fs.o
 .comment       0x0000000000000000       0x2c obj/lex-list.o
 .comment       0x0000000000000000       0x2c obj/lex-term.o
 .comment       0x0000000000000000       0x2c obj/lex.o
 .comment       0x0000000000000000       0x2c obj/main.o
 .comment       0x0000000000000000       0x2c obj/math.o
 .comment       0x0000000000000000       0x2c obj/mman.o
 .comment       0x0000000000000000       0x2c obj/pic.o
 .comment       0x0000000000000000       0x2c obj/random.o
 .comment       0x0000000000000000       0x2c obj/stack.o
 .comment       0x0000000000000000       0x2c obj/stdio.o
 .comment       0x0000000000000000       0x2c obj/string.o
 .comment       0x0000000000000000       0x2c obj/time.o
 .comment       0x0000000000000000       0x2c obj/util.o
 .comment       0x0000000000000000       0x2c obj/vga.o

.note.GNU-stack
                0x0000000000000000        0x0
 .note.GNU-stack
                0x0000000000000000        0x0 obj/anicafs.o
 .note.GNU-stack
                0x0000000000000000        0x0 obj/dma.o
 .note.GNU-stack
                0x0000000000000000        0x0 obj/errors.o
 .note.GNU-stack
                0x0000000000000000        0x0 obj/exceptions.o
 .note.GNU-stack
                0x0000000000000000        0x0 obj/ext2.o
 .note.GNU-stack
                0x0000000000000000        0x0 obj/filesystem.o
 .note.GNU-stack
                0x0000000000000000        0x0 obj/floppy.o
 .note.GNU-stack
                0x0000000000000000        0x0 obj/idt.o
 .note.GNU-stack
                0x0000000000000000        0x0 obj/keyboard.o
 .note.GNU-stack
                0x0000000000000000        0x0 obj/lex-fs.o
 .note.GNU-stack
                0x0000000000000000        0x0 obj/lex-list.o
 .note.GNU-stack
                0x0000000000000000        0x0 obj/lex-term.o
 .note.GNU-stack
                0x0000000000000000        0x0 obj/lex.o
 .note.GNU-stack
                0x0000000000000000        0x0 obj/main.o
 .note.GNU-stack
                0x0000000000000000        0x0 obj/math.o
 .note.GNU-stack
                0x0000000000000000        0x0 obj/mman.o
 .note.GNU-stack
                0x0000000000000000        0x0 obj/pic.o
 .note.GNU-stack
                0x0000000000000000        0x0 obj/random.o
 .note.GNU-stack
                0x0000000000000000        0x0 obj/stack.o
 .note.GNU-stack
                0x0000000000000000        0x0 obj/stdio.o
 .note.GNU-stack
                0x0000000000000000        0x0 obj/string.o
 .note.GNU-stack
                0x0000000000000000        0x0 obj/time.o
 .note.GNU-stack
                0x0000000000000000        0x0 obj/util.o
 .note.GNU-stack
                0x0000000000000000        0x0 obj/vga.o
