
Allocating common symbols
Common symbol       size              file

current_directory   0x4               obj/lex.o
history             0x10              obj/lex.o
listen              0x1               obj/keyboard.o
key                 0x2               obj/keyboard.o
keypress            0x1               obj/keyboard.o

Memory Configuration

Name             Origin             Length             Attributes
*default*        0x0000000000000000 0xffffffffffffffff

Linker script and memory map

                0x0000000000100000                . = 0x100000

.mbh            0x0000000000100000        0xc
 *(.mbh)
 .mbh           0x0000000000100000        0xc obj/boot.o

.rodata         0x0000000000100020     0x195c
 .rodata        0x0000000000100020      0x185 obj/anicafs.o
 .rodata        0x00000000001001a5       0x30 obj/dma.o
 .rodata        0x00000000001001d5       0x30 obj/errors.o
 *fill*         0x0000000000100205        0x3 
 .rodata        0x0000000000100208      0x201 obj/exceptions.o
 .rodata        0x0000000000100409       0x4c obj/ext2.o
 *fill*         0x0000000000100455        0x1 
 .rodata        0x0000000000100456       0x70 obj/ff.o
 .rodata        0x00000000001004c6       0x6e obj/filesystem.o
 .rodata        0x0000000000100534      0x11e obj/floppy.o
 .rodata        0x0000000000100652       0x18 obj/keyboard.o
 *fill*         0x000000000010066a        0x2 
 .rodata        0x000000000010066c      0x7c6 obj/lex-fs.o
 *fill*         0x0000000000100e32        0x2 
 .rodata        0x0000000000100e34      0x324 obj/lex-list.o
 .rodata        0x0000000000101158      0x264 obj/lex-term.o
 .rodata        0x00000000001013bc      0x277 obj/lex.o
 *fill*         0x0000000000101633        0x1 
 .rodata        0x0000000000101634       0x5e obj/main.o
 *fill*         0x0000000000101692        0x2 
 .rodata        0x0000000000101694       0x1e obj/mman.o
 .rodata        0x00000000001016b2        0xa obj/stack.o
 .rodata        0x00000000001016bc      0x17e obj/stdio.o
 *fill*         0x000000000010183a        0x6 
 .rodata        0x0000000000101840       0x4c obj/string.o
 .rodata        0x000000000010188c        0x4 obj/time.o
                0x000000000010188c                bios_ticks
 .rodata        0x0000000000101890       0xe5 obj/util.o
 *fill*         0x0000000000101975        0x3 
 .rodata        0x0000000000101978        0x4 obj/vga.o

.eh_frame       0x000000000010197c     0x23a8
 .eh_frame      0x000000000010197c      0x35c obj/anicafs.o
 .eh_frame      0x0000000000101cd8      0x2a0 obj/diskio.o
                                        0x2b8 (size before relaxing)
 .eh_frame      0x0000000000101f78       0x40 obj/dma.o
                                         0x58 (size before relaxing)
 .eh_frame      0x0000000000101fb8       0x40 obj/errors.o
                                         0x58 (size before relaxing)
 .eh_frame      0x0000000000101ff8       0x9c obj/exceptions.o
                                         0xb4 (size before relaxing)
 .eh_frame      0x0000000000102094       0x80 obj/ext2.o
                                         0x98 (size before relaxing)
 .eh_frame      0x0000000000102114      0x5f4 obj/ff.o
                                        0x60c (size before relaxing)
 .eh_frame      0x0000000000102708      0x1c0 obj/filesystem.o
                                        0x1d8 (size before relaxing)
 .eh_frame      0x00000000001028c8      0x2d0 obj/floppy.o
                                        0x2e8 (size before relaxing)
 .eh_frame      0x0000000000102b98       0x80 obj/idt.o
                                         0x98 (size before relaxing)
 .eh_frame      0x0000000000102c18       0x40 obj/keyboard.o
                                         0x58 (size before relaxing)
 .eh_frame      0x0000000000102c58      0x188 obj/lex-fs.o
                                        0x1a0 (size before relaxing)
 .eh_frame      0x0000000000102de0       0xf0 obj/lex-list.o
                                        0x108 (size before relaxing)
 .eh_frame      0x0000000000102ed0       0xe0 obj/lex-term.o
                                         0xf8 (size before relaxing)
 .eh_frame      0x0000000000102fb0      0x124 obj/lex.o
                                        0x13c (size before relaxing)
 .eh_frame      0x00000000001030d4       0x60 obj/main.o
                                         0x78 (size before relaxing)
 .eh_frame      0x0000000000103134       0x60 obj/math.o
                                         0x78 (size before relaxing)
 .eh_frame      0x0000000000103194      0x1cc obj/mman.o
                                        0x1e4 (size before relaxing)
 .eh_frame      0x0000000000103360       0xe8 obj/pic.o
                                        0x100 (size before relaxing)
 .eh_frame      0x0000000000103448       0x40 obj/random.o
                                         0x58 (size before relaxing)
 .eh_frame      0x0000000000103488      0x120 obj/stack.o
                                        0x138 (size before relaxing)
 .eh_frame      0x00000000001035a8      0x108 obj/stdio.o
                                        0x120 (size before relaxing)
 .eh_frame      0x00000000001036b0      0x28c obj/string.o
                                        0x2a4 (size before relaxing)
 .eh_frame      0x000000000010393c       0x60 obj/time.o
                                         0x78 (size before relaxing)
 .eh_frame      0x000000000010399c       0x80 obj/util.o
                                         0x98 (size before relaxing)
 .eh_frame      0x0000000000103a1c      0x308 obj/vga.o
                                        0x320 (size before relaxing)

.text           0x0000000000103d30     0xc5e5
 *(.text)
 .text          0x0000000000103d30     0x13d3 obj/anicafs.o
                0x0000000000103d30                anica_read_superblock
                0x0000000000103db8                anica_write_superblock
                0x0000000000103e58                anica_format_device
                0x0000000000103fcd                anica_mkdir
                0x0000000000104037                anica_list_contents
                0x00000000001041d5                anica_open_file
                0x0000000000104378                anica_read_file
                0x0000000000104448                anica_write_file
                0x0000000000104e99                anica_read_itable
                0x0000000000104f0b                anica_write_itable
 *fill*         0x0000000000105103        0xd 
 .text          0x0000000000105110        0xc obj/boot.o
                0x0000000000105110                start
 .text          0x000000000010511c      0x3b6 obj/diskio.o
                0x00000000001051f6                disk_status
                0x000000000010525d                disk_initialize
                0x00000000001052c4                disk_read
                0x0000000000105388                disk_write
                0x000000000010544c                disk_ioctl
 .text          0x00000000001054d2      0x1c3 obj/dma.o
                0x00000000001054d2                dma_xfer
 .text          0x0000000000105695       0xad obj/errors.o
                0x0000000000105707                throw
 .text          0x0000000000105742      0x322 obj/exceptions.o
                0x0000000000105742                exceptions_init
                0x00000000001059ff                catch_exception
                0x0000000000105a49                catch_zero_divide
 .text          0x0000000000105a64      0x455 obj/ext2.o
                0x0000000000105a64                ext2_read_superblock
                0x0000000000105ae8                ext2_read_cache
                0x0000000000105d8e                ext2_block_groups
                0x0000000000105e38                ext2_read_block
 .text          0x0000000000105eb9     0x4875 obj/ff.o
                0x0000000000106295                clust2sect
                0x00000000001062ca                get_fat
                0x00000000001064af                put_fat
                0x0000000000107dd2                f_mount
                0x0000000000107e68                f_open
                0x000000000010819f                f_read
                0x0000000000108520                f_write
                0x0000000000108927                f_sync
                0x0000000000108acc                f_close
                0x0000000000108b08                f_lseek
                0x0000000000108e62                f_opendir
                0x0000000000108f59                f_closedir
                0x0000000000108f81                f_readdir
                0x000000000010903d                f_stat
                0x00000000001090b4                f_getfree
                0x0000000000109288                f_truncate
                0x0000000000109445                f_unlink
                0x00000000001095bd                f_mkdir
                0x000000000010988a                f_chmod
                0x000000000010993b                f_rename
                0x0000000000109b3e                f_utime
                0x0000000000109bfd                f_mkfs
 .text          0x000000000010a72e      0x3dc obj/filesystem.o
                0x000000000010a72e                dev_to_str
                0x000000000010a73d                fs_to_str
                0x000000000010a74c                str_to_dev
                0x000000000010a78d                str_to_fs
                0x000000000010a7ce                read_fs
                0x000000000010a8e5                format_device
                0x000000000010a915                mount
                0x000000000010a978                open
                0x000000000010a9e9                read
                0x000000000010aa17                write
                0x000000000010aa48                close
                0x000000000010aa5b                unmount
                0x000000000010aa9a                ext2_read_sector
                0x000000000010aad2                ext2_write_sector
 .text          0x000000000010ab0a      0xe2e obj/floppy.o
                0x000000000010ab0a                floppy_clear_cache
                0x000000000010ab8d                floppy_sync_cache
                0x000000000010ac38                floppy_write_block
                0x000000000010ad16                floppy_read_block
                0x000000000010ade4                floppy_handler
                0x000000000010adff                floppy_init
 .text          0x000000000010b938       0xdb obj/idt.o
                0x000000000010b938                idt_write_table
                0x000000000010b966                idt_add_handler
                0x000000000010b990                idt_add_exception
 *fill*         0x000000000010ba13        0xd 
 .text          0x000000000010ba20       0x16 obj/interrupts.o
                0x000000000010ba20                load_idt
                0x000000000010ba2a                keyboard_irq
                0x000000000010ba30                floppy_irq
 .text          0x000000000010ba36      0x160 obj/keyboard.o
                0x000000000010ba36                kb_init
                0x000000000010ba98                keyboard_handler
 .text          0x000000000010bb96     0x148c obj/lex-fs.o
                0x000000000010bb96                lex_manf
                0x000000000010be92                lex_mkdir
 .text          0x000000000010d022      0x3a9 obj/lex-list.o
                0x000000000010d022                lex_list
 .text          0x000000000010d3cb      0x3ae obj/lex-term.o
                0x000000000010d3cb                lex_term
 .text          0x000000000010d779      0x702 obj/lex.o
                0x000000000010d779                lex_init
                0x000000000010d886                shell
                0x000000000010da24                lex_full_path
 .text          0x000000000010de7b       0xee obj/main.o
                0x000000000010de7b                init
                0x000000000010debe                avian_main
                0x000000000010def2                bootscreen
 .text          0x000000000010df69       0x92 obj/math.o
                0x000000000010df69                div
                0x000000000010df9a                ldiv
                0x000000000010dfcb                pow
 .text          0x000000000010dffb      0x448 obj/mman.o
                0x000000000010dffb                ptrsize
                0x000000000010e049                free
                0x000000000010e079                _calloc
                0x000000000010e0c0                _malloc
                0x000000000010e183                _realloc
                0x000000000010e1db                mem_blocks
                0x000000000010e1e7                mem_used
                0x000000000010e224                mem_free
                0x000000000010e237                mem_block_info
 .text          0x000000000010e443      0x1ff obj/pic.o
                0x000000000010e443                pic_init
                0x000000000010e4a7                pic_send_eoi
                0x000000000010e4dd                pic_enable_irq
                0x000000000010e539                pic_disable_irq
                0x000000000010e603                pic_remap
 *fill*         0x000000000010e642        0xe 
 .text          0x000000000010e650       0x10 obj/portio.o
                0x000000000010e650                inportb
                0x000000000010e656                outportb
 .text          0x000000000010e660       0x34 obj/random.o
                0x000000000010e660                rand
                0x000000000010e687                srand
 .text          0x000000000010e694      0x1a6 obj/stack.o
                0x000000000010e694                stack_str
                0x000000000010e69f                push_str
                0x000000000010e6df                new_stack
                0x000000000010e72e                delete_stack
                0x000000000010e74f                push
                0x000000000010e79c                pop
                0x000000000010e7e8                peek
                0x000000000010e816                empty
                0x000000000010e825                full
 .text          0x000000000010e83a      0x6b9 obj/stdio.o
                0x000000000010e924                printf
                0x000000000010eb1e                getch
                0x000000000010eb57                register_scan_event
                0x000000000010ebde                deregister_scan_event
                0x000000000010ec6b                scan
 .text          0x000000000010eef3      0x8b6 obj/string.o
                0x000000000010eef3                split
                0x000000000010f01f                chomp
                0x000000000010f05f                new_str
                0x000000000010f0a9                strlongest
                0x000000000010f249                reverse
                0x000000000010f2ba                itoa
                0x000000000010f457                atoi
                0x000000000010f4db                strcat
                0x000000000010f51a                strncat
                0x000000000010f571                strchr
                0x000000000010f59c                strcmp
                0x000000000010f5f2                strncmp
                0x000000000010f650                strcpy
                0x000000000010f680                strncpy
                0x000000000010f6b7                strlen
                0x000000000010f6eb                memset
                0x000000000010f719                memcmp
                0x000000000010f769                memcpy
 *fill*         0x000000000010f7a9        0x7 
 .text          0x000000000010f7b0       0xfe obj/throw.o
                0x000000000010f7b0                throw_exception
                0x000000000010f7be                throw_zero_divide
                0x000000000010f7c9                throw_irq_0
                0x000000000010f7d5                throw_irq_1
                0x000000000010f7e1                throw_irq_2
                0x000000000010f7ed                throw_irq_3
                0x000000000010f7f9                throw_irq_4
                0x000000000010f805                throw_irq_5
                0x000000000010f811                throw_irq_6
                0x000000000010f81d                throw_irq_7
                0x000000000010f829                throw_irq_8
                0x000000000010f836                throw_irq_9
                0x000000000010f842                throw_irq_10
                0x000000000010f84e                throw_irq_11
                0x000000000010f85a                throw_irq_12
                0x000000000010f866                throw_irq_13
                0x000000000010f872                throw_irq_14
                0x000000000010f87e                throw_irq_15
                0x000000000010f88a                throw_irq_16
                0x000000000010f896                throw_irq_17
                0x000000000010f8a2                throw_irq_18
 .text          0x000000000010f8ae       0x63 obj/time.o
                0x000000000010f8ae                get_bios_ticks
                0x000000000010f8bc                usleep
                0x000000000010f8f8                sleep
 .text          0x000000000010f911      0x495 obj/util.o
                0x000000000010f911                types_test
                0x000000000010fcad                colors_test
                0x000000000010fd3a                trace_function
                0x000000000010fd65                notify_progress
 .text          0x000000000010fda6      0x56f obj/vga.o
                0x000000000010fda6                move_cursor
                0x000000000010fe37                hide_cursor
                0x000000000010fe53                vga_tabsize
                0x000000000010fe79                vga_increment
                0x000000000010fe90                vga_decrement
                0x000000000010fea7                vga_getcol
                0x000000000010fed3                vga_getrow
                0x000000000010feef                vga_getloc
                0x000000000010feff                vga_setcolor
                0x000000000010ff1c                vga_newline
                0x000000000010ff3e                vga_creturn
                0x000000000010ff5e                vga_getcolor
                0x000000000010ff6f                vga_getchar
                0x000000000010ff8a                vga_tabchar
                0x000000000010fff6                vga_movexy
                0x0000000000110040                vga_moveptr
                0x0000000000110070                vga_char_at
                0x00000000001100a5                vga_clear
                0x0000000000110108                vga_clear_row
                0x000000000011015c                vga_write
                0x000000000011019b                addch
                0x00000000001101e5                vga_color
                0x000000000011020f                printxy
                0x0000000000110276                vga_scroll

.iplt           0x0000000000110320        0x0
 .iplt          0x0000000000000000        0x0 obj/anicafs.o

.rel.dyn        0x0000000000110318        0x0
 .rel.iplt      0x0000000000000000        0x0 obj/anicafs.o
 .rel.text      0x0000000000000000        0x0 obj/anicafs.o

.data           0x0000000000110320      0x1e2
 *(.data)
 .data          0x0000000000110320        0x0 obj/anicafs.o
 .data          0x0000000000110320        0x0 obj/diskio.o
 .data          0x0000000000110320        0x0 obj/dma.o
 .data          0x0000000000110320        0x0 obj/errors.o
 .data          0x0000000000110320        0x0 obj/exceptions.o
 .data          0x0000000000110320        0x0 obj/ext2.o
 .data          0x0000000000110320        0x0 obj/ff.o
 .data          0x0000000000110320       0x44 obj/filesystem.o
 .data          0x0000000000110364        0x8 obj/floppy.o
                0x0000000000110364                floppy_cache_state
                0x0000000000110365                floppy_cache_value
 .data          0x000000000011036c        0x0 obj/idt.o
 *fill*         0x000000000011036c       0x14 
 .data          0x0000000000110380      0x174 obj/keyboard.o
                0x0000000000110380                KEYMAP
 .data          0x00000000001104f4        0x0 obj/lex-fs.o
 .data          0x00000000001104f4        0x0 obj/lex-list.o
 .data          0x00000000001104f4        0x4 obj/lex-term.o
                0x00000000001104f4                lex_file_color
                0x00000000001104f5                lex_dir_color
                0x00000000001104f6                lex_sys_color
                0x00000000001104f7                lex_text_color
 .data          0x00000000001104f8        0x0 obj/lex.o
 .data          0x00000000001104f8        0x0 obj/main.o
 .data          0x00000000001104f8        0x0 obj/math.o
 .data          0x00000000001104f8        0x0 obj/mman.o
 .data          0x00000000001104f8        0x0 obj/pic.o
 .data          0x00000000001104f8        0x4 obj/random.o
 .data          0x00000000001104fc        0x0 obj/stack.o
 .data          0x00000000001104fc        0x4 obj/stdio.o
 .data          0x0000000000110500        0x1 obj/string.o
                0x0000000000110500                itoa_long
 .data          0x0000000000110501        0x0 obj/time.o
 .data          0x0000000000110501        0x0 obj/util.o
 .data          0x0000000000110501        0x1 obj/vga.o

.igot.plt       0x0000000000110504        0x0
 .igot.plt      0x0000000000000000        0x0 obj/anicafs.o

.bss            0x0000000000110520     0x1954
 *(.bss)
 .bss           0x0000000000110520        0x0 obj/anicafs.o
 .bss           0x0000000000110520     0x1000 obj/boot.o
 .bss           0x0000000000111520        0x0 obj/diskio.o
 .bss           0x0000000000111520        0x0 obj/dma.o
 .bss           0x0000000000111520        0x0 obj/errors.o
 .bss           0x0000000000111520        0x0 obj/exceptions.o
 .bss           0x0000000000111520        0x0 obj/ext2.o
 .bss           0x0000000000111520        0x6 obj/ff.o
 .bss           0x0000000000111526        0x0 obj/filesystem.o
 *fill*         0x0000000000111526        0x2 
 .bss           0x0000000000111528       0x18 obj/floppy.o
 .bss           0x0000000000111540      0x800 obj/idt.o
 .bss           0x0000000000111d40        0x2 obj/keyboard.o
 *fill*         0x0000000000111d42       0x1e 
 .bss           0x0000000000111d60       0x64 obj/lex-fs.o
 .bss           0x0000000000111dc4        0x0 obj/lex-list.o
 .bss           0x0000000000111dc4        0x0 obj/lex-term.o
 .bss           0x0000000000111dc4        0xc obj/lex.o
 .bss           0x0000000000111dd0        0x0 obj/main.o
 .bss           0x0000000000111dd0        0x0 obj/math.o
 .bss           0x0000000000111dd0        0x0 obj/mman.o
 .bss           0x0000000000111dd0        0x0 obj/pic.o
 .bss           0x0000000000111dd0        0x0 obj/random.o
 .bss           0x0000000000111dd0        0x0 obj/stack.o
 *fill*         0x0000000000111dd0       0x10 
 .bss           0x0000000000111de0       0x74 obj/stdio.o
 .bss           0x0000000000111e54        0x4 obj/string.o
                0x0000000000111e54                itoa_case
 .bss           0x0000000000111e58        0x0 obj/time.o
 .bss           0x0000000000111e58        0x0 obj/util.o
 .bss           0x0000000000111e58        0x0 obj/vga.o
 COMMON         0x0000000000111e58        0x5 obj/keyboard.o
                0x0000000000111e58                listen
                0x0000000000111e5a                key
                0x0000000000111e5c                keypress
 *fill*         0x0000000000111e5d        0x3 
 COMMON         0x0000000000111e60       0x14 obj/lex.o
                0x0000000000111e60                current_directory
                0x0000000000111e64                history
LOAD obj/anicafs.o
LOAD obj/boot.o
LOAD obj/diskio.o
LOAD obj/dma.o
LOAD obj/errors.o
LOAD obj/exceptions.o
LOAD obj/ext2.o
LOAD obj/ff.o
LOAD obj/filesystem.o
LOAD obj/floppy.o
LOAD obj/idt.o
LOAD obj/interrupts.o
LOAD obj/keyboard.o
LOAD obj/lex-fs.o
LOAD obj/lex-list.o
LOAD obj/lex-term.o
LOAD obj/lex.o
LOAD obj/main.o
LOAD obj/math.o
LOAD obj/mman.o
LOAD obj/pic.o
LOAD obj/portio.o
LOAD obj/random.o
LOAD obj/stack.o
LOAD obj/stdio.o
LOAD obj/string.o
LOAD obj/throw.o
LOAD obj/time.o
LOAD obj/util.o
LOAD obj/vga.o
OUTPUT(bin/kernel-alpha elf32-i386)

.comment        0x0000000000000000       0x2b
 .comment       0x0000000000000000       0x2b obj/anicafs.o
                                         0x2c (size before relaxing)
 .comment       0x0000000000000000       0x2c obj/diskio.o
 .comment       0x0000000000000000       0x2c obj/dma.o
 .comment       0x0000000000000000       0x2c obj/errors.o
 .comment       0x0000000000000000       0x2c obj/exceptions.o
 .comment       0x0000000000000000       0x2c obj/ext2.o
 .comment       0x0000000000000000       0x2c obj/ff.o
 .comment       0x0000000000000000       0x2c obj/filesystem.o
 .comment       0x0000000000000000       0x2c obj/floppy.o
 .comment       0x0000000000000000       0x2c obj/idt.o
 .comment       0x0000000000000000       0x2c obj/keyboard.o
 .comment       0x0000000000000000       0x2c obj/lex-fs.o
 .comment       0x0000000000000000       0x2c obj/lex-list.o
 .comment       0x0000000000000000       0x2c obj/lex-term.o
 .comment       0x0000000000000000       0x2c obj/lex.o
 .comment       0x0000000000000000       0x2c obj/main.o
 .comment       0x0000000000000000       0x2c obj/math.o
 .comment       0x0000000000000000       0x2c obj/mman.o
 .comment       0x0000000000000000       0x2c obj/pic.o
 .comment       0x0000000000000000       0x2c obj/random.o
 .comment       0x0000000000000000       0x2c obj/stack.o
 .comment       0x0000000000000000       0x2c obj/stdio.o
 .comment       0x0000000000000000       0x2c obj/string.o
 .comment       0x0000000000000000       0x2c obj/time.o
 .comment       0x0000000000000000       0x2c obj/util.o
 .comment       0x0000000000000000       0x2c obj/vga.o

.note.GNU-stack
                0x0000000000000000        0x0
 .note.GNU-stack
                0x0000000000000000        0x0 obj/anicafs.o
 .note.GNU-stack
                0x0000000000000000        0x0 obj/diskio.o
 .note.GNU-stack
                0x0000000000000000        0x0 obj/dma.o
 .note.GNU-stack
                0x0000000000000000        0x0 obj/errors.o
 .note.GNU-stack
                0x0000000000000000        0x0 obj/exceptions.o
 .note.GNU-stack
                0x0000000000000000        0x0 obj/ext2.o
 .note.GNU-stack
                0x0000000000000000        0x0 obj/ff.o
 .note.GNU-stack
                0x0000000000000000        0x0 obj/filesystem.o
 .note.GNU-stack
                0x0000000000000000        0x0 obj/floppy.o
 .note.GNU-stack
                0x0000000000000000        0x0 obj/idt.o
 .note.GNU-stack
                0x0000000000000000        0x0 obj/keyboard.o
 .note.GNU-stack
                0x0000000000000000        0x0 obj/lex-fs.o
 .note.GNU-stack
                0x0000000000000000        0x0 obj/lex-list.o
 .note.GNU-stack
                0x0000000000000000        0x0 obj/lex-term.o
 .note.GNU-stack
                0x0000000000000000        0x0 obj/lex.o
 .note.GNU-stack
                0x0000000000000000        0x0 obj/main.o
 .note.GNU-stack
                0x0000000000000000        0x0 obj/math.o
 .note.GNU-stack
                0x0000000000000000        0x0 obj/mman.o
 .note.GNU-stack
                0x0000000000000000        0x0 obj/pic.o
 .note.GNU-stack
                0x0000000000000000        0x0 obj/random.o
 .note.GNU-stack
                0x0000000000000000        0x0 obj/stack.o
 .note.GNU-stack
                0x0000000000000000        0x0 obj/stdio.o
 .note.GNU-stack
                0x0000000000000000        0x0 obj/string.o
 .note.GNU-stack
                0x0000000000000000        0x0 obj/time.o
 .note.GNU-stack
                0x0000000000000000        0x0 obj/util.o
 .note.GNU-stack
                0x0000000000000000        0x0 obj/vga.o
