
Allocating common symbols
Common symbol       size              file

listen              0x1               obj/keyboard.o
key                 0x2               obj/keyboard.o
keypress            0x1               obj/keyboard.o

Memory Configuration

Name             Origin             Length             Attributes
*default*        0x0000000000000000 0xffffffffffffffff

Linker script and memory map

                0x0000000000100000                . = 0x100000

.mbh            0x0000000000100000        0xc
 *(.mbh)
 .mbh           0x0000000000100000        0xc obj/boot.o

.rodata         0x0000000000100020     0x145c
 .rodata        0x0000000000100020       0xf5 obj/anicafs.o
 .rodata        0x0000000000100115       0x30 obj/dma.o
 .rodata        0x0000000000100145       0x30 obj/errors.o
 *fill*         0x0000000000100175        0x3 
 .rodata        0x0000000000100178      0x201 obj/exceptions.o
 .rodata        0x0000000000100379       0x4c obj/ext2.o
 *fill*         0x00000000001003c5        0x1 
 .rodata        0x00000000001003c6       0x70 obj/ff.o
 .rodata        0x0000000000100436       0x6e obj/filesystem.o
 .rodata        0x00000000001004a4      0x11e obj/floppy.o
 .rodata        0x00000000001005c2       0x18 obj/keyboard.o
 *fill*         0x00000000001005da        0x2 
 .rodata        0x00000000001005dc      0x4fa obj/lex-fs.o
 *fill*         0x0000000000100ad6        0x2 
 .rodata        0x0000000000100ad8      0x324 obj/lex-list.o
 .rodata        0x0000000000100dfc       0xef obj/lex-term.o
 *fill*         0x0000000000100eeb        0x1 
 .rodata        0x0000000000100eec      0x24d obj/lex.o
 *fill*         0x0000000000101139        0x3 
 .rodata        0x000000000010113c       0x5e obj/main.o
 *fill*         0x000000000010119a        0x2 
 .rodata        0x000000000010119c       0x1e obj/mman.o
 .rodata        0x00000000001011ba        0xa obj/stack.o
 .rodata        0x00000000001011c4      0x175 obj/stdio.o
 *fill*         0x0000000000101339        0x7 
 .rodata        0x0000000000101340       0x4c obj/string.o
 .rodata        0x000000000010138c        0x4 obj/time.o
                0x000000000010138c                bios_ticks
 .rodata        0x0000000000101390       0xe5 obj/util.o
 *fill*         0x0000000000101475        0x3 
 .rodata        0x0000000000101478        0x4 obj/vga.o

.eh_frame       0x000000000010147c     0x208c
 .eh_frame      0x000000000010147c      0x290 obj/anicafs.o
 .eh_frame      0x000000000010170c      0x2a0 obj/diskio.o
                                        0x2b8 (size before relaxing)
 .eh_frame      0x00000000001019ac       0x40 obj/dma.o
                                         0x58 (size before relaxing)
 .eh_frame      0x00000000001019ec       0x40 obj/errors.o
                                         0x58 (size before relaxing)
 .eh_frame      0x0000000000101a2c       0x9c obj/exceptions.o
                                         0xb4 (size before relaxing)
 .eh_frame      0x0000000000101ac8       0x80 obj/ext2.o
                                         0x98 (size before relaxing)
 .eh_frame      0x0000000000101b48      0x5f4 obj/ff.o
                                        0x60c (size before relaxing)
 .eh_frame      0x000000000010213c      0x1c0 obj/filesystem.o
                                        0x1d8 (size before relaxing)
 .eh_frame      0x00000000001022fc      0x2d0 obj/floppy.o
                                        0x2e8 (size before relaxing)
 .eh_frame      0x00000000001025cc       0x80 obj/idt.o
                                         0x98 (size before relaxing)
 .eh_frame      0x000000000010264c       0x40 obj/keyboard.o
                                         0x58 (size before relaxing)
 .eh_frame      0x000000000010268c       0xa0 obj/lex-fs.o
                                         0xb8 (size before relaxing)
 .eh_frame      0x000000000010272c       0xf0 obj/lex-list.o
                                        0x108 (size before relaxing)
 .eh_frame      0x000000000010281c       0xa0 obj/lex-term.o
                                         0xb8 (size before relaxing)
 .eh_frame      0x00000000001028bc       0x9c obj/lex.o
                                         0xb4 (size before relaxing)
 .eh_frame      0x0000000000102958       0x60 obj/main.o
                                         0x78 (size before relaxing)
 .eh_frame      0x00000000001029b8       0x60 obj/math.o
                                         0x78 (size before relaxing)
 .eh_frame      0x0000000000102a18      0x1cc obj/mman.o
                                        0x1e4 (size before relaxing)
 .eh_frame      0x0000000000102be4       0xe8 obj/pic.o
                                        0x100 (size before relaxing)
 .eh_frame      0x0000000000102ccc       0x40 obj/random.o
                                         0x58 (size before relaxing)
 .eh_frame      0x0000000000102d0c      0x120 obj/stack.o
                                        0x138 (size before relaxing)
 .eh_frame      0x0000000000102e2c       0xc8 obj/stdio.o
                                         0xe0 (size before relaxing)
 .eh_frame      0x0000000000102ef4      0x26c obj/string.o
                                        0x284 (size before relaxing)
 .eh_frame      0x0000000000103160       0x60 obj/time.o
                                         0x78 (size before relaxing)
 .eh_frame      0x00000000001031c0       0x80 obj/util.o
                                         0x98 (size before relaxing)
 .eh_frame      0x0000000000103240      0x2c8 obj/vga.o
                                        0x2e0 (size before relaxing)

.text           0x0000000000103510     0xa736
 *(.text)
 .text          0x0000000000103510      0xdc3 obj/anicafs.o
                0x0000000000103510                anica_read_superblock
                0x0000000000103598                anica_write_superblock
                0x0000000000103638                anica_format_device
                0x00000000001036f1                anica_open_file
                0x0000000000103a65                anica_read_file
                0x0000000000103b14                anica_write_file
                0x00000000001040b4                anica_read_itable
                0x0000000000104126                anica_write_itable
 *fill*         0x00000000001042d3        0xd 
 .text          0x00000000001042e0        0xc obj/boot.o
                0x00000000001042e0                start
 .text          0x00000000001042ec      0x3b6 obj/diskio.o
                0x00000000001043c6                disk_status
                0x000000000010442d                disk_initialize
                0x0000000000104494                disk_read
                0x0000000000104558                disk_write
                0x000000000010461c                disk_ioctl
 .text          0x00000000001046a2      0x1c3 obj/dma.o
                0x00000000001046a2                dma_xfer
 .text          0x0000000000104865       0xad obj/errors.o
                0x00000000001048d7                throw
 .text          0x0000000000104912      0x1d1 obj/exceptions.o
                0x0000000000104912                exceptions_init
                0x0000000000104a7e                catch_exception
                0x0000000000104ac8                catch_zero_divide
 .text          0x0000000000104ae3      0x455 obj/ext2.o
                0x0000000000104ae3                ext2_read_superblock
                0x0000000000104b67                ext2_read_cache
                0x0000000000104e0d                ext2_block_groups
                0x0000000000104eb7                ext2_read_block
 .text          0x0000000000104f38     0x4875 obj/ff.o
                0x0000000000105314                clust2sect
                0x0000000000105349                get_fat
                0x000000000010552e                put_fat
                0x0000000000106e51                f_mount
                0x0000000000106ee7                f_open
                0x000000000010721e                f_read
                0x000000000010759f                f_write
                0x00000000001079a6                f_sync
                0x0000000000107b4b                f_close
                0x0000000000107b87                f_lseek
                0x0000000000107ee1                f_opendir
                0x0000000000107fd8                f_closedir
                0x0000000000108000                f_readdir
                0x00000000001080bc                f_stat
                0x0000000000108133                f_getfree
                0x0000000000108307                f_truncate
                0x00000000001084c4                f_unlink
                0x000000000010863c                f_mkdir
                0x0000000000108909                f_chmod
                0x00000000001089ba                f_rename
                0x0000000000108bbd                f_utime
                0x0000000000108c7c                f_mkfs
 .text          0x00000000001097ad      0x3dc obj/filesystem.o
                0x00000000001097ad                dev_to_str
                0x00000000001097bc                fs_to_str
                0x00000000001097cb                str_to_dev
                0x000000000010980c                str_to_fs
                0x000000000010984d                read_fs
                0x0000000000109964                format_device
                0x0000000000109994                mount
                0x00000000001099f7                open
                0x0000000000109a68                read
                0x0000000000109a96                write
                0x0000000000109ac7                close
                0x0000000000109ada                unmount
                0x0000000000109b19                ext2_read_sector
                0x0000000000109b51                ext2_write_sector
 .text          0x0000000000109b89      0xe08 obj/floppy.o
                0x0000000000109b89                floppy_clear_cache
                0x0000000000109c0c                floppy_sync_cache
                0x0000000000109cb7                floppy_write_block
                0x0000000000109d95                floppy_read_block
                0x0000000000109e63                floppy_handler
                0x0000000000109e7e                floppy_init
 .text          0x000000000010a991       0xe3 obj/idt.o
                0x000000000010a991                idt_add_handler
                0x000000000010a9bb                idt_add_exception
 *fill*         0x000000000010aa74        0xc 
 .text          0x000000000010aa80       0x16 obj/interrupts.o
                0x000000000010aa80                load_idt
                0x000000000010aa8a                keyboard_irq
                0x000000000010aa90                floppy_irq
 .text          0x000000000010aa96      0x160 obj/keyboard.o
                0x000000000010aa96                kb_init
                0x000000000010aaf8                keyboard_handler
 .text          0x000000000010abf6      0x6ee obj/lex-fs.o
                0x000000000010abf6                lex_manf
 .text          0x000000000010b2e4      0x3a9 obj/lex-list.o
                0x000000000010b2e4                lex_list
 .text          0x000000000010b68d      0x1c2 obj/lex-term.o
                0x000000000010b68d                lex_term
 .text          0x000000000010b84f      0x337 obj/lex.o
                0x000000000010b84f                lex_init
                0x000000000010b8f4                shell
 .text          0x000000000010bb86       0xe9 obj/main.o
                0x000000000010bb86                init
                0x000000000010bbc4                avian_main
                0x000000000010bbf8                bootscreen
 .text          0x000000000010bc6f       0x92 obj/math.o
                0x000000000010bc6f                div
                0x000000000010bca0                ldiv
                0x000000000010bcd1                pow
 .text          0x000000000010bd01      0x448 obj/mman.o
                0x000000000010bd01                ptrsize
                0x000000000010bd4f                free
                0x000000000010bd7f                _calloc
                0x000000000010bdc6                _malloc
                0x000000000010be89                _realloc
                0x000000000010bee1                mem_blocks
                0x000000000010beed                mem_used
                0x000000000010bf2a                mem_free
                0x000000000010bf3d                mem_block_info
 .text          0x000000000010c149      0x1ff obj/pic.o
                0x000000000010c149                pic_init
                0x000000000010c1ad                pic_send_eoi
                0x000000000010c1e3                pic_enable_irq
                0x000000000010c23f                pic_disable_irq
                0x000000000010c309                pic_remap
 *fill*         0x000000000010c348        0x8 
 .text          0x000000000010c350       0x10 obj/portio.o
                0x000000000010c350                inportb
                0x000000000010c356                outportb
 .text          0x000000000010c360       0x34 obj/random.o
                0x000000000010c360                rand
                0x000000000010c387                srand
 .text          0x000000000010c394      0x1a6 obj/stack.o
                0x000000000010c394                stack_str
                0x000000000010c39f                push_str
                0x000000000010c3df                new_stack
                0x000000000010c42e                delete_stack
                0x000000000010c44f                push
                0x000000000010c49c                pop
                0x000000000010c4e8                peek
                0x000000000010c516                empty
                0x000000000010c525                full
 .text          0x000000000010c53a      0x441 obj/stdio.o
                0x000000000010c610                printf
                0x000000000010c80a                getch
                0x000000000010c843                scan
 .text          0x000000000010c97b      0x866 obj/string.o
                0x000000000010c97b                split
                0x000000000010caa7                chomp
                0x000000000010cae7                new_str
                0x000000000010cc81                reverse
                0x000000000010ccf2                itoa
                0x000000000010ce8f                atoi
                0x000000000010cf13                strcat
                0x000000000010cf52                strncat
                0x000000000010cfa9                strchr
                0x000000000010cfd4                strcmp
                0x000000000010d02a                strncmp
                0x000000000010d088                strcpy
                0x000000000010d0b8                strncpy
                0x000000000010d0ef                strlen
                0x000000000010d123                memset
                0x000000000010d151                memcmp
                0x000000000010d1a1                memcpy
 *fill*         0x000000000010d1e1        0xf 
 .text          0x000000000010d1f0       0x1b obj/throw.o
                0x000000000010d1f0                throw_exception
                0x000000000010d200                throw_zero_divide
 .text          0x000000000010d20b       0x63 obj/time.o
                0x000000000010d20b                get_bios_ticks
                0x000000000010d219                usleep
                0x000000000010d255                sleep
 .text          0x000000000010d26e      0x495 obj/util.o
                0x000000000010d26e                types_test
                0x000000000010d60a                colors_test
                0x000000000010d697                trace_function
                0x000000000010d6c2                notify_progress
 .text          0x000000000010d703      0x543 obj/vga.o
                0x000000000010d703                move_cursor
                0x000000000010d794                hide_cursor
                0x000000000010d7b0                vga_tabsize
                0x000000000010d7d6                vga_increment
                0x000000000010d7ed                vga_decrement
                0x000000000010d804                vga_getcol
                0x000000000010d830                vga_getrow
                0x000000000010d84c                vga_getloc
                0x000000000010d85c                vga_setcolor
                0x000000000010d879                vga_newline
                0x000000000010d89b                vga_creturn
                0x000000000010d8bb                vga_tabchar
                0x000000000010d927                vga_movexy
                0x000000000010d971                vga_moveptr
                0x000000000010d9a1                vga_char_at
                0x000000000010d9d6                vga_clear
                0x000000000010da39                vga_clear_row
                0x000000000010da8d                vga_write
                0x000000000010dacc                addch
                0x000000000010db16                vga_color
                0x000000000010db40                printxy
                0x000000000010dba7                vga_scroll

.iplt           0x000000000010dc50        0x0
 .iplt          0x0000000000000000        0x0 obj/anicafs.o

.rel.dyn        0x000000000010dc48        0x0
 .rel.iplt      0x0000000000000000        0x0 obj/anicafs.o
 .rel.text      0x0000000000000000        0x0 obj/anicafs.o

.data           0x000000000010dc60      0x1da
 *(.data)
 .data          0x000000000010dc60        0x0 obj/anicafs.o
 .data          0x000000000010dc60        0x0 obj/diskio.o
 .data          0x000000000010dc60        0x0 obj/dma.o
 .data          0x000000000010dc60        0x0 obj/errors.o
 .data          0x000000000010dc60        0x0 obj/exceptions.o
 .data          0x000000000010dc60        0x0 obj/ext2.o
 .data          0x000000000010dc60        0x0 obj/ff.o
 .data          0x000000000010dc60       0x44 obj/filesystem.o
 .data          0x000000000010dca4        0x8 obj/floppy.o
                0x000000000010dca4                floppy_cache_state
                0x000000000010dca5                floppy_cache_value
 .data          0x000000000010dcac        0x0 obj/idt.o
 *fill*         0x000000000010dcac       0x14 
 .data          0x000000000010dcc0      0x174 obj/keyboard.o
                0x000000000010dcc0                KEYMAP
 .data          0x000000000010de34        0x0 obj/lex-fs.o
 .data          0x000000000010de34        0x0 obj/lex-list.o
 .data          0x000000000010de34        0x0 obj/lex-term.o
 .data          0x000000000010de34        0x0 obj/lex.o
 .data          0x000000000010de34        0x0 obj/main.o
 .data          0x000000000010de34        0x0 obj/math.o
 .data          0x000000000010de34        0x0 obj/mman.o
 .data          0x000000000010de34        0x0 obj/pic.o
 .data          0x000000000010de34        0x4 obj/random.o
 .data          0x000000000010de38        0x0 obj/stack.o
 .data          0x000000000010de38        0x0 obj/stdio.o
 .data          0x000000000010de38        0x1 obj/string.o
                0x000000000010de38                itoa_long
 .data          0x000000000010de39        0x0 obj/time.o
 .data          0x000000000010de39        0x0 obj/util.o
 .data          0x000000000010de39        0x1 obj/vga.o

.igot.plt       0x000000000010de3c        0x0
 .igot.plt      0x0000000000000000        0x0 obj/anicafs.o

.bss            0x000000000010de40     0x1835
 *(.bss)
 .bss           0x000000000010de40        0x0 obj/anicafs.o
 .bss           0x000000000010de40     0x1000 obj/boot.o
 .bss           0x000000000010ee40        0x0 obj/diskio.o
 .bss           0x000000000010ee40        0x0 obj/dma.o
 .bss           0x000000000010ee40        0x0 obj/errors.o
 .bss           0x000000000010ee40        0x0 obj/exceptions.o
 .bss           0x000000000010ee40        0x0 obj/ext2.o
 .bss           0x000000000010ee40        0x6 obj/ff.o
 .bss           0x000000000010ee46        0x0 obj/filesystem.o
 *fill*         0x000000000010ee46        0x2 
 .bss           0x000000000010ee48       0x18 obj/floppy.o
 .bss           0x000000000010ee60      0x800 obj/idt.o
 .bss           0x000000000010f660        0x2 obj/keyboard.o
 .bss           0x000000000010f662        0x0 obj/lex-fs.o
 .bss           0x000000000010f662        0x0 obj/lex-list.o
 .bss           0x000000000010f662        0x0 obj/lex-term.o
 *fill*         0x000000000010f662        0x2 
 .bss           0x000000000010f664        0x8 obj/lex.o
 .bss           0x000000000010f66c        0x0 obj/main.o
 .bss           0x000000000010f66c        0x0 obj/math.o
 .bss           0x000000000010f66c        0x0 obj/mman.o
 .bss           0x000000000010f66c        0x0 obj/pic.o
 .bss           0x000000000010f66c        0x0 obj/random.o
 .bss           0x000000000010f66c        0x0 obj/stack.o
 .bss           0x000000000010f66c        0x0 obj/stdio.o
 .bss           0x000000000010f66c        0x4 obj/string.o
                0x000000000010f66c                itoa_case
 .bss           0x000000000010f670        0x0 obj/time.o
 .bss           0x000000000010f670        0x0 obj/util.o
 .bss           0x000000000010f670        0x0 obj/vga.o
 COMMON         0x000000000010f670        0x5 obj/keyboard.o
                0x000000000010f670                listen
                0x000000000010f672                key
                0x000000000010f674                keypress
LOAD obj/anicafs.o
LOAD obj/boot.o
LOAD obj/diskio.o
LOAD obj/dma.o
LOAD obj/errors.o
LOAD obj/exceptions.o
LOAD obj/ext2.o
LOAD obj/ff.o
LOAD obj/filesystem.o
LOAD obj/floppy.o
LOAD obj/idt.o
LOAD obj/interrupts.o
LOAD obj/keyboard.o
LOAD obj/lex-fs.o
LOAD obj/lex-list.o
LOAD obj/lex-term.o
LOAD obj/lex.o
LOAD obj/main.o
LOAD obj/math.o
LOAD obj/mman.o
LOAD obj/pic.o
LOAD obj/portio.o
LOAD obj/random.o
LOAD obj/stack.o
LOAD obj/stdio.o
LOAD obj/string.o
LOAD obj/throw.o
LOAD obj/time.o
LOAD obj/util.o
LOAD obj/vga.o
OUTPUT(bin/kernel-alpha elf32-i386)

.comment        0x0000000000000000       0x2b
 .comment       0x0000000000000000       0x2b obj/anicafs.o
                                         0x2c (size before relaxing)
 .comment       0x0000000000000000       0x2c obj/diskio.o
 .comment       0x0000000000000000       0x2c obj/dma.o
 .comment       0x0000000000000000       0x2c obj/errors.o
 .comment       0x0000000000000000       0x2c obj/exceptions.o
 .comment       0x0000000000000000       0x2c obj/ext2.o
 .comment       0x0000000000000000       0x2c obj/ff.o
 .comment       0x0000000000000000       0x2c obj/filesystem.o
 .comment       0x0000000000000000       0x2c obj/floppy.o
 .comment       0x0000000000000000       0x2c obj/idt.o
 .comment       0x0000000000000000       0x2c obj/keyboard.o
 .comment       0x0000000000000000       0x2c obj/lex-fs.o
 .comment       0x0000000000000000       0x2c obj/lex-list.o
 .comment       0x0000000000000000       0x2c obj/lex-term.o
 .comment       0x0000000000000000       0x2c obj/lex.o
 .comment       0x0000000000000000       0x2c obj/main.o
 .comment       0x0000000000000000       0x2c obj/math.o
 .comment       0x0000000000000000       0x2c obj/mman.o
 .comment       0x0000000000000000       0x2c obj/pic.o
 .comment       0x0000000000000000       0x2c obj/random.o
 .comment       0x0000000000000000       0x2c obj/stack.o
 .comment       0x0000000000000000       0x2c obj/stdio.o
 .comment       0x0000000000000000       0x2c obj/string.o
 .comment       0x0000000000000000       0x2c obj/time.o
 .comment       0x0000000000000000       0x2c obj/util.o
 .comment       0x0000000000000000       0x2c obj/vga.o

.note.GNU-stack
                0x0000000000000000        0x0
 .note.GNU-stack
                0x0000000000000000        0x0 obj/anicafs.o
 .note.GNU-stack
                0x0000000000000000        0x0 obj/diskio.o
 .note.GNU-stack
                0x0000000000000000        0x0 obj/dma.o
 .note.GNU-stack
                0x0000000000000000        0x0 obj/errors.o
 .note.GNU-stack
                0x0000000000000000        0x0 obj/exceptions.o
 .note.GNU-stack
                0x0000000000000000        0x0 obj/ext2.o
 .note.GNU-stack
                0x0000000000000000        0x0 obj/ff.o
 .note.GNU-stack
                0x0000000000000000        0x0 obj/filesystem.o
 .note.GNU-stack
                0x0000000000000000        0x0 obj/floppy.o
 .note.GNU-stack
                0x0000000000000000        0x0 obj/idt.o
 .note.GNU-stack
                0x0000000000000000        0x0 obj/keyboard.o
 .note.GNU-stack
                0x0000000000000000        0x0 obj/lex-fs.o
 .note.GNU-stack
                0x0000000000000000        0x0 obj/lex-list.o
 .note.GNU-stack
                0x0000000000000000        0x0 obj/lex-term.o
 .note.GNU-stack
                0x0000000000000000        0x0 obj/lex.o
 .note.GNU-stack
                0x0000000000000000        0x0 obj/main.o
 .note.GNU-stack
                0x0000000000000000        0x0 obj/math.o
 .note.GNU-stack
                0x0000000000000000        0x0 obj/mman.o
 .note.GNU-stack
                0x0000000000000000        0x0 obj/pic.o
 .note.GNU-stack
                0x0000000000000000        0x0 obj/random.o
 .note.GNU-stack
                0x0000000000000000        0x0 obj/stack.o
 .note.GNU-stack
                0x0000000000000000        0x0 obj/stdio.o
 .note.GNU-stack
                0x0000000000000000        0x0 obj/string.o
 .note.GNU-stack
                0x0000000000000000        0x0 obj/time.o
 .note.GNU-stack
                0x0000000000000000        0x0 obj/util.o
 .note.GNU-stack
                0x0000000000000000        0x0 obj/vga.o
