
Allocating common symbols
Common symbol       size              file

history             0x10              obj/lex.o
listen              0x1               obj/keyboard.o
key                 0x2               obj/keyboard.o
keypress            0x1               obj/keyboard.o

Memory Configuration

Name             Origin             Length             Attributes
*default*        0x0000000000000000 0xffffffffffffffff

Linker script and memory map

                0x0000000000100000                . = 0x100000

.mbh            0x0000000000100000        0xc
 *(.mbh)
 .mbh           0x0000000000100000        0xc obj/boot.o

.rodata         0x0000000000100020     0x179c
 .rodata        0x0000000000100020      0x142 obj/anicafs.o
 .rodata        0x0000000000100162       0x30 obj/dma.o
 .rodata        0x0000000000100192       0x30 obj/errors.o
 *fill*         0x00000000001001c2        0x2 
 .rodata        0x00000000001001c4      0x201 obj/exceptions.o
 .rodata        0x00000000001003c5       0x4c obj/ext2.o
 *fill*         0x0000000000100411        0x1 
 .rodata        0x0000000000100412       0x70 obj/ff.o
 .rodata        0x0000000000100482       0x6e obj/filesystem.o
 .rodata        0x00000000001004f0      0x11e obj/floppy.o
 .rodata        0x000000000010060e       0x18 obj/keyboard.o
 *fill*         0x0000000000100626        0x2 
 .rodata        0x0000000000100628      0x785 obj/lex-fs.o
 *fill*         0x0000000000100dad        0x3 
 .rodata        0x0000000000100db0      0x324 obj/lex-list.o
 .rodata        0x00000000001010d4      0x11e obj/lex-term.o
 *fill*         0x00000000001011f2        0x2 
 .rodata        0x00000000001011f4      0x269 obj/lex.o
 *fill*         0x000000000010145d        0x3 
 .rodata        0x0000000000101460       0x5e obj/main.o
 *fill*         0x00000000001014be        0x2 
 .rodata        0x00000000001014c0       0x1e obj/mman.o
 .rodata        0x00000000001014de        0xa obj/stack.o
 .rodata        0x00000000001014e8      0x17e obj/stdio.o
 *fill*         0x0000000000101666       0x1a 
 .rodata        0x0000000000101680       0x4c obj/string.o
 .rodata        0x00000000001016cc        0x4 obj/time.o
                0x00000000001016cc                bios_ticks
 .rodata        0x00000000001016d0       0xe5 obj/util.o
 *fill*         0x00000000001017b5        0x3 
 .rodata        0x00000000001017b8        0x4 obj/vga.o

.eh_frame       0x00000000001017bc     0x233c
 .eh_frame      0x00000000001017bc      0x354 obj/anicafs.o
 .eh_frame      0x0000000000101b10      0x2a0 obj/diskio.o
                                        0x2b8 (size before relaxing)
 .eh_frame      0x0000000000101db0       0x40 obj/dma.o
                                         0x58 (size before relaxing)
 .eh_frame      0x0000000000101df0       0x40 obj/errors.o
                                         0x58 (size before relaxing)
 .eh_frame      0x0000000000101e30       0x9c obj/exceptions.o
                                         0xb4 (size before relaxing)
 .eh_frame      0x0000000000101ecc       0x80 obj/ext2.o
                                         0x98 (size before relaxing)
 .eh_frame      0x0000000000101f4c      0x5f4 obj/ff.o
                                        0x60c (size before relaxing)
 .eh_frame      0x0000000000102540      0x1c0 obj/filesystem.o
                                        0x1d8 (size before relaxing)
 .eh_frame      0x0000000000102700      0x2d0 obj/floppy.o
                                        0x2e8 (size before relaxing)
 .eh_frame      0x00000000001029d0       0x80 obj/idt.o
                                         0x98 (size before relaxing)
 .eh_frame      0x0000000000102a50       0x40 obj/keyboard.o
                                         0x58 (size before relaxing)
 .eh_frame      0x0000000000102a90      0x168 obj/lex-fs.o
                                        0x180 (size before relaxing)
 .eh_frame      0x0000000000102bf8       0xf0 obj/lex-list.o
                                        0x108 (size before relaxing)
 .eh_frame      0x0000000000102ce8       0xc0 obj/lex-term.o
                                         0xd8 (size before relaxing)
 .eh_frame      0x0000000000102da8      0x120 obj/lex.o
                                        0x138 (size before relaxing)
 .eh_frame      0x0000000000102ec8       0x60 obj/main.o
                                         0x78 (size before relaxing)
 .eh_frame      0x0000000000102f28       0x60 obj/math.o
                                         0x78 (size before relaxing)
 .eh_frame      0x0000000000102f88      0x1cc obj/mman.o
                                        0x1e4 (size before relaxing)
 .eh_frame      0x0000000000103154       0xe8 obj/pic.o
                                        0x100 (size before relaxing)
 .eh_frame      0x000000000010323c       0x40 obj/random.o
                                         0x58 (size before relaxing)
 .eh_frame      0x000000000010327c      0x120 obj/stack.o
                                        0x138 (size before relaxing)
 .eh_frame      0x000000000010339c      0x108 obj/stdio.o
                                        0x120 (size before relaxing)
 .eh_frame      0x00000000001034a4      0x26c obj/string.o
                                        0x284 (size before relaxing)
 .eh_frame      0x0000000000103710       0x60 obj/time.o
                                         0x78 (size before relaxing)
 .eh_frame      0x0000000000103770       0x80 obj/util.o
                                         0x98 (size before relaxing)
 .eh_frame      0x00000000001037f0      0x308 obj/vga.o
                                        0x320 (size before relaxing)

.text           0x0000000000103b00     0xbbe5
 *(.text)
 .text          0x0000000000103b00     0x10f4 obj/anicafs.o
                0x0000000000103b00                anica_read_superblock
                0x0000000000103b88                anica_write_superblock
                0x0000000000103c28                anica_format_device
                0x0000000000103d1e                anica_mkdir
                0x0000000000103d88                anica_list_contents
                0x0000000000103e89                anica_open_file
                0x0000000000103f64                anica_read_file
                0x000000000010401f                anica_write_file
                0x00000000001049c0                anica_read_itable
                0x0000000000104a32                anica_write_itable
 *fill*         0x0000000000104bf4        0xc 
 .text          0x0000000000104c00        0xc obj/boot.o
                0x0000000000104c00                start
 .text          0x0000000000104c0c      0x3b6 obj/diskio.o
                0x0000000000104ce6                disk_status
                0x0000000000104d4d                disk_initialize
                0x0000000000104db4                disk_read
                0x0000000000104e78                disk_write
                0x0000000000104f3c                disk_ioctl
 .text          0x0000000000104fc2      0x1c3 obj/dma.o
                0x0000000000104fc2                dma_xfer
 .text          0x0000000000105185       0xad obj/errors.o
                0x00000000001051f7                throw
 .text          0x0000000000105232      0x322 obj/exceptions.o
                0x0000000000105232                exceptions_init
                0x00000000001054ef                catch_exception
                0x0000000000105539                catch_zero_divide
 .text          0x0000000000105554      0x455 obj/ext2.o
                0x0000000000105554                ext2_read_superblock
                0x00000000001055d8                ext2_read_cache
                0x000000000010587e                ext2_block_groups
                0x0000000000105928                ext2_read_block
 .text          0x00000000001059a9     0x4875 obj/ff.o
                0x0000000000105d85                clust2sect
                0x0000000000105dba                get_fat
                0x0000000000105f9f                put_fat
                0x00000000001078c2                f_mount
                0x0000000000107958                f_open
                0x0000000000107c8f                f_read
                0x0000000000108010                f_write
                0x0000000000108417                f_sync
                0x00000000001085bc                f_close
                0x00000000001085f8                f_lseek
                0x0000000000108952                f_opendir
                0x0000000000108a49                f_closedir
                0x0000000000108a71                f_readdir
                0x0000000000108b2d                f_stat
                0x0000000000108ba4                f_getfree
                0x0000000000108d78                f_truncate
                0x0000000000108f35                f_unlink
                0x00000000001090ad                f_mkdir
                0x000000000010937a                f_chmod
                0x000000000010942b                f_rename
                0x000000000010962e                f_utime
                0x00000000001096ed                f_mkfs
 .text          0x000000000010a21e      0x3dc obj/filesystem.o
                0x000000000010a21e                dev_to_str
                0x000000000010a22d                fs_to_str
                0x000000000010a23c                str_to_dev
                0x000000000010a27d                str_to_fs
                0x000000000010a2be                read_fs
                0x000000000010a3d5                format_device
                0x000000000010a405                mount
                0x000000000010a468                open
                0x000000000010a4d9                read
                0x000000000010a507                write
                0x000000000010a538                close
                0x000000000010a54b                unmount
                0x000000000010a58a                ext2_read_sector
                0x000000000010a5c2                ext2_write_sector
 .text          0x000000000010a5fa      0xe2e obj/floppy.o
                0x000000000010a5fa                floppy_clear_cache
                0x000000000010a67d                floppy_sync_cache
                0x000000000010a728                floppy_write_block
                0x000000000010a806                floppy_read_block
                0x000000000010a8d4                floppy_handler
                0x000000000010a8ef                floppy_init
 .text          0x000000000010b428       0xdb obj/idt.o
                0x000000000010b428                idt_write_table
                0x000000000010b456                idt_add_handler
                0x000000000010b480                idt_add_exception
 *fill*         0x000000000010b503        0xd 
 .text          0x000000000010b510       0x16 obj/interrupts.o
                0x000000000010b510                load_idt
                0x000000000010b51a                keyboard_irq
                0x000000000010b520                floppy_irq
 .text          0x000000000010b526      0x160 obj/keyboard.o
                0x000000000010b526                kb_init
                0x000000000010b588                keyboard_handler
 .text          0x000000000010b686     0x104b obj/lex-fs.o
                0x000000000010b686                lex_manf
                0x000000000010b94f                lex_mkdir
 .text          0x000000000010c6d1      0x3a9 obj/lex-list.o
                0x000000000010c6d1                lex_list
 .text          0x000000000010ca7a      0x267 obj/lex-term.o
                0x000000000010ca7a                lex_term
 .text          0x000000000010cce1      0x5c8 obj/lex.o
                0x000000000010cce1                test_constructor
                0x000000000010ccf5                lex_init
                0x000000000010cdc8                shell
 .text          0x000000000010d2a9       0xee obj/main.o
                0x000000000010d2a9                init
                0x000000000010d2ec                avian_main
                0x000000000010d320                bootscreen
 .text          0x000000000010d397       0x92 obj/math.o
                0x000000000010d397                div
                0x000000000010d3c8                ldiv
                0x000000000010d3f9                pow
 .text          0x000000000010d429      0x448 obj/mman.o
                0x000000000010d429                ptrsize
                0x000000000010d477                free
                0x000000000010d4a7                _calloc
                0x000000000010d4ee                _malloc
                0x000000000010d5b1                _realloc
                0x000000000010d609                mem_blocks
                0x000000000010d615                mem_used
                0x000000000010d652                mem_free
                0x000000000010d665                mem_block_info
 .text          0x000000000010d871      0x1ff obj/pic.o
                0x000000000010d871                pic_init
                0x000000000010d8d5                pic_send_eoi
                0x000000000010d90b                pic_enable_irq
                0x000000000010d967                pic_disable_irq
                0x000000000010da31                pic_remap
 .text          0x000000000010da70       0x10 obj/portio.o
                0x000000000010da70                inportb
                0x000000000010da76                outportb
 .text          0x000000000010da80       0x34 obj/random.o
                0x000000000010da80                rand
                0x000000000010daa7                srand
 .text          0x000000000010dab4      0x1a6 obj/stack.o
                0x000000000010dab4                stack_str
                0x000000000010dabf                push_str
                0x000000000010daff                new_stack
                0x000000000010db4e                delete_stack
                0x000000000010db6f                push
                0x000000000010dbbc                pop
                0x000000000010dc08                peek
                0x000000000010dc36                empty
                0x000000000010dc45                full
 .text          0x000000000010dc5a      0x6b9 obj/stdio.o
                0x000000000010dd44                printf
                0x000000000010df3e                getch
                0x000000000010df77                register_scan_event
                0x000000000010dffe                deregister_scan_event
                0x000000000010e08b                scan
 .text          0x000000000010e313      0x866 obj/string.o
                0x000000000010e313                split
                0x000000000010e43f                chomp
                0x000000000010e47f                new_str
                0x000000000010e619                reverse
                0x000000000010e68a                itoa
                0x000000000010e827                atoi
                0x000000000010e8ab                strcat
                0x000000000010e8ea                strncat
                0x000000000010e941                strchr
                0x000000000010e96c                strcmp
                0x000000000010e9c2                strncmp
                0x000000000010ea20                strcpy
                0x000000000010ea50                strncpy
                0x000000000010ea87                strlen
                0x000000000010eabb                memset
                0x000000000010eae9                memcmp
                0x000000000010eb39                memcpy
 *fill*         0x000000000010eb79        0x7 
 .text          0x000000000010eb80       0xfe obj/throw.o
                0x000000000010eb80                throw_exception
                0x000000000010eb8e                throw_zero_divide
                0x000000000010eb99                throw_irq_0
                0x000000000010eba5                throw_irq_1
                0x000000000010ebb1                throw_irq_2
                0x000000000010ebbd                throw_irq_3
                0x000000000010ebc9                throw_irq_4
                0x000000000010ebd5                throw_irq_5
                0x000000000010ebe1                throw_irq_6
                0x000000000010ebed                throw_irq_7
                0x000000000010ebf9                throw_irq_8
                0x000000000010ec06                throw_irq_9
                0x000000000010ec12                throw_irq_10
                0x000000000010ec1e                throw_irq_11
                0x000000000010ec2a                throw_irq_12
                0x000000000010ec36                throw_irq_13
                0x000000000010ec42                throw_irq_14
                0x000000000010ec4e                throw_irq_15
                0x000000000010ec5a                throw_irq_16
                0x000000000010ec66                throw_irq_17
                0x000000000010ec72                throw_irq_18
 .text          0x000000000010ec7e       0x63 obj/time.o
                0x000000000010ec7e                get_bios_ticks
                0x000000000010ec8c                usleep
                0x000000000010ecc8                sleep
 .text          0x000000000010ece1      0x495 obj/util.o
                0x000000000010ece1                types_test
                0x000000000010f07d                colors_test
                0x000000000010f10a                trace_function
                0x000000000010f135                notify_progress
 .text          0x000000000010f176      0x56f obj/vga.o
                0x000000000010f176                move_cursor
                0x000000000010f207                hide_cursor
                0x000000000010f223                vga_tabsize
                0x000000000010f249                vga_increment
                0x000000000010f260                vga_decrement
                0x000000000010f277                vga_getcol
                0x000000000010f2a3                vga_getrow
                0x000000000010f2bf                vga_getloc
                0x000000000010f2cf                vga_setcolor
                0x000000000010f2ec                vga_newline
                0x000000000010f30e                vga_creturn
                0x000000000010f32e                vga_getcolor
                0x000000000010f33f                vga_getchar
                0x000000000010f35a                vga_tabchar
                0x000000000010f3c6                vga_movexy
                0x000000000010f410                vga_moveptr
                0x000000000010f440                vga_char_at
                0x000000000010f475                vga_clear
                0x000000000010f4d8                vga_clear_row
                0x000000000010f52c                vga_write
                0x000000000010f56b                addch
                0x000000000010f5b5                vga_color
                0x000000000010f5df                printxy
                0x000000000010f646                vga_scroll

.iplt           0x000000000010f6f0        0x0
 .iplt          0x0000000000000000        0x0 obj/anicafs.o

.rel.dyn        0x000000000010f6e8        0x0
 .rel.iplt      0x0000000000000000        0x0 obj/anicafs.o
 .rel.text      0x0000000000000000        0x0 obj/anicafs.o

.data           0x000000000010f700      0x1de
 *(.data)
 .data          0x000000000010f700        0x0 obj/anicafs.o
 .data          0x000000000010f700        0x0 obj/diskio.o
 .data          0x000000000010f700        0x0 obj/dma.o
 .data          0x000000000010f700        0x0 obj/errors.o
 .data          0x000000000010f700        0x0 obj/exceptions.o
 .data          0x000000000010f700        0x0 obj/ext2.o
 .data          0x000000000010f700        0x0 obj/ff.o
 .data          0x000000000010f700       0x44 obj/filesystem.o
 .data          0x000000000010f744        0x8 obj/floppy.o
                0x000000000010f744                floppy_cache_state
                0x000000000010f745                floppy_cache_value
 .data          0x000000000010f74c        0x0 obj/idt.o
 *fill*         0x000000000010f74c       0x14 
 .data          0x000000000010f760      0x174 obj/keyboard.o
                0x000000000010f760                KEYMAP
 .data          0x000000000010f8d4        0x0 obj/lex-fs.o
 .data          0x000000000010f8d4        0x0 obj/lex-list.o
 .data          0x000000000010f8d4        0x0 obj/lex-term.o
 .data          0x000000000010f8d4        0x0 obj/lex.o
 .data          0x000000000010f8d4        0x0 obj/main.o
 .data          0x000000000010f8d4        0x0 obj/math.o
 .data          0x000000000010f8d4        0x0 obj/mman.o
 .data          0x000000000010f8d4        0x0 obj/pic.o
 .data          0x000000000010f8d4        0x4 obj/random.o
 .data          0x000000000010f8d8        0x0 obj/stack.o
 .data          0x000000000010f8d8        0x4 obj/stdio.o
 .data          0x000000000010f8dc        0x1 obj/string.o
                0x000000000010f8dc                itoa_long
 .data          0x000000000010f8dd        0x0 obj/time.o
 .data          0x000000000010f8dd        0x0 obj/util.o
 .data          0x000000000010f8dd        0x1 obj/vga.o

.igot.plt       0x000000000010f8e0        0x0
 .igot.plt      0x0000000000000000        0x0 obj/anicafs.o

.init_array     0x000000000010f8e0        0x4
 .init_array    0x000000000010f8e0        0x4 obj/lex.o

.bss            0x000000000010f900     0x194d
 *(.bss)
 .bss           0x000000000010f900        0x0 obj/anicafs.o
 .bss           0x000000000010f900     0x1000 obj/boot.o
 .bss           0x0000000000110900        0x0 obj/diskio.o
 .bss           0x0000000000110900        0x0 obj/dma.o
 .bss           0x0000000000110900        0x0 obj/errors.o
 .bss           0x0000000000110900        0x0 obj/exceptions.o
 .bss           0x0000000000110900        0x0 obj/ext2.o
 .bss           0x0000000000110900        0x6 obj/ff.o
 .bss           0x0000000000110906        0x0 obj/filesystem.o
 *fill*         0x0000000000110906        0x2 
 .bss           0x0000000000110908       0x18 obj/floppy.o
 .bss           0x0000000000110920      0x800 obj/idt.o
 .bss           0x0000000000111120        0x2 obj/keyboard.o
 *fill*         0x0000000000111122       0x1e 
 .bss           0x0000000000111140       0x64 obj/lex-fs.o
 .bss           0x00000000001111a4        0x0 obj/lex-list.o
 .bss           0x00000000001111a4        0x0 obj/lex-term.o
 .bss           0x00000000001111a4        0x8 obj/lex.o
 .bss           0x00000000001111ac        0x0 obj/main.o
 .bss           0x00000000001111ac        0x0 obj/math.o
 .bss           0x00000000001111ac        0x0 obj/mman.o
 .bss           0x00000000001111ac        0x0 obj/pic.o
 .bss           0x00000000001111ac        0x0 obj/random.o
 .bss           0x00000000001111ac        0x0 obj/stack.o
 *fill*         0x00000000001111ac       0x14 
 .bss           0x00000000001111c0       0x74 obj/stdio.o
 .bss           0x0000000000111234        0x4 obj/string.o
                0x0000000000111234                itoa_case
 .bss           0x0000000000111238        0x0 obj/time.o
 .bss           0x0000000000111238        0x0 obj/util.o
 .bss           0x0000000000111238        0x0 obj/vga.o
 COMMON         0x0000000000111238        0x5 obj/keyboard.o
                0x0000000000111238                listen
                0x000000000011123a                key
                0x000000000011123c                keypress
 COMMON         0x000000000011123d       0x10 obj/lex.o
                0x000000000011123d                history
LOAD obj/anicafs.o
LOAD obj/boot.o
LOAD obj/diskio.o
LOAD obj/dma.o
LOAD obj/errors.o
LOAD obj/exceptions.o
LOAD obj/ext2.o
LOAD obj/ff.o
LOAD obj/filesystem.o
LOAD obj/floppy.o
LOAD obj/idt.o
LOAD obj/interrupts.o
LOAD obj/keyboard.o
LOAD obj/lex-fs.o
LOAD obj/lex-list.o
LOAD obj/lex-term.o
LOAD obj/lex.o
LOAD obj/main.o
LOAD obj/math.o
LOAD obj/mman.o
LOAD obj/pic.o
LOAD obj/portio.o
LOAD obj/random.o
LOAD obj/stack.o
LOAD obj/stdio.o
LOAD obj/string.o
LOAD obj/throw.o
LOAD obj/time.o
LOAD obj/util.o
LOAD obj/vga.o
OUTPUT(bin/kernel-alpha elf32-i386)

.comment        0x0000000000000000       0x2b
 .comment       0x0000000000000000       0x2b obj/anicafs.o
                                         0x2c (size before relaxing)
 .comment       0x0000000000000000       0x2c obj/diskio.o
 .comment       0x0000000000000000       0x2c obj/dma.o
 .comment       0x0000000000000000       0x2c obj/errors.o
 .comment       0x0000000000000000       0x2c obj/exceptions.o
 .comment       0x0000000000000000       0x2c obj/ext2.o
 .comment       0x0000000000000000       0x2c obj/ff.o
 .comment       0x0000000000000000       0x2c obj/filesystem.o
 .comment       0x0000000000000000       0x2c obj/floppy.o
 .comment       0x0000000000000000       0x2c obj/idt.o
 .comment       0x0000000000000000       0x2c obj/keyboard.o
 .comment       0x0000000000000000       0x2c obj/lex-fs.o
 .comment       0x0000000000000000       0x2c obj/lex-list.o
 .comment       0x0000000000000000       0x2c obj/lex-term.o
 .comment       0x0000000000000000       0x2c obj/lex.o
 .comment       0x0000000000000000       0x2c obj/main.o
 .comment       0x0000000000000000       0x2c obj/math.o
 .comment       0x0000000000000000       0x2c obj/mman.o
 .comment       0x0000000000000000       0x2c obj/pic.o
 .comment       0x0000000000000000       0x2c obj/random.o
 .comment       0x0000000000000000       0x2c obj/stack.o
 .comment       0x0000000000000000       0x2c obj/stdio.o
 .comment       0x0000000000000000       0x2c obj/string.o
 .comment       0x0000000000000000       0x2c obj/time.o
 .comment       0x0000000000000000       0x2c obj/util.o
 .comment       0x0000000000000000       0x2c obj/vga.o

.note.GNU-stack
                0x0000000000000000        0x0
 .note.GNU-stack
                0x0000000000000000        0x0 obj/anicafs.o
 .note.GNU-stack
                0x0000000000000000        0x0 obj/diskio.o
 .note.GNU-stack
                0x0000000000000000        0x0 obj/dma.o
 .note.GNU-stack
                0x0000000000000000        0x0 obj/errors.o
 .note.GNU-stack
                0x0000000000000000        0x0 obj/exceptions.o
 .note.GNU-stack
                0x0000000000000000        0x0 obj/ext2.o
 .note.GNU-stack
                0x0000000000000000        0x0 obj/ff.o
 .note.GNU-stack
                0x0000000000000000        0x0 obj/filesystem.o
 .note.GNU-stack
                0x0000000000000000        0x0 obj/floppy.o
 .note.GNU-stack
                0x0000000000000000        0x0 obj/idt.o
 .note.GNU-stack
                0x0000000000000000        0x0 obj/keyboard.o
 .note.GNU-stack
                0x0000000000000000        0x0 obj/lex-fs.o
 .note.GNU-stack
                0x0000000000000000        0x0 obj/lex-list.o
 .note.GNU-stack
                0x0000000000000000        0x0 obj/lex-term.o
 .note.GNU-stack
                0x0000000000000000        0x0 obj/lex.o
 .note.GNU-stack
                0x0000000000000000        0x0 obj/main.o
 .note.GNU-stack
                0x0000000000000000        0x0 obj/math.o
 .note.GNU-stack
                0x0000000000000000        0x0 obj/mman.o
 .note.GNU-stack
                0x0000000000000000        0x0 obj/pic.o
 .note.GNU-stack
                0x0000000000000000        0x0 obj/random.o
 .note.GNU-stack
                0x0000000000000000        0x0 obj/stack.o
 .note.GNU-stack
                0x0000000000000000        0x0 obj/stdio.o
 .note.GNU-stack
                0x0000000000000000        0x0 obj/string.o
 .note.GNU-stack
                0x0000000000000000        0x0 obj/time.o
 .note.GNU-stack
                0x0000000000000000        0x0 obj/util.o
 .note.GNU-stack
                0x0000000000000000        0x0 obj/vga.o
