
Allocating common symbols
Common symbol       size              file

listen              0x1               obj/keyboard.o
key                 0x2               obj/keyboard.o
keypress            0x1               obj/keyboard.o

Memory Configuration

Name             Origin             Length             Attributes
*default*        0x0000000000000000 0xffffffffffffffff

Linker script and memory map

                0x0000000000100000                . = 0x100000

.mbh            0x0000000000100000        0xc
 *(.mbh)
 .mbh           0x0000000000100000        0xc obj/boot.o

.rodata         0x0000000000100020     0x131c
 .rodata        0x0000000000100020       0xf5 obj/anicafs.o
 .rodata        0x0000000000100115       0x30 obj/dma.o
 .rodata        0x0000000000100145       0x30 obj/errors.o
 *fill*         0x0000000000100175        0x3 
 .rodata        0x0000000000100178      0x201 obj/exceptions.o
 .rodata        0x0000000000100379       0x4c obj/ext2.o
 *fill*         0x00000000001003c5        0x1 
 .rodata        0x00000000001003c6       0x70 obj/ff.o
 .rodata        0x0000000000100436       0x6e obj/filesystem.o
 .rodata        0x00000000001004a4      0x11e obj/floppy.o
 .rodata        0x00000000001005c2       0x18 obj/keyboard.o
 *fill*         0x00000000001005da        0x2 
 .rodata        0x00000000001005dc      0x3c2 obj/lex-fs.o
 *fill*         0x000000000010099e        0x2 
 .rodata        0x00000000001009a0      0x30f obj/lex-list.o
 *fill*         0x0000000000100caf        0x1 
 .rodata        0x0000000000100cb0       0xef obj/lex-term.o
 *fill*         0x0000000000100d9f        0x1 
 .rodata        0x0000000000100da0      0x24d obj/lex.o
 *fill*         0x0000000000100fed        0x3 
 .rodata        0x0000000000100ff0       0x5e obj/main.o
 *fill*         0x000000000010104e        0x2 
 .rodata        0x0000000000101050       0x1e obj/mman.o
 .rodata        0x000000000010106e        0xa obj/stack.o
 .rodata        0x0000000000101078      0x175 obj/stdio.o
 *fill*         0x00000000001011ed       0x13 
 .rodata        0x0000000000101200       0x4c obj/string.o
 .rodata        0x000000000010124c        0x4 obj/time.o
                0x000000000010124c                bios_ticks
 .rodata        0x0000000000101250       0xe5 obj/util.o
 *fill*         0x0000000000101335        0x3 
 .rodata        0x0000000000101338        0x4 obj/vga.o

.eh_frame       0x000000000010133c     0x204c
 .eh_frame      0x000000000010133c      0x280 obj/anicafs.o
 .eh_frame      0x00000000001015bc      0x2a0 obj/diskio.o
                                        0x2b8 (size before relaxing)
 .eh_frame      0x000000000010185c       0x40 obj/dma.o
                                         0x58 (size before relaxing)
 .eh_frame      0x000000000010189c       0x40 obj/errors.o
                                         0x58 (size before relaxing)
 .eh_frame      0x00000000001018dc       0x9c obj/exceptions.o
                                         0xb4 (size before relaxing)
 .eh_frame      0x0000000000101978       0x80 obj/ext2.o
                                         0x98 (size before relaxing)
 .eh_frame      0x00000000001019f8      0x5f4 obj/ff.o
                                        0x60c (size before relaxing)
 .eh_frame      0x0000000000101fec      0x1c0 obj/filesystem.o
                                        0x1d8 (size before relaxing)
 .eh_frame      0x00000000001021ac      0x2d0 obj/floppy.o
                                        0x2e8 (size before relaxing)
 .eh_frame      0x000000000010247c       0x80 obj/idt.o
                                         0x98 (size before relaxing)
 .eh_frame      0x00000000001024fc       0x40 obj/keyboard.o
                                         0x58 (size before relaxing)
 .eh_frame      0x000000000010253c       0x80 obj/lex-fs.o
                                         0x98 (size before relaxing)
 .eh_frame      0x00000000001025bc       0xe8 obj/lex-list.o
                                        0x100 (size before relaxing)
 .eh_frame      0x00000000001026a4       0xa0 obj/lex-term.o
                                         0xb8 (size before relaxing)
 .eh_frame      0x0000000000102744       0x9c obj/lex.o
                                         0xb4 (size before relaxing)
 .eh_frame      0x00000000001027e0       0x60 obj/main.o
                                         0x78 (size before relaxing)
 .eh_frame      0x0000000000102840       0x60 obj/math.o
                                         0x78 (size before relaxing)
 .eh_frame      0x00000000001028a0      0x1c4 obj/mman.o
                                        0x1dc (size before relaxing)
 .eh_frame      0x0000000000102a64       0xe8 obj/pic.o
                                        0x100 (size before relaxing)
 .eh_frame      0x0000000000102b4c       0x40 obj/random.o
                                         0x58 (size before relaxing)
 .eh_frame      0x0000000000102b8c      0x120 obj/stack.o
                                        0x138 (size before relaxing)
 .eh_frame      0x0000000000102cac       0xc8 obj/stdio.o
                                         0xe0 (size before relaxing)
 .eh_frame      0x0000000000102d74      0x26c obj/string.o
                                        0x284 (size before relaxing)
 .eh_frame      0x0000000000102fe0       0x60 obj/time.o
                                         0x78 (size before relaxing)
 .eh_frame      0x0000000000103040       0x80 obj/util.o
                                         0x98 (size before relaxing)
 .eh_frame      0x00000000001030c0      0x2c8 obj/vga.o
                                        0x2e0 (size before relaxing)

.text           0x0000000000103390     0xa401
 *(.text)
 .text          0x0000000000103390      0xd51 obj/anicafs.o
                0x0000000000103390                anica_read_superblock
                0x000000000010341b                anica_write_superblock
                0x00000000001034be                anica_format_device
                0x000000000010357a                anica_open_file
                0x0000000000103842                anica_read_file
                0x00000000001038fb                anica_write_file
                0x0000000000103eb1                anica_read_itable
                0x0000000000103f23                anica_write_itable
 *fill*         0x00000000001040e1        0xf 
 .text          0x00000000001040f0        0xc obj/boot.o
                0x00000000001040f0                start
 .text          0x00000000001040fc      0x3b6 obj/diskio.o
                0x00000000001041d6                disk_status
                0x000000000010423d                disk_initialize
                0x00000000001042a4                disk_read
                0x0000000000104368                disk_write
                0x000000000010442c                disk_ioctl
 .text          0x00000000001044b2      0x1c7 obj/dma.o
                0x00000000001044b2                dma_xfer
 .text          0x0000000000104679       0xad obj/errors.o
                0x00000000001046eb                throw
 .text          0x0000000000104726      0x1d3 obj/exceptions.o
                0x0000000000104726                exceptions_init
                0x0000000000104894                catch_exception
                0x00000000001048de                catch_zero_divide
 .text          0x00000000001048f9      0x42b obj/ext2.o
                0x00000000001048f9                ext2_read_superblock
                0x000000000010497d                ext2_read_cache
                0x0000000000104bf8                ext2_block_groups
                0x0000000000104ca2                ext2_read_block
 .text          0x0000000000104d24     0x4875 obj/ff.o
                0x0000000000105100                clust2sect
                0x0000000000105135                get_fat
                0x000000000010531a                put_fat
                0x0000000000106c3d                f_mount
                0x0000000000106cd3                f_open
                0x000000000010700a                f_read
                0x000000000010738b                f_write
                0x0000000000107792                f_sync
                0x0000000000107937                f_close
                0x0000000000107973                f_lseek
                0x0000000000107ccd                f_opendir
                0x0000000000107dc4                f_closedir
                0x0000000000107dec                f_readdir
                0x0000000000107ea8                f_stat
                0x0000000000107f1f                f_getfree
                0x00000000001080f3                f_truncate
                0x00000000001082b0                f_unlink
                0x0000000000108428                f_mkdir
                0x00000000001086f5                f_chmod
                0x00000000001087a6                f_rename
                0x00000000001089a9                f_utime
                0x0000000000108a68                f_mkfs
 .text          0x0000000000109599      0x3da obj/filesystem.o
                0x0000000000109599                dev_to_str
                0x00000000001095a8                fs_to_str
                0x00000000001095b7                str_to_dev
                0x00000000001095f9                str_to_fs
                0x000000000010963b                read_fs
                0x000000000010974e                format_device
                0x000000000010977e                mount
                0x00000000001097e1                open
                0x0000000000109852                read
                0x0000000000109880                write
                0x00000000001098b1                close
                0x00000000001098c4                unmount
                0x0000000000109903                ext2_read_sector
                0x000000000010993b                ext2_write_sector
 .text          0x0000000000109973      0xe20 obj/floppy.o
                0x0000000000109973                floppy_clear_cache
                0x00000000001099f7                floppy_sync_cache
                0x0000000000109aa3                floppy_write_block
                0x0000000000109b81                floppy_read_block
                0x0000000000109c4f                floppy_handler
                0x0000000000109c6a                floppy_init
 .text          0x000000000010a793       0xde obj/idt.o
                0x000000000010a793                idt_add_handler
                0x000000000010a7be                idt_add_exception
 *fill*         0x000000000010a871        0xf 
 .text          0x000000000010a880       0x16 obj/interrupts.o
                0x000000000010a880                load_idt
                0x000000000010a88a                keyboard_irq
                0x000000000010a890                floppy_irq
 .text          0x000000000010a896      0x154 obj/keyboard.o
                0x000000000010a896                kb_init
                0x000000000010a8f8                keyboard_handler
 .text          0x000000000010a9ea      0x4af obj/lex-fs.o
                0x000000000010a9ea                lex_manf
 .text          0x000000000010ae99      0x357 obj/lex-list.o
                0x000000000010ae99                lex_list
 .text          0x000000000010b1f0      0x1c4 obj/lex-term.o
                0x000000000010b1f0                lex_term
 .text          0x000000000010b3b4      0x33b obj/lex.o
                0x000000000010b3b4                lex_init
                0x000000000010b459                shell
 .text          0x000000000010b6ef       0xe7 obj/main.o
                0x000000000010b6ef                init
                0x000000000010b72d                avian_main
                0x000000000010b761                bootscreen
 .text          0x000000000010b7d6       0x93 obj/math.o
                0x000000000010b7d6                div
                0x000000000010b807                ldiv
                0x000000000010b838                pow
 .text          0x000000000010b869      0x417 obj/mman.o
                0x000000000010b869                ptrsize
                0x000000000010b8b8                free
                0x000000000010b8ea                _calloc
                0x000000000010b932                _malloc
                0x000000000010b9f7                _realloc
                0x000000000010ba50                mem_blocks
                0x000000000010ba5c                mem_used
                0x000000000010ba9a                mem_free
                0x000000000010baad                mem_block_info
 .text          0x000000000010bc80      0x1ff obj/pic.o
                0x000000000010bc80                pic_init
                0x000000000010bce4                pic_send_eoi
                0x000000000010bd1a                pic_enable_irq
                0x000000000010bd76                pic_disable_irq
                0x000000000010be40                pic_remap
 *fill*         0x000000000010be7f        0x1 
 .text          0x000000000010be80       0x10 obj/portio.o
                0x000000000010be80                inportb
                0x000000000010be86                outportb
 .text          0x000000000010be90       0x34 obj/random.o
                0x000000000010be90                rand
                0x000000000010beb7                srand
 .text          0x000000000010bec4      0x1b1 obj/stack.o
                0x000000000010bec4                stack_str
                0x000000000010becf                push_str
                0x000000000010bf10                new_stack
                0x000000000010bf5f                delete_stack
                0x000000000010bf80                push
                0x000000000010bfcd                pop
                0x000000000010c01d                peek
                0x000000000010c051                empty
                0x000000000010c060                full
 .text          0x000000000010c075      0x43d obj/stdio.o
                0x000000000010c14c                printf
                0x000000000010c347                getch
                0x000000000010c381                scan
 .text          0x000000000010c4b2      0x882 obj/string.o
                0x000000000010c4b2                split
                0x000000000010c5e1                chomp
                0x000000000010c622                new_str
                0x000000000010c7bd                reverse
                0x000000000010c832                itoa
                0x000000000010c9d2                atoi
                0x000000000010ca59                strcat
                0x000000000010ca99                strncat
                0x000000000010caf2                strchr
                0x000000000010cb1e                strcmp
                0x000000000010cb74                strncmp
                0x000000000010cbd3                strcpy
                0x000000000010cc03                strncpy
                0x000000000010cc3d                strlen
                0x000000000010cc72                memset
                0x000000000010cca0                memcmp
                0x000000000010ccf3                memcpy
 *fill*         0x000000000010cd34        0xc 
 .text          0x000000000010cd40       0x1b obj/throw.o
                0x000000000010cd40                throw_exception
                0x000000000010cd50                throw_zero_divide
 .text          0x000000000010cd5b       0x63 obj/time.o
                0x000000000010cd5b                get_bios_ticks
                0x000000000010cd68                usleep
                0x000000000010cda5                sleep
 .text          0x000000000010cdbe      0x496 obj/util.o
                0x000000000010cdbe                types_test
                0x000000000010d15a                colors_test
                0x000000000010d1e8                trace_function
                0x000000000010d213                notify_progress
 .text          0x000000000010d254      0x53d obj/vga.o
                0x000000000010d254                move_cursor
                0x000000000010d2dc                hide_cursor
                0x000000000010d2f8                vga_tabsize
                0x000000000010d31e                vga_increment
                0x000000000010d337                vga_decrement
                0x000000000010d350                vga_getcol
                0x000000000010d37c                vga_getrow
                0x000000000010d398                vga_getloc
                0x000000000010d3a8                vga_setcolor
                0x000000000010d3c5                vga_newline
                0x000000000010d3e8                vga_creturn
                0x000000000010d408                vga_tabchar
                0x000000000010d475                vga_movexy
                0x000000000010d4b8                vga_moveptr
                0x000000000010d4e5                vga_char_at
                0x000000000010d51a                vga_clear
                0x000000000010d57e                vga_clear_row
                0x000000000010d5d3                vga_write
                0x000000000010d612                addch
                0x000000000010d65c                vga_color
                0x000000000010d686                printxy
                0x000000000010d6ee                vga_scroll

.iplt           0x000000000010d7a0        0x0
 .iplt          0x0000000000000000        0x0 obj/anicafs.o

.rel.dyn        0x000000000010d794        0x0
 .rel.iplt      0x0000000000000000        0x0 obj/anicafs.o
 .rel.text      0x0000000000000000        0x0 obj/anicafs.o

.data           0x000000000010d7a0      0x1da
 *(.data)
 .data          0x000000000010d7a0        0x0 obj/anicafs.o
 .data          0x000000000010d7a0        0x0 obj/diskio.o
 .data          0x000000000010d7a0        0x0 obj/dma.o
 .data          0x000000000010d7a0        0x0 obj/errors.o
 .data          0x000000000010d7a0        0x0 obj/exceptions.o
 .data          0x000000000010d7a0        0x0 obj/ext2.o
 .data          0x000000000010d7a0        0x0 obj/ff.o
 .data          0x000000000010d7a0       0x44 obj/filesystem.o
 .data          0x000000000010d7e4        0x8 obj/floppy.o
                0x000000000010d7e4                floppy_cache_state
                0x000000000010d7e5                floppy_cache_value
 .data          0x000000000010d7ec        0x0 obj/idt.o
 *fill*         0x000000000010d7ec       0x14 
 .data          0x000000000010d800      0x174 obj/keyboard.o
                0x000000000010d800                KEYMAP
 .data          0x000000000010d974        0x0 obj/lex-fs.o
 .data          0x000000000010d974        0x0 obj/lex-list.o
 .data          0x000000000010d974        0x0 obj/lex-term.o
 .data          0x000000000010d974        0x0 obj/lex.o
 .data          0x000000000010d974        0x0 obj/main.o
 .data          0x000000000010d974        0x0 obj/math.o
 .data          0x000000000010d974        0x0 obj/mman.o
 .data          0x000000000010d974        0x0 obj/pic.o
 .data          0x000000000010d974        0x4 obj/random.o
 .data          0x000000000010d978        0x0 obj/stack.o
 .data          0x000000000010d978        0x0 obj/stdio.o
 .data          0x000000000010d978        0x1 obj/string.o
                0x000000000010d978                itoa_long
 .data          0x000000000010d979        0x0 obj/time.o
 .data          0x000000000010d979        0x0 obj/util.o
 .data          0x000000000010d979        0x1 obj/vga.o

.igot.plt       0x000000000010d97c        0x0
 .igot.plt      0x0000000000000000        0x0 obj/anicafs.o

.bss            0x000000000010d980     0x2835
 *(.bss)
 .bss           0x000000000010d980        0x0 obj/anicafs.o
 .bss           0x000000000010d980     0x2000 obj/boot.o
 .bss           0x000000000010f980        0x0 obj/diskio.o
 .bss           0x000000000010f980        0x0 obj/dma.o
 .bss           0x000000000010f980        0x0 obj/errors.o
 .bss           0x000000000010f980        0x0 obj/exceptions.o
 .bss           0x000000000010f980        0x0 obj/ext2.o
 .bss           0x000000000010f980        0x6 obj/ff.o
 .bss           0x000000000010f986        0x0 obj/filesystem.o
 *fill*         0x000000000010f986        0x2 
 .bss           0x000000000010f988       0x18 obj/floppy.o
 .bss           0x000000000010f9a0      0x800 obj/idt.o
 .bss           0x00000000001101a0        0x2 obj/keyboard.o
 .bss           0x00000000001101a2        0x0 obj/lex-fs.o
 .bss           0x00000000001101a2        0x0 obj/lex-list.o
 .bss           0x00000000001101a2        0x0 obj/lex-term.o
 *fill*         0x00000000001101a2        0x2 
 .bss           0x00000000001101a4        0x8 obj/lex.o
 .bss           0x00000000001101ac        0x0 obj/main.o
 .bss           0x00000000001101ac        0x0 obj/math.o
 .bss           0x00000000001101ac        0x0 obj/mman.o
 .bss           0x00000000001101ac        0x0 obj/pic.o
 .bss           0x00000000001101ac        0x0 obj/random.o
 .bss           0x00000000001101ac        0x0 obj/stack.o
 .bss           0x00000000001101ac        0x0 obj/stdio.o
 .bss           0x00000000001101ac        0x4 obj/string.o
                0x00000000001101ac                itoa_case
 .bss           0x00000000001101b0        0x0 obj/time.o
 .bss           0x00000000001101b0        0x0 obj/util.o
 .bss           0x00000000001101b0        0x0 obj/vga.o
 COMMON         0x00000000001101b0        0x5 obj/keyboard.o
                0x00000000001101b0                listen
                0x00000000001101b2                key
                0x00000000001101b4                keypress
LOAD obj/anicafs.o
LOAD obj/boot.o
LOAD obj/diskio.o
LOAD obj/dma.o
LOAD obj/errors.o
LOAD obj/exceptions.o
LOAD obj/ext2.o
LOAD obj/ff.o
LOAD obj/filesystem.o
LOAD obj/floppy.o
LOAD obj/idt.o
LOAD obj/interrupts.o
LOAD obj/keyboard.o
LOAD obj/lex-fs.o
LOAD obj/lex-list.o
LOAD obj/lex-term.o
LOAD obj/lex.o
LOAD obj/main.o
LOAD obj/math.o
LOAD obj/mman.o
LOAD obj/pic.o
LOAD obj/portio.o
LOAD obj/random.o
LOAD obj/stack.o
LOAD obj/stdio.o
LOAD obj/string.o
LOAD obj/throw.o
LOAD obj/time.o
LOAD obj/util.o
LOAD obj/vga.o
OUTPUT(bin/kernel-alpha elf32-i386)

.comment        0x0000000000000000       0x2b
 .comment       0x0000000000000000       0x2b obj/anicafs.o
                                         0x2c (size before relaxing)
 .comment       0x0000000000000000       0x2c obj/diskio.o
 .comment       0x0000000000000000       0x2c obj/dma.o
 .comment       0x0000000000000000       0x2c obj/errors.o
 .comment       0x0000000000000000       0x2c obj/exceptions.o
 .comment       0x0000000000000000       0x2c obj/ext2.o
 .comment       0x0000000000000000       0x2c obj/ff.o
 .comment       0x0000000000000000       0x2c obj/filesystem.o
 .comment       0x0000000000000000       0x2c obj/floppy.o
 .comment       0x0000000000000000       0x2c obj/idt.o
 .comment       0x0000000000000000       0x2c obj/keyboard.o
 .comment       0x0000000000000000       0x2c obj/lex-fs.o
 .comment       0x0000000000000000       0x2c obj/lex-list.o
 .comment       0x0000000000000000       0x2c obj/lex-term.o
 .comment       0x0000000000000000       0x2c obj/lex.o
 .comment       0x0000000000000000       0x2c obj/main.o
 .comment       0x0000000000000000       0x2c obj/math.o
 .comment       0x0000000000000000       0x2c obj/mman.o
 .comment       0x0000000000000000       0x2c obj/pic.o
 .comment       0x0000000000000000       0x2c obj/random.o
 .comment       0x0000000000000000       0x2c obj/stack.o
 .comment       0x0000000000000000       0x2c obj/stdio.o
 .comment       0x0000000000000000       0x2c obj/string.o
 .comment       0x0000000000000000       0x2c obj/time.o
 .comment       0x0000000000000000       0x2c obj/util.o
 .comment       0x0000000000000000       0x2c obj/vga.o

.note.GNU-stack
                0x0000000000000000        0x0
 .note.GNU-stack
                0x0000000000000000        0x0 obj/anicafs.o
 .note.GNU-stack
                0x0000000000000000        0x0 obj/diskio.o
 .note.GNU-stack
                0x0000000000000000        0x0 obj/dma.o
 .note.GNU-stack
                0x0000000000000000        0x0 obj/errors.o
 .note.GNU-stack
                0x0000000000000000        0x0 obj/exceptions.o
 .note.GNU-stack
                0x0000000000000000        0x0 obj/ext2.o
 .note.GNU-stack
                0x0000000000000000        0x0 obj/ff.o
 .note.GNU-stack
                0x0000000000000000        0x0 obj/filesystem.o
 .note.GNU-stack
                0x0000000000000000        0x0 obj/floppy.o
 .note.GNU-stack
                0x0000000000000000        0x0 obj/idt.o
 .note.GNU-stack
                0x0000000000000000        0x0 obj/keyboard.o
 .note.GNU-stack
                0x0000000000000000        0x0 obj/lex-fs.o
 .note.GNU-stack
                0x0000000000000000        0x0 obj/lex-list.o
 .note.GNU-stack
                0x0000000000000000        0x0 obj/lex-term.o
 .note.GNU-stack
                0x0000000000000000        0x0 obj/lex.o
 .note.GNU-stack
                0x0000000000000000        0x0 obj/main.o
 .note.GNU-stack
                0x0000000000000000        0x0 obj/math.o
 .note.GNU-stack
                0x0000000000000000        0x0 obj/mman.o
 .note.GNU-stack
                0x0000000000000000        0x0 obj/pic.o
 .note.GNU-stack
                0x0000000000000000        0x0 obj/random.o
 .note.GNU-stack
                0x0000000000000000        0x0 obj/stack.o
 .note.GNU-stack
                0x0000000000000000        0x0 obj/stdio.o
 .note.GNU-stack
                0x0000000000000000        0x0 obj/string.o
 .note.GNU-stack
                0x0000000000000000        0x0 obj/time.o
 .note.GNU-stack
                0x0000000000000000        0x0 obj/util.o
 .note.GNU-stack
                0x0000000000000000        0x0 obj/vga.o
